# candidate T19 Change 4 -- CACHED transformed A
#   PolyMatrix::prepare forward-transforms every entry once;
#   PreparedMatrix::apply then does pointwise MAC only, so the left
#   operand's twist+forward vanish: 7168 modular multiplies per term
#   per prime against the fused dot's 13312 and the unfused 21528.
#   generate_decomps prepares A above the block loop -- 192 MiB once,
#   independent of BLOCKS -- and applies it to every message block.
# NOT wired into mat_vec_mul: the store is rows*cols*24 KiB, which is
#   192 MiB for A (1x8192) but 4.8 GiB for rlin_stmt's M (5x40976).
# The commit/generate_decomps row is NEW: its exclusion said 'until a
#   sub-quadratic ring::mul lands', which the NTT and the fused dot
#   both satisfy. blocks=4, samples=10 -- run 1 at blocks=1 read +15.5%, which is the non-amortized case by construction.
# quiet: idle=99%
# started 2026-09-17T14:56:23+02:00 at load 0.56 0.99 1.15 1/2508 1171697
==> genesis intact: 361 frozen item(s) verified against git
==> candidate slot: filled by the loop -- not checked under CANDIDATE=1; the report fingerprints it
==> coverage: 156 mirrored item(s), 82 benched, 74 excluded by name, 0 UNACCOUNTED FOR  (+5 non-mirrored item(s) benched as well)
   Compiling hachi-candidate v0.0.0 (/home/pablo/Documents/internship-eth/AeneasArklib/hachi/benches/candidate)
   Compiling hachi v0.1.0 (/home/pablo/Documents/internship-eth/AeneasArklib/hachi)
warning: unused variable: `seed`
   --> benches/quadeval.rs:83:32
    |
 83 |             fn short_challenge(seed: u64, weight: u64, mag: u64) -> Rq {
    |                                ^^^^
...
430 | define_cases!(now, hachi);
    | ------------------------- in this macro invocation
    |
help: `seed` is captured in macro and introduced a unused variable
   --> benches/quadeval.rs:83:32
    |
 83 |             fn short_challenge(seed: u64, weight: u64, mag: u64) -> Rq {
    |                                ^^^^
...
430 | define_cases!(now, hachi);
    | ------------------------- in this macro invocation
    = note: `#[warn(unused_variables)]` (part of `#[warn(unused)]`) on by default
    = note: this warning originates in the macro `define_cases` (in Nightly builds, run with -Z macro-backtrace for more info)

warning: unused variable: `seed`
   --> benches/quadeval.rs:83:32
    |
 83 |             fn short_challenge(seed: u64, weight: u64, mag: u64) -> Rq {
    |                                ^^^^
...
431 | define_cases!(genesis, hachi_genesis);
    | ------------------------------------- in this macro invocation
    |
help: `seed` is captured in macro and introduced a unused variable
   --> benches/quadeval.rs:83:32
    |
 83 |             fn short_challenge(seed: u64, weight: u64, mag: u64) -> Rq {
    |                                ^^^^
...
431 | define_cases!(genesis, hachi_genesis);
    | ------------------------------------- in this macro invocation
    = note: this warning originates in the macro `define_cases` (in Nightly builds, run with -Z macro-backtrace for more info)

warning: unused variable: `seed`
   --> benches/quadeval.rs:83:32
    |
 83 |             fn short_challenge(seed: u64, weight: u64, mag: u64) -> Rq {
    |                                ^^^^
...
433 | define_cases!(candidate, hachi_candidate);
    | ----------------------------------------- in this macro invocation
    |
help: `seed` is captured in macro and introduced a unused variable
   --> benches/quadeval.rs:83:32
    |
 83 |             fn short_challenge(seed: u64, weight: u64, mag: u64) -> Rq {
    |                                ^^^^
...
433 | define_cases!(candidate, hachi_candidate);
    | ----------------------------------------- in this macro invocation
    = note: this warning originates in the macro `define_cases` (in Nightly builds, run with -Z macro-backtrace for more info)

warning: `hachi` (bench "quadeval") generated 3 warnings
    Finished `bench` profile [optimized] target(s) in 25.84s
     Running benches/commit.rs (target/release/deps/commit-e501a9e003cee570)
Benchmarking _control/commit/now/8192
Benchmarking _control/commit/now/8192: Warming up for 1.0000 s
Benchmarking _control/commit/now/8192: Collecting 50 samples in estimated 10.019 s (300 iterations)
Benchmarking _control/commit/now/8192: Analyzing
_control/commit/now/8192
                        time:   [33.946 ms 34.079 ms 34.208 ms]
                        change: [−0.5804% −0.1488% +0.2677%] (p = 0.50 > 0.05)
                        No change in performance detected.
Found 1 outliers among 50 measurements (2.00%)
  1 (2.00%) low mild
Benchmarking _control/commit/candidate/8192
Benchmarking _control/commit/candidate/8192: Warming up for 1.0000 s
Benchmarking _control/commit/candidate/8192: Collecting 50 samples in estimated 10.200 s (300 iterations)
Benchmarking _control/commit/candidate/8192: Analyzing
_control/commit/candidate/8192
                        time:   [34.328 ms 34.415 ms 34.506 ms]
                        change: [+0.5172% +0.8429% +1.1589%] (p = 0.00 < 0.05)
                        Change within noise threshold.
Found 2 outliers among 50 measurements (4.00%)
  1 (2.00%) low mild
  1 (2.00%) high severe
Benchmarking _control/commit/genesis/8192
Benchmarking _control/commit/genesis/8192: Warming up for 1.0000 s
Benchmarking _control/commit/genesis/8192: Collecting 50 samples in estimated 10.328 s (300 iterations)
Benchmarking _control/commit/genesis/8192: Analyzing
_control/commit/genesis/8192
                        time:   [34.191 ms 34.259 ms 34.330 ms]
                        change: [−0.1878% +0.1784% +0.5325%] (p = 0.33 > 0.05)
                        No change in performance detected.

Benchmarking commit/generate_decomps/now/4
Benchmarking commit/generate_decomps/now/4: Warming up for 1.0000 s

Warning: Unable to complete 10 samples in 10.0s. You may wish to increase target time to 52.8s.
Benchmarking commit/generate_decomps/now/4: Collecting 10 samples in estimated 52.799 s (10 iterations)
Benchmarking commit/generate_decomps/now/4: Analyzing
commit/generate_decomps/now/4
                        time:   [5.2953 s 5.3045 s 5.3133 s]
Benchmarking commit/generate_decomps/candidate/4
Benchmarking commit/generate_decomps/candidate/4: Warming up for 1.0000 s

Warning: Unable to complete 10 samples in 10.0s. You may wish to increase target time to 38.6s.
Benchmarking commit/generate_decomps/candidate/4: Collecting 10 samples in estimated 38.601 s (10 iterations)
Benchmarking commit/generate_decomps/candidate/4: Analyzing
commit/generate_decomps/candidate/4
                        time:   [3.8739 s 3.8768 s 3.8793 s]
Found 1 outliers among 10 measurements (10.00%)
  1 (10.00%) low mild
Benchmarking commit/generate_decomps/genesis/4
Benchmarking commit/generate_decomps/genesis/4: Warming up for 1.0000 s

Warning: Unable to complete 10 samples in 10.0s. You may wish to increase target time to 395.0s.
Benchmarking commit/generate_decomps/genesis/4: Collecting 10 samples in estimated 395.04 s (10 iterations)
Benchmarking commit/generate_decomps/genesis/4: Analyzing
commit/generate_decomps/genesis/4
                        time:   [39.482 s 39.523 s 39.565 s]

     Running benches/endpiece.rs (target/release/deps/endpiece-4dcb3a08d8a0c99f)
Benchmarking _control/endpiece/now/8192
Benchmarking _control/endpiece/now/8192: Warming up for 1.0000 s
Benchmarking _control/endpiece/now/8192: Collecting 50 samples in estimated 10.136 s (300 iterations)
Benchmarking _control/endpiece/now/8192: Analyzing
_control/endpiece/now/8192
                        time:   [33.662 ms 33.714 ms 33.768 ms]
                        change: [+1.3638% +1.7592% +2.1442%] (p = 0.00 < 0.05)
                        Change within noise threshold.
Found 1 outliers among 50 measurements (2.00%)
  1 (2.00%) high mild
Benchmarking _control/endpiece/candidate/8192
Benchmarking _control/endpiece/candidate/8192: Warming up for 1.0000 s
Benchmarking _control/endpiece/candidate/8192: Collecting 50 samples in estimated 10.170 s (300 iterations)
Benchmarking _control/endpiece/candidate/8192: Analyzing
_control/endpiece/candidate/8192
                        time:   [33.681 ms 33.757 ms 33.834 ms]
                        change: [+0.1025% +0.3942% +0.6793%] (p = 0.01 < 0.05)
                        Change within noise threshold.
Found 3 outliers among 50 measurements (6.00%)
  1 (2.00%) low mild
  2 (4.00%) high mild
Benchmarking _control/endpiece/genesis/8192
Benchmarking _control/endpiece/genesis/8192: Warming up for 1.0000 s
Benchmarking _control/endpiece/genesis/8192: Collecting 50 samples in estimated 10.198 s (300 iterations)
Benchmarking _control/endpiece/genesis/8192: Analyzing
_control/endpiece/genesis/8192
                        time:   [33.773 ms 33.867 ms 33.975 ms]
                        change: [−0.5145% −0.1676% +0.2163%] (p = 0.40 > 0.05)
                        No change in performance detected.
Found 2 outliers among 50 measurements (4.00%)
  1 (2.00%) high mild
  1 (2.00%) high severe

     Running benches/evalsplit.rs (target/release/deps/evalsplit-849edf7de0e73e22)
Benchmarking _control/evalsplit/now/8192
Benchmarking _control/evalsplit/now/8192: Warming up for 1.0000 s
Benchmarking _control/evalsplit/now/8192: Collecting 100 samples in estimated 6.7219 s (200 iterations)
Benchmarking _control/evalsplit/now/8192: Analyzing
_control/evalsplit/now/8192
                        time:   [33.759 ms 33.798 ms 33.843 ms]
                        change: [−1.2896% −0.9229% −0.5832%] (p = 0.00 < 0.05)
                        Change within noise threshold.
Found 2 outliers among 100 measurements (2.00%)
  1 (1.00%) high mild
  1 (1.00%) high severe
Benchmarking _control/evalsplit/candidate/8192
Benchmarking _control/evalsplit/candidate/8192: Warming up for 1.0000 s
Benchmarking _control/evalsplit/candidate/8192: Collecting 100 samples in estimated 6.7839 s (200 iterations)
Benchmarking _control/evalsplit/candidate/8192: Analyzing
_control/evalsplit/candidate/8192
                        time:   [33.948 ms 33.993 ms 34.042 ms]
                        change: [−0.7417% −0.3504% +0.0624%] (p = 0.09 > 0.05)
                        No change in performance detected.
Found 4 outliers among 100 measurements (4.00%)
  3 (3.00%) high mild
  1 (1.00%) high severe
Benchmarking _control/evalsplit/genesis/8192
Benchmarking _control/evalsplit/genesis/8192: Warming up for 1.0000 s
Benchmarking _control/evalsplit/genesis/8192: Collecting 100 samples in estimated 6.7703 s (200 iterations)
Benchmarking _control/evalsplit/genesis/8192: Analyzing
_control/evalsplit/genesis/8192
                        time:   [34.055 ms 34.103 ms 34.160 ms]
                        change: [−1.1907% −0.9955% −0.7995%] (p = 0.00 < 0.05)
                        Change within noise threshold.
Found 5 outliers among 100 measurements (5.00%)
  1 (1.00%) low mild
  3 (3.00%) high mild
  1 (1.00%) high severe

     Running benches/gadget.rs (target/release/deps/gadget-cb0d6b60767a96a9)
Benchmarking _control/gadget/now/8192
Benchmarking _control/gadget/now/8192: Warming up for 1.0000 s
Benchmarking _control/gadget/now/8192: Collecting 100 samples in estimated 6.8048 s (200 iterations)
Benchmarking _control/gadget/now/8192: Analyzing
_control/gadget/now/8192
                        time:   [33.813 ms 33.866 ms 33.918 ms]
                        change: [−0.2434% +0.0063% +0.2589%] (p = 0.96 > 0.05)
                        No change in performance detected.
Found 16 outliers among 100 measurements (16.00%)
  10 (10.00%) low mild
  4 (4.00%) high mild
  2 (2.00%) high severe
Benchmarking _control/gadget/candidate/8192
Benchmarking _control/gadget/candidate/8192: Warming up for 1.0000 s
Benchmarking _control/gadget/candidate/8192: Collecting 100 samples in estimated 6.8275 s (200 iterations)
Benchmarking _control/gadget/candidate/8192: Analyzing
_control/gadget/candidate/8192
                        time:   [33.965 ms 34.020 ms 34.077 ms]
                        change: [−0.4749% −0.1518% +0.1618%] (p = 0.35 > 0.05)
                        No change in performance detected.
Found 3 outliers among 100 measurements (3.00%)
  2 (2.00%) high mild
  1 (1.00%) high severe
Benchmarking _control/gadget/genesis/8192
Benchmarking _control/gadget/genesis/8192: Warming up for 1.0000 s
Benchmarking _control/gadget/genesis/8192: Collecting 100 samples in estimated 6.7237 s (200 iterations)
Benchmarking _control/gadget/genesis/8192: Analyzing
_control/gadget/genesis/8192
                        time:   [33.676 ms 33.729 ms 33.785 ms]
                        change: [−0.6620% −0.3868% −0.1316%] (p = 0.00 < 0.05)
                        Change within noise threshold.
Found 3 outliers among 100 measurements (3.00%)
  3 (3.00%) high mild

     Running benches/linalg.rs (target/release/deps/linalg-e127a11bb53a82b9)
Benchmarking _control/linalg/now/8192
Benchmarking _control/linalg/now/8192: Warming up for 1.0000 s
Benchmarking _control/linalg/now/8192: Collecting 100 samples in estimated 6.8715 s (200 iterations)
Benchmarking _control/linalg/now/8192: Analyzing
_control/linalg/now/8192
                        time:   [34.090 ms 34.160 ms 34.232 ms]
                        change: [−0.4723% −0.2115% +0.0611%] (p = 0.12 > 0.05)
                        No change in performance detected.
Found 3 outliers among 100 measurements (3.00%)
  3 (3.00%) high mild
Benchmarking _control/linalg/candidate/8192
Benchmarking _control/linalg/candidate/8192: Warming up for 1.0000 s
Benchmarking _control/linalg/candidate/8192: Collecting 100 samples in estimated 6.8998 s (200 iterations)
Benchmarking _control/linalg/candidate/8192: Analyzing
_control/linalg/candidate/8192
                        time:   [34.495 ms 34.562 ms 34.635 ms]
                        change: [−0.0255% +0.2887% +0.5957%] (p = 0.08 > 0.05)
                        No change in performance detected.
Found 11 outliers among 100 measurements (11.00%)
  5 (5.00%) low mild
  4 (4.00%) high mild
  2 (2.00%) high severe
Benchmarking _control/linalg/genesis/8192
Benchmarking _control/linalg/genesis/8192: Warming up for 1.0000 s
Benchmarking _control/linalg/genesis/8192: Collecting 100 samples in estimated 6.8882 s (200 iterations)
Benchmarking _control/linalg/genesis/8192: Analyzing
_control/linalg/genesis/8192
                        time:   [34.395 ms 34.477 ms 34.572 ms]
                        change: [+0.5003% +0.8154% +1.1559%] (p = 0.00 < 0.05)
                        Change within noise threshold.
Found 4 outliers among 100 measurements (4.00%)
  2 (2.00%) high mild
  2 (2.00%) high severe

     Running benches/quadeval.rs (target/release/deps/quadeval-d1cd6e42de772a27)
Benchmarking _control/quadeval/now/8192
Benchmarking _control/quadeval/now/8192: Warming up for 1.0000 s
Benchmarking _control/quadeval/now/8192: Collecting 100 samples in estimated 6.7700 s (200 iterations)
Benchmarking _control/quadeval/now/8192: Analyzing
_control/quadeval/now/8192
                        time:   [33.909 ms 33.948 ms 33.987 ms]
                        change: [+0.7168% +0.9720% +1.2107%] (p = 0.00 < 0.05)
                        Change within noise threshold.
Found 8 outliers among 100 measurements (8.00%)
  4 (4.00%) low mild
  3 (3.00%) high mild
  1 (1.00%) high severe
Benchmarking _control/quadeval/candidate/8192
Benchmarking _control/quadeval/candidate/8192: Warming up for 1.0000 s
Benchmarking _control/quadeval/candidate/8192: Collecting 100 samples in estimated 6.8204 s (200 iterations)
Benchmarking _control/quadeval/candidate/8192: Analyzing
_control/quadeval/candidate/8192
                        time:   [34.109 ms 34.149 ms 34.193 ms]
                        change: [−0.2290% −0.0707% +0.0992%] (p = 0.41 > 0.05)
                        No change in performance detected.
Found 6 outliers among 100 measurements (6.00%)
  5 (5.00%) high mild
  1 (1.00%) high severe
Benchmarking _control/quadeval/genesis/8192
Benchmarking _control/quadeval/genesis/8192: Warming up for 1.0000 s
Benchmarking _control/quadeval/genesis/8192: Collecting 100 samples in estimated 6.8494 s (200 iterations)
Benchmarking _control/quadeval/genesis/8192: Analyzing
_control/quadeval/genesis/8192
                        time:   [34.445 ms 34.485 ms 34.528 ms]
                        change: [−0.3677% −0.1748% +0.0107%] (p = 0.06 > 0.05)
                        No change in performance detected.
Found 6 outliers among 100 measurements (6.00%)
  2 (2.00%) low mild
  3 (3.00%) high mild
  1 (1.00%) high severe

     Running benches/ring.rs (target/release/deps/ring-cb059cc8e6ccdb85)
Benchmarking _control/ring/now/8192
Benchmarking _control/ring/now/8192: Warming up for 1.0000 s
Benchmarking _control/ring/now/8192: Collecting 100 samples in estimated 6.7735 s (200 iterations)
Benchmarking _control/ring/now/8192: Analyzing
_control/ring/now/8192  time:   [33.918 ms 33.958 ms 33.999 ms]
                        change: [+0.2864% +0.4722% +0.6643%] (p = 0.00 < 0.05)
                        Change within noise threshold.
Found 4 outliers among 100 measurements (4.00%)
  3 (3.00%) low mild
  1 (1.00%) high mild
Benchmarking _control/ring/candidate/8192
Benchmarking _control/ring/candidate/8192: Warming up for 1.0000 s
Benchmarking _control/ring/candidate/8192: Collecting 100 samples in estimated 6.8233 s (200 iterations)
Benchmarking _control/ring/candidate/8192: Analyzing
_control/ring/candidate/8192
                        time:   [34.121 ms 34.173 ms 34.225 ms]
                        change: [−0.7964% −0.5875% −0.3670%] (p = 0.00 < 0.05)
                        Change within noise threshold.
Found 2 outliers among 100 measurements (2.00%)
  1 (1.00%) low mild
  1 (1.00%) high mild
Benchmarking _control/ring/genesis/8192
Benchmarking _control/ring/genesis/8192: Warming up for 1.0000 s
Benchmarking _control/ring/genesis/8192: Collecting 100 samples in estimated 7.0093 s (200 iterations)
Benchmarking _control/ring/genesis/8192: Analyzing
_control/ring/genesis/8192
                        time:   [35.032 ms 35.078 ms 35.127 ms]
                        change: [+2.0490% +2.2445% +2.4398%] (p = 0.00 < 0.05)
                        Change within noise threshold.
Found 5 outliers among 100 measurements (5.00%)
  4 (4.00%) high mild
  1 (1.00%) high severe

     Running benches/ringswitch.rs (target/release/deps/ringswitch-edfad5e15323c877)
Benchmarking _control/ringswitch/now/8192
Benchmarking _control/ringswitch/now/8192: Warming up for 1.0000 s
Benchmarking _control/ringswitch/now/8192: Collecting 50 samples in estimated 10.255 s (300 iterations)
Benchmarking _control/ringswitch/now/8192: Analyzing
_control/ringswitch/now/8192
                        time:   [34.288 ms 34.339 ms 34.393 ms]
                        change: [+0.5863% +0.8248% +1.0695%] (p = 0.00 < 0.05)
                        Change within noise threshold.
Found 2 outliers among 50 measurements (4.00%)
  2 (4.00%) high mild
Benchmarking _control/ringswitch/candidate/8192
Benchmarking _control/ringswitch/candidate/8192: Warming up for 1.0000 s
Benchmarking _control/ringswitch/candidate/8192: Collecting 50 samples in estimated 10.335 s (300 iterations)
Benchmarking _control/ringswitch/candidate/8192: Analyzing
_control/ringswitch/candidate/8192
                        time:   [34.447 ms 34.502 ms 34.562 ms]
                        change: [+0.9397% +1.2643% +1.5662%] (p = 0.00 < 0.05)
                        Change within noise threshold.
Found 5 outliers among 50 measurements (10.00%)
  5 (10.00%) high mild
Benchmarking _control/ringswitch/genesis/8192
Benchmarking _control/ringswitch/genesis/8192: Warming up for 1.0000 s
Benchmarking _control/ringswitch/genesis/8192: Collecting 50 samples in estimated 10.294 s (300 iterations)
Benchmarking _control/ringswitch/genesis/8192: Analyzing
_control/ringswitch/genesis/8192
                        time:   [33.822 ms 33.878 ms 33.937 ms]
                        change: [−1.3752% −1.1470% −0.9096%] (p = 0.00 < 0.05)
                        Change within noise threshold.
Found 1 outliers among 50 measurements (2.00%)
  1 (2.00%) high mild

     Running benches/sumcheck.rs (target/release/deps/sumcheck-c4631ec8618abdaa)
Benchmarking _control/sumcheck/now/8192
Benchmarking _control/sumcheck/now/8192: Warming up for 1.0000 s
Benchmarking _control/sumcheck/now/8192: Collecting 50 samples in estimated 10.218 s (300 iterations)
Benchmarking _control/sumcheck/now/8192: Analyzing
_control/sumcheck/now/8192
                        time:   [34.199 ms 34.266 ms 34.331 ms]
                        change: [−0.0005% +0.3785% +0.7458%] (p = 0.05 > 0.05)
                        No change in performance detected.
Found 7 outliers among 50 measurements (14.00%)
  4 (8.00%) low mild
  3 (6.00%) high mild
Benchmarking _control/sumcheck/candidate/8192
Benchmarking _control/sumcheck/candidate/8192: Warming up for 1.0000 s
Benchmarking _control/sumcheck/candidate/8192: Collecting 50 samples in estimated 10.093 s (300 iterations)
Benchmarking _control/sumcheck/candidate/8192: Analyzing
_control/sumcheck/candidate/8192
                        time:   [33.880 ms 33.946 ms 34.011 ms]
                        change: [−1.0899% −0.7865% −0.4809%] (p = 0.00 < 0.05)
                        Change within noise threshold.
Found 6 outliers among 50 measurements (12.00%)
  5 (10.00%) low mild
  1 (2.00%) high mild
Benchmarking _control/sumcheck/genesis/8192
Benchmarking _control/sumcheck/genesis/8192: Warming up for 1.0000 s
Benchmarking _control/sumcheck/genesis/8192: Collecting 50 samples in estimated 10.304 s (300 iterations)
Benchmarking _control/sumcheck/genesis/8192: Analyzing
_control/sumcheck/genesis/8192
                        time:   [34.510 ms 34.560 ms 34.614 ms]
                        change: [+1.4472% +1.7051% +1.9384%] (p = 0.00 < 0.05)
                        Change within noise threshold.
Found 5 outliers among 50 measurements (10.00%)
  2 (4.00%) high mild
  3 (6.00%) high severe

     Running benches/zerocheck.rs (target/release/deps/zerocheck-6269fe6e9934ddb4)
Benchmarking _control/zerocheck/now/8192
Benchmarking _control/zerocheck/now/8192: Warming up for 1.0000 s
Benchmarking _control/zerocheck/now/8192: Collecting 50 samples in estimated 10.175 s (300 iterations)
Benchmarking _control/zerocheck/now/8192: Analyzing
_control/zerocheck/now/8192
                        time:   [33.946 ms 34.026 ms 34.102 ms]
                        change: [−0.9058% −0.6507% −0.4124%] (p = 0.00 < 0.05)
                        Change within noise threshold.
Found 4 outliers among 50 measurements (8.00%)
  4 (8.00%) low mild
Benchmarking _control/zerocheck/candidate/8192
Benchmarking _control/zerocheck/candidate/8192: Warming up for 1.0000 s
Benchmarking _control/zerocheck/candidate/8192: Collecting 50 samples in estimated 10.266 s (300 iterations)
Benchmarking _control/zerocheck/candidate/8192: Analyzing
_control/zerocheck/candidate/8192
                        time:   [34.160 ms 34.201 ms 34.247 ms]
                        change: [−0.8241% −0.6475% −0.4835%] (p = 0.00 < 0.05)
                        Change within noise threshold.
Found 6 outliers among 50 measurements (12.00%)
  1 (2.00%) low mild
  3 (6.00%) high mild
  2 (4.00%) high severe
Benchmarking _control/zerocheck/genesis/8192
Benchmarking _control/zerocheck/genesis/8192: Warming up for 1.0000 s
Benchmarking _control/zerocheck/genesis/8192: Collecting 50 samples in estimated 10.213 s (300 iterations)
Benchmarking _control/zerocheck/genesis/8192: Analyzing
_control/zerocheck/genesis/8192
                        time:   [33.956 ms 34.039 ms 34.138 ms]
                        change: [−0.4542% −0.0618% +0.3298%] (p = 0.76 > 0.05)
                        No change in performance detected.
Found 5 outliers among 50 measurements (10.00%)
  1 (2.00%) low mild
  1 (2.00%) high mild
  3 (6.00%) high severe

  (skipping 110 case(s) not measured in this run)

  machine   AMD Ryzen 7 8845HS w/ Radeon 780M Graphics · 16 cores · Linux 6.17.0-1032-oem · id d19cb42225da
  toolchain rustc 1.98.0-nightly (14210df0e 2026-05-31)
  rustflags (none)
  source    f797e72 +uncommitted
  run       20260917T1456+0200-55e29fc4  <- cite this in a ledger row; a row without it is unattributable

  case                          genesis         now   candidate          vs genesis         cand vs now
  -------------------------  ----------  ----------  ----------  ------------------  ------------------
  commit/generate_decomps/4       39.4s       5.29s       3.87s     -86.6% ▼ faster     -28.3% ▼ faster

  harness self-test — all variants run identical code, so these should read 0%
  _control/commit/8192           33.9ms      33.1ms      33.8ms       -2.5% · noise       +0.0% · noise
  _control/endpiece/8192         33.3ms      33.4ms      33.2ms       +0.1% · noise       +0.0% · noise
  _control/evalsplit/8192        33.7ms      33.5ms      33.7ms       -0.5% · noise       +0.0% · noise
  _control/gadget/8192           33.3ms      33.2ms      33.5ms       -0.2% · noise       +0.0% · noise
  _control/linalg/8192           33.8ms      33.5ms      33.8ms       -0.7% · noise       +0.0% · noise
  _control/quadeval/8192           34ms      33.4ms      33.9ms       -1.8% · noise       +0.0% · noise
  _control/ring/8192             34.7ms      33.4ms      33.6ms       -3.8% · noise       +0.0% · noise
  _control/ringswitch/8192       33.6ms        34ms      34.3ms       +1.3% · noise       +0.0% · noise
  _control/sumcheck/8192         34.3ms      33.7ms      33.4ms       -1.8% · noise       +0.0% · noise
  _control/zerocheck/8192        33.6ms      33.4ms      33.9ms       -0.5% · noise       +0.0% · noise

  times average the 3 fastest of criterion's settled samples (those given at least
  half the maximum iteration count), which is robust to background load; criterion's
  own output above reports its regression slope and reads higher.
  Only the `vs genesis` column is a comparison; an absolute time is not comparable
  to another run's, nor to another row's.

  A/B bias       3.8%  worst of the identical-code controls, applied as a flat threshold
  cand lean    commit +2.1%  endpiece -0.4%  evalsplit +0.5%  gadget +0.7%  linalg +0.9%  quadeval +1.7%  ring +0.7%  ringswitch +0.7%  sumcheck -0.9%  zerocheck +1.5%
               the slot's signed identical-code offset, measured per binary by its
               control and divided out of `cand vs now` before any verdict; a
               control's own adjusted value is 0 by construction
  slot         diverged from hachi/src: ring c109cbcc8e09, linalg 0934e1987788, commit f2b53b1b1be5
               the candidate numbers above belong to that diff — keep the sha with them
# exit 0 at 2026-09-17T15:13:43+02:00
