# candidate T22 Change 8 -- STREAMED decomposition (a WALL removal)
#   commit::commit_streamed decomposes one block at a time and drops it,
#   so the 68.7 GiB Decomp.message is never built; quadeval::
#   honest_z_from_raw rebuilds one block's s per iteration in the second
#   pass; quadeval::carrier_from_raw needs no decomposition at all,
#   because carrier_entry's gadget_mul cancels against it.
# This run is a GUARD, not a speed claim. Change 8 only ADDS functions:
#   every row measured here is code that is byte-identical in both arms,
#   so the question it answers is whether adding the items perturbed the
#   codegen of the ones that were there. Nothing may read slower.
# The streamed items' own rows are registered AFTER this run: a new row
#   needs the item in the  crate too, so it cannot be A/B'd.
# Measured peak RSS (VmHWM, in-process): materialized grows 72.5 MiB per
#   block, streamed 8 MiB per block (the raw input alone) -- 774 vs 324
#   MiB at 8 blocks. At BLOCKS = 1024 that is ~74 GiB against ~8.5 GiB.
# quiet: idle=99% sustained over 3 samples (gate raised after run 2 read 11.2% bias)
# started 2026-09-17T19:28:14+02:00 at load 0.96 2.20 3.11 2/2457 1282081
==> genesis intact: 381 frozen item(s) verified against git
==> candidate slot: filled by the loop -- not checked under CANDIDATE=1; the report fingerprints it
==> coverage: 156 mirrored item(s), 82 benched, 74 excluded by name, 0 UNACCOUNTED FOR  (+5 non-mirrored item(s) benched as well)
   Compiling hachi v0.1.0 (/home/pablo/Documents/internship-eth/AeneasArklib/hachi)
   Compiling hachi-genesis v0.0.0 (/home/pablo/Documents/internship-eth/AeneasArklib/hachi/benches/genesis)
warning: unused variable: `seed`
   --> benches/quadeval.rs:83:32
    |
 83 |             fn short_challenge(seed: u64, weight: u64, mag: u64) -> Rq {
    |                                ^^^^
...
430 | define_cases!(now, hachi);
    | ------------------------- in this macro invocation
    |
help: `seed` is captured in macro and introduced a unused variable
   --> benches/quadeval.rs:83:32
    |
 83 |             fn short_challenge(seed: u64, weight: u64, mag: u64) -> Rq {
    |                                ^^^^
...
430 | define_cases!(now, hachi);
    | ------------------------- in this macro invocation
    = note: `#[warn(unused_variables)]` (part of `#[warn(unused)]`) on by default
    = note: this warning originates in the macro `define_cases` (in Nightly builds, run with -Z macro-backtrace for more info)

warning: unused variable: `seed`
   --> benches/quadeval.rs:83:32
    |
 83 |             fn short_challenge(seed: u64, weight: u64, mag: u64) -> Rq {
    |                                ^^^^
...
431 | define_cases!(genesis, hachi_genesis);
    | ------------------------------------- in this macro invocation
    |
help: `seed` is captured in macro and introduced a unused variable
   --> benches/quadeval.rs:83:32
    |
 83 |             fn short_challenge(seed: u64, weight: u64, mag: u64) -> Rq {
    |                                ^^^^
...
431 | define_cases!(genesis, hachi_genesis);
    | ------------------------------------- in this macro invocation
    = note: this warning originates in the macro `define_cases` (in Nightly builds, run with -Z macro-backtrace for more info)

warning: unused variable: `seed`
   --> benches/quadeval.rs:83:32
    |
 83 |             fn short_challenge(seed: u64, weight: u64, mag: u64) -> Rq {
    |                                ^^^^
...
433 | define_cases!(candidate, hachi_candidate);
    | ----------------------------------------- in this macro invocation
    |
help: `seed` is captured in macro and introduced a unused variable
   --> benches/quadeval.rs:83:32
    |
 83 |             fn short_challenge(seed: u64, weight: u64, mag: u64) -> Rq {
    |                                ^^^^
...
433 | define_cases!(candidate, hachi_candidate);
    | ----------------------------------------- in this macro invocation
    = note: this warning originates in the macro `define_cases` (in Nightly builds, run with -Z macro-backtrace for more info)

warning: `hachi` (bench "quadeval") generated 3 warnings
    Finished `bench` profile [optimized] target(s) in 24.57s
     Running benches/commit.rs (target/release/deps/commit-e501a9e003cee570)
Benchmarking _control/commit/now/8192
Benchmarking _control/commit/now/8192: Warming up for 1.0000 s
Benchmarking _control/commit/now/8192: Collecting 50 samples in estimated 10.018 s (300 iterations)
Benchmarking _control/commit/now/8192: Analyzing
_control/commit/now/8192
                        time:   [33.869 ms 33.950 ms 34.032 ms]
                        change: [+2.7258% +3.1389% +3.5517%] (p = 0.00 < 0.05)
                        Change within noise threshold.
Found 4 outliers among 50 measurements (8.00%)
  2 (4.00%) low mild
  2 (4.00%) high mild
Benchmarking _control/commit/candidate/8192
Benchmarking _control/commit/candidate/8192: Warming up for 1.0000 s
Benchmarking _control/commit/candidate/8192: Collecting 50 samples in estimated 10.261 s (300 iterations)
Benchmarking _control/commit/candidate/8192: Analyzing
_control/commit/candidate/8192
                        time:   [34.207 ms 34.295 ms 34.388 ms]
                        change: [+1.9582% +2.3525% +2.7412%] (p = 0.00 < 0.05)
                        Change within noise threshold.
Found 5 outliers among 50 measurements (10.00%)
  5 (10.00%) high mild
Benchmarking _control/commit/genesis/8192
Benchmarking _control/commit/genesis/8192: Warming up for 1.0000 s
Benchmarking _control/commit/genesis/8192: Collecting 50 samples in estimated 10.164 s (300 iterations)
Benchmarking _control/commit/genesis/8192: Analyzing
_control/commit/genesis/8192
                        time:   [34.255 ms 34.346 ms 34.444 ms]
                        change: [+2.1618% +2.5035% +2.8337%] (p = 0.00 < 0.05)
                        Change within noise threshold.
Found 3 outliers among 50 measurements (6.00%)
  3 (6.00%) high mild

Benchmarking commit/generate_decomps/now/4
Benchmarking commit/generate_decomps/now/4: Warming up for 1.0000 s

Warning: Unable to complete 10 samples in 10.0s. You may wish to increase target time to 26.9s.
Benchmarking commit/generate_decomps/now/4: Collecting 10 samples in estimated 26.854 s (10 iterations)
Benchmarking commit/generate_decomps/now/4: Analyzing
commit/generate_decomps/now/4
                        time:   [2.6922 s 2.6971 s 2.7025 s]
                        change: [+0.6640% +0.8984% +1.1430%] (p = 0.00 < 0.05)
                        Change within noise threshold.
Benchmarking commit/generate_decomps/candidate/4
Benchmarking commit/generate_decomps/candidate/4: Warming up for 1.0000 s

Warning: Unable to complete 10 samples in 10.0s. You may wish to increase target time to 27.0s.
Benchmarking commit/generate_decomps/candidate/4: Collecting 10 samples in estimated 26.990 s (10 iterations)
Benchmarking commit/generate_decomps/candidate/4: Analyzing
commit/generate_decomps/candidate/4
                        time:   [2.6906 s 2.6953 s 2.7014 s]
                        change: [+0.6399% +0.9188% +1.2022%] (p = 0.00 < 0.05)
                        Change within noise threshold.
Found 1 outliers among 10 measurements (10.00%)
  1 (10.00%) high mild
Benchmarking commit/generate_decomps/genesis/4
Benchmarking commit/generate_decomps/genesis/4: Warming up for 1.0000 s

Warning: Unable to complete 10 samples in 10.0s. You may wish to increase target time to 397.9s.
Benchmarking commit/generate_decomps/genesis/4: Collecting 10 samples in estimated 397.88 s (10 iterations)
Benchmarking commit/generate_decomps/genesis/4: Analyzing
commit/generate_decomps/genesis/4
                        time:   [39.669 s 39.720 s 39.802 s]
                        change: [−2.9335% −1.7031% −0.6586%] (p = 0.01 < 0.05)
                        Change within noise threshold.
Found 2 outliers among 10 measurements (20.00%)
  1 (10.00%) high mild
  1 (10.00%) high severe

     Running benches/endpiece.rs (target/release/deps/endpiece-4dcb3a08d8a0c99f)
Benchmarking _control/endpiece/now/8192
Benchmarking _control/endpiece/now/8192: Warming up for 1.0000 s
Benchmarking _control/endpiece/now/8192: Collecting 50 samples in estimated 10.128 s (300 iterations)
Benchmarking _control/endpiece/now/8192: Analyzing
_control/endpiece/now/8192
                        time:   [33.550 ms 33.634 ms 33.719 ms]
                        change: [−6.0763% −5.6240% −5.1680%] (p = 0.00 < 0.05)
                        Performance has improved.
Benchmarking _control/endpiece/candidate/8192
Benchmarking _control/endpiece/candidate/8192: Warming up for 1.0000 s
Benchmarking _control/endpiece/candidate/8192: Collecting 50 samples in estimated 10.145 s (300 iterations)
Benchmarking _control/endpiece/candidate/8192: Analyzing
_control/endpiece/candidate/8192
                        time:   [33.827 ms 33.930 ms 34.042 ms]
                        change: [−7.1936% −6.1578% −5.1105%] (p = 0.00 < 0.05)
                        Performance has improved.
Found 4 outliers among 50 measurements (8.00%)
  3 (6.00%) high mild
  1 (2.00%) high severe
Benchmarking _control/endpiece/genesis/8192
Benchmarking _control/endpiece/genesis/8192: Warming up for 1.0000 s
Benchmarking _control/endpiece/genesis/8192: Collecting 50 samples in estimated 10.261 s (300 iterations)
Benchmarking _control/endpiece/genesis/8192: Analyzing
_control/endpiece/genesis/8192
                        time:   [34.035 ms 34.116 ms 34.200 ms]
                        change: [−6.2555% −5.4204% −4.5857%] (p = 0.00 < 0.05)
                        Performance has improved.
Found 4 outliers among 50 measurements (8.00%)
  1 (2.00%) low mild
  3 (6.00%) high mild

     Running benches/evalsplit.rs (target/release/deps/evalsplit-849edf7de0e73e22)
Benchmarking _control/evalsplit/now/8192
Benchmarking _control/evalsplit/now/8192: Warming up for 1.0000 s
Benchmarking _control/evalsplit/now/8192: Collecting 100 samples in estimated 6.8361 s (200 iterations)
Benchmarking _control/evalsplit/now/8192: Analyzing
_control/evalsplit/now/8192
                        time:   [34.030 ms 34.118 ms 34.224 ms]
                        change: [−16.892% −14.721% −12.597%] (p = 0.00 < 0.05)
                        Performance has improved.
Found 6 outliers among 100 measurements (6.00%)
  1 (1.00%) low mild
  3 (3.00%) high mild
  2 (2.00%) high severe
Benchmarking _control/evalsplit/candidate/8192
Benchmarking _control/evalsplit/candidate/8192: Warming up for 1.0000 s
Benchmarking _control/evalsplit/candidate/8192: Collecting 100 samples in estimated 6.8275 s (200 iterations)
Benchmarking _control/evalsplit/candidate/8192: Analyzing
_control/evalsplit/candidate/8192
                        time:   [34.011 ms 34.087 ms 34.176 ms]
                        change: [−8.4574% −7.9208% −7.3896%] (p = 0.00 < 0.05)
                        Performance has improved.
Found 2 outliers among 100 measurements (2.00%)
  1 (1.00%) high mild
  1 (1.00%) high severe
Benchmarking _control/evalsplit/genesis/8192
Benchmarking _control/evalsplit/genesis/8192: Warming up for 1.0000 s
Benchmarking _control/evalsplit/genesis/8192: Collecting 100 samples in estimated 6.8437 s (200 iterations)
Benchmarking _control/evalsplit/genesis/8192: Analyzing
_control/evalsplit/genesis/8192
                        time:   [34.312 ms 34.381 ms 34.451 ms]
                        change: [−4.6492% −4.0221% −3.4046%] (p = 0.00 < 0.05)
                        Performance has improved.
Found 1 outliers among 100 measurements (1.00%)
  1 (1.00%) high mild

     Running benches/gadget.rs (target/release/deps/gadget-cb0d6b60767a96a9)
Benchmarking _control/gadget/now/8192
Benchmarking _control/gadget/now/8192: Warming up for 1.0000 s
Benchmarking _control/gadget/now/8192: Collecting 100 samples in estimated 6.7158 s (200 iterations)
Benchmarking _control/gadget/now/8192: Analyzing
_control/gadget/now/8192
                        time:   [33.868 ms 33.939 ms 34.013 ms]
                        change: [−3.3920% −2.6106% −1.8318%] (p = 0.00 < 0.05)
                        Change within noise threshold.
Found 7 outliers among 100 measurements (7.00%)
  3 (3.00%) low mild
  2 (2.00%) high mild
  2 (2.00%) high severe
Benchmarking _control/gadget/candidate/8192
Benchmarking _control/gadget/candidate/8192: Warming up for 1.0000 s
Benchmarking _control/gadget/candidate/8192: Collecting 100 samples in estimated 6.7525 s (200 iterations)
Benchmarking _control/gadget/candidate/8192: Analyzing
_control/gadget/candidate/8192
                        time:   [33.691 ms 33.740 ms 33.789 ms]
                        change: [−11.882% −11.209% −10.547%] (p = 0.00 < 0.05)
                        Performance has improved.
Found 9 outliers among 100 measurements (9.00%)
  3 (3.00%) low mild
  6 (6.00%) high mild
Benchmarking _control/gadget/genesis/8192
Benchmarking _control/gadget/genesis/8192: Warming up for 1.0000 s
Benchmarking _control/gadget/genesis/8192: Collecting 100 samples in estimated 6.7648 s (200 iterations)
Benchmarking _control/gadget/genesis/8192: Analyzing
_control/gadget/genesis/8192
                        time:   [33.826 ms 33.898 ms 33.976 ms]
                        change: [−22.565% −20.603% −18.627%] (p = 0.00 < 0.05)
                        Performance has improved.
Found 4 outliers among 100 measurements (4.00%)
  2 (2.00%) high mild
  2 (2.00%) high severe

     Running benches/linalg.rs (target/release/deps/linalg-e127a11bb53a82b9)
Benchmarking _control/linalg/now/8192
Benchmarking _control/linalg/now/8192: Warming up for 1.0000 s
Benchmarking _control/linalg/now/8192: Collecting 100 samples in estimated 6.8080 s (200 iterations)
Benchmarking _control/linalg/now/8192: Analyzing
_control/linalg/now/8192
                        time:   [34.014 ms 34.079 ms 34.149 ms]
                        change: [−17.739% −17.040% −16.381%] (p = 0.00 < 0.05)
                        Performance has improved.
Found 4 outliers among 100 measurements (4.00%)
  2 (2.00%) high mild
  2 (2.00%) high severe
Benchmarking _control/linalg/candidate/8192
Benchmarking _control/linalg/candidate/8192: Warming up for 1.0000 s
Benchmarking _control/linalg/candidate/8192: Collecting 100 samples in estimated 6.8692 s (200 iterations)
Benchmarking _control/linalg/candidate/8192: Analyzing
_control/linalg/candidate/8192
                        time:   [34.504 ms 34.667 ms 34.863 ms]
                        change: [−18.477% −17.669% −16.853%] (p = 0.00 < 0.05)
                        Performance has improved.
Found 11 outliers among 100 measurements (11.00%)
  4 (4.00%) high mild
  7 (7.00%) high severe
Benchmarking _control/linalg/genesis/8192
Benchmarking _control/linalg/genesis/8192: Warming up for 1.0000 s
Benchmarking _control/linalg/genesis/8192: Collecting 100 samples in estimated 6.7921 s (200 iterations)
Benchmarking _control/linalg/genesis/8192: Analyzing
_control/linalg/genesis/8192
                        time:   [34.048 ms 34.109 ms 34.175 ms]
                        change: [−19.620% −19.020% −18.430%] (p = 0.00 < 0.05)
                        Performance has improved.
Found 7 outliers among 100 measurements (7.00%)
  1 (1.00%) low mild
  4 (4.00%) high mild
  2 (2.00%) high severe

     Running benches/quadeval.rs (target/release/deps/quadeval-d1cd6e42de772a27)
Benchmarking _control/quadeval/now/8192
Benchmarking _control/quadeval/now/8192: Warming up for 1.0000 s
Benchmarking _control/quadeval/now/8192: Collecting 100 samples in estimated 6.5211 s (200 iterations)
Benchmarking _control/quadeval/now/8192: Analyzing
_control/quadeval/now/8192
                        time:   [32.818 ms 32.908 ms 33.001 ms]
                        change: [−20.124% −19.668% −19.214%] (p = 0.00 < 0.05)
                        Performance has improved.
Found 2 outliers among 100 measurements (2.00%)
  2 (2.00%) high mild
Benchmarking _control/quadeval/candidate/8192
Benchmarking _control/quadeval/candidate/8192: Warming up for 1.0000 s
Benchmarking _control/quadeval/candidate/8192: Collecting 100 samples in estimated 6.7735 s (200 iterations)
Benchmarking _control/quadeval/candidate/8192: Analyzing
_control/quadeval/candidate/8192
                        time:   [33.757 ms 33.826 ms 33.898 ms]
                        change: [−21.718% −21.255% −20.799%] (p = 0.00 < 0.05)
                        Performance has improved.
Found 6 outliers among 100 measurements (6.00%)
  6 (6.00%) high mild
Benchmarking _control/quadeval/genesis/8192
Benchmarking _control/quadeval/genesis/8192: Warming up for 1.0000 s
Benchmarking _control/quadeval/genesis/8192: Collecting 100 samples in estimated 6.7464 s (200 iterations)
Benchmarking _control/quadeval/genesis/8192: Analyzing
_control/quadeval/genesis/8192
                        time:   [33.743 ms 33.802 ms 33.869 ms]
                        change: [−19.154% −18.737% −18.317%] (p = 0.00 < 0.05)
                        Performance has improved.
Found 6 outliers among 100 measurements (6.00%)
  4 (4.00%) high mild
  2 (2.00%) high severe

Benchmarking quadeval/honest_z_short/now/1
Benchmarking quadeval/honest_z_short/now/1: Warming up for 1.0000 s
Benchmarking quadeval/honest_z_short/now/1: Collecting 10 samples in estimated 6.1339 s (30 iterations)
Benchmarking quadeval/honest_z_short/now/1: Analyzing
quadeval/honest_z_short/now/1
                        time:   [204.64 ms 205.24 ms 206.02 ms]
                        change: [−12.523% −11.914% −11.344%] (p = 0.00 < 0.05)
                        Performance has improved.
Found 2 outliers among 10 measurements (20.00%)
  1 (10.00%) high mild
  1 (10.00%) high severe
Benchmarking quadeval/honest_z_short/candidate/1
Benchmarking quadeval/honest_z_short/candidate/1: Warming up for 1.0000 s
Benchmarking quadeval/honest_z_short/candidate/1: Collecting 10 samples in estimated 6.1614 s (30 iterations)
Benchmarking quadeval/honest_z_short/candidate/1: Analyzing
quadeval/honest_z_short/candidate/1
                        time:   [204.57 ms 205.36 ms 206.28 ms]
                        change: [−12.806% −11.707% −10.737%] (p = 0.00 < 0.05)
                        Performance has improved.
Found 1 outliers among 10 measurements (10.00%)
  1 (10.00%) high mild
Benchmarking quadeval/honest_z_short/genesis/1
Benchmarking quadeval/honest_z_short/genesis/1: Warming up for 1.0000 s

Warning: Unable to complete 10 samples in 5.0s. You may wish to increase target time to 97.0s.
Benchmarking quadeval/honest_z_short/genesis/1: Collecting 10 samples in estimated 97.024 s (10 iterations)
Benchmarking quadeval/honest_z_short/genesis/1: Analyzing
quadeval/honest_z_short/genesis/1
                        time:   [9.7016 s 9.7116 s 9.7256 s]
                        change: [−10.720% −10.131% −9.5832%] (p = 0.00 < 0.05)
                        Performance has improved.
Found 1 outliers among 10 measurements (10.00%)
  1 (10.00%) high severe

Benchmarking quadeval/honest_z_short_heavy/now/1
Benchmarking quadeval/honest_z_short_heavy/now/1: Warming up for 1.0000 s
Benchmarking quadeval/honest_z_short_heavy/now/1: Collecting 10 samples in estimated 5.6722 s (30 iterations)
Benchmarking quadeval/honest_z_short_heavy/now/1: Analyzing
quadeval/honest_z_short_heavy/now/1
                        time:   [187.60 ms 188.03 ms 188.58 ms]
                        change: [−13.337% −12.627% −11.927%] (p = 0.00 < 0.05)
                        Performance has improved.
Found 2 outliers among 10 measurements (20.00%)
  1 (10.00%) high mild
  1 (10.00%) high severe
Benchmarking quadeval/honest_z_short_heavy/candidate/1
Benchmarking quadeval/honest_z_short_heavy/candidate/1: Warming up for 1.0000 s
Benchmarking quadeval/honest_z_short_heavy/candidate/1: Collecting 10 samples in estimated 5.6692 s (30 iterations)
Benchmarking quadeval/honest_z_short_heavy/candidate/1: Analyzing
quadeval/honest_z_short_heavy/candidate/1
                        time:   [188.22 ms 188.79 ms 189.67 ms]
                        change: [−12.633% −11.995% −11.338%] (p = 0.00 < 0.05)
                        Performance has improved.
Found 1 outliers among 10 measurements (10.00%)
  1 (10.00%) high severe
Benchmarking quadeval/honest_z_short_heavy/genesis/1
Benchmarking quadeval/honest_z_short_heavy/genesis/1: Warming up for 1.0000 s

Warning: Unable to complete 10 samples in 5.0s. You may wish to increase target time to 96.9s.
Benchmarking quadeval/honest_z_short_heavy/genesis/1: Collecting 10 samples in estimated 96.915 s (10 iterations)
Benchmarking quadeval/honest_z_short_heavy/genesis/1: Analyzing
quadeval/honest_z_short_heavy/genesis/1
                        time:   [9.6786 s 9.6864 s 9.6962 s]
                        change: [−10.458% −10.039% −9.5908%] (p = 0.00 < 0.05)
                        Performance has improved.
Found 1 outliers among 10 measurements (10.00%)
  1 (10.00%) high mild

Benchmarking quadeval/honest_z_dense/now/1
Benchmarking quadeval/honest_z_dense/now/1: Warming up for 1.0000 s

Warning: Unable to complete 10 samples in 5.0s. You may wish to increase target time to 28.4s.
Benchmarking quadeval/honest_z_dense/now/1: Collecting 10 samples in estimated 28.447 s (10 iterations)
Benchmarking quadeval/honest_z_dense/now/1: Analyzing
quadeval/honest_z_dense/now/1
                        time:   [2.8394 s 2.8427 s 2.8462 s]
                        change: [−12.173% −11.820% −11.399%] (p = 0.00 < 0.05)
                        Performance has improved.
Benchmarking quadeval/honest_z_dense/candidate/1
Benchmarking quadeval/honest_z_dense/candidate/1: Warming up for 1.0000 s

Warning: Unable to complete 10 samples in 5.0s. You may wish to increase target time to 28.1s.
Benchmarking quadeval/honest_z_dense/candidate/1: Collecting 10 samples in estimated 28.146 s (10 iterations)
Benchmarking quadeval/honest_z_dense/candidate/1: Analyzing
quadeval/honest_z_dense/candidate/1
                        time:   [2.8111 s 2.8154 s 2.8203 s]
                        change: [−12.538% −12.147% −11.767%] (p = 0.00 < 0.05)
                        Performance has improved.
Benchmarking quadeval/honest_z_dense/genesis/1
Benchmarking quadeval/honest_z_dense/genesis/1: Warming up for 1.0000 s

Warning: Unable to complete 10 samples in 5.0s. You may wish to increase target time to 96.9s.
Benchmarking quadeval/honest_z_dense/genesis/1: Collecting 10 samples in estimated 96.884 s (10 iterations)
Benchmarking quadeval/honest_z_dense/genesis/1: Analyzing
quadeval/honest_z_dense/genesis/1
                        time:   [9.6756 s 9.6846 s 9.6959 s]
                        change: [−11.252% −10.994% −10.654%] (p = 0.00 < 0.05)
                        Performance has improved.
Found 2 outliers among 10 measurements (20.00%)
  2 (20.00%) high mild

     Running benches/ring.rs (target/release/deps/ring-cb059cc8e6ccdb85)
Benchmarking _control/ring/now/8192
Benchmarking _control/ring/now/8192: Warming up for 1.0000 s
Benchmarking _control/ring/now/8192: Collecting 100 samples in estimated 6.7194 s (200 iterations)
Benchmarking _control/ring/now/8192: Analyzing
_control/ring/now/8192  time:   [33.916 ms 33.972 ms 34.035 ms]
                        change: [−23.911% −23.348% −22.783%] (p = 0.00 < 0.05)
                        Performance has improved.
Found 8 outliers among 100 measurements (8.00%)
  3 (3.00%) low mild
  4 (4.00%) high mild
  1 (1.00%) high severe
Benchmarking _control/ring/candidate/8192
Benchmarking _control/ring/candidate/8192: Warming up for 1.0000 s
Benchmarking _control/ring/candidate/8192: Collecting 100 samples in estimated 6.7487 s (200 iterations)
Benchmarking _control/ring/candidate/8192: Analyzing
_control/ring/candidate/8192
                        time:   [33.924 ms 33.967 ms 34.015 ms]
                        change: [−31.548% −29.901% −28.334%] (p = 0.00 < 0.05)
                        Performance has improved.
Found 2 outliers among 100 measurements (2.00%)
  1 (1.00%) high mild
  1 (1.00%) high severe
Benchmarking _control/ring/genesis/8192
Benchmarking _control/ring/genesis/8192: Warming up for 1.0000 s
Benchmarking _control/ring/genesis/8192: Collecting 100 samples in estimated 6.8277 s (200 iterations)
Benchmarking _control/ring/genesis/8192: Analyzing
_control/ring/genesis/8192
                        time:   [33.924 ms 34.000 ms 34.083 ms]
                        change: [−24.549% −24.016% −23.479%] (p = 0.00 < 0.05)
                        Performance has improved.
Found 4 outliers among 100 measurements (4.00%)
  2 (2.00%) high mild
  2 (2.00%) high severe

     Running benches/ringswitch.rs (target/release/deps/ringswitch-edfad5e15323c877)
Benchmarking _control/ringswitch/now/8192
Benchmarking _control/ringswitch/now/8192: Warming up for 1.0000 s
Benchmarking _control/ringswitch/now/8192: Collecting 50 samples in estimated 10.158 s (300 iterations)
Benchmarking _control/ringswitch/now/8192: Analyzing
_control/ringswitch/now/8192
                        time:   [33.808 ms 33.884 ms 33.971 ms]
                        change: [−21.900% −21.281% −20.672%] (p = 0.00 < 0.05)
                        Performance has improved.
Found 1 outliers among 50 measurements (2.00%)
  1 (2.00%) high severe
Benchmarking _control/ringswitch/candidate/8192
Benchmarking _control/ringswitch/candidate/8192: Warming up for 1.0000 s
Benchmarking _control/ringswitch/candidate/8192: Collecting 50 samples in estimated 10.210 s (300 iterations)
Benchmarking _control/ringswitch/candidate/8192: Analyzing
_control/ringswitch/candidate/8192
                        time:   [33.758 ms 33.904 ms 34.057 ms]
                        change: [−23.985% −23.365% −22.745%] (p = 0.00 < 0.05)
                        Performance has improved.
Found 1 outliers among 50 measurements (2.00%)
  1 (2.00%) high mild
Benchmarking _control/ringswitch/genesis/8192
Benchmarking _control/ringswitch/genesis/8192: Warming up for 1.0000 s
Benchmarking _control/ringswitch/genesis/8192: Collecting 50 samples in estimated 10.232 s (300 iterations)
Benchmarking _control/ringswitch/genesis/8192: Analyzing
_control/ringswitch/genesis/8192
                        time:   [34.063 ms 34.161 ms 34.266 ms]
                        change: [−23.872% −23.298% −22.726%] (p = 0.00 < 0.05)
                        Performance has improved.
Found 2 outliers among 50 measurements (4.00%)
  2 (4.00%) high mild

     Running benches/sumcheck.rs (target/release/deps/sumcheck-c4631ec8618abdaa)
Benchmarking _control/sumcheck/now/8192
Benchmarking _control/sumcheck/now/8192: Warming up for 1.0000 s
Benchmarking _control/sumcheck/now/8192: Collecting 50 samples in estimated 10.231 s (300 iterations)
Benchmarking _control/sumcheck/now/8192: Analyzing
_control/sumcheck/now/8192
                        time:   [34.078 ms 34.150 ms 34.219 ms]
                        change: [−18.565% −17.685% −16.862%] (p = 0.00 < 0.05)
                        Performance has improved.
Found 3 outliers among 50 measurements (6.00%)
  3 (6.00%) low mild
Benchmarking _control/sumcheck/candidate/8192
Benchmarking _control/sumcheck/candidate/8192: Warming up for 1.0000 s
Benchmarking _control/sumcheck/candidate/8192: Collecting 50 samples in estimated 10.224 s (300 iterations)
Benchmarking _control/sumcheck/candidate/8192: Analyzing
_control/sumcheck/candidate/8192
                        time:   [34.097 ms 34.177 ms 34.263 ms]
                        change: [−17.489% −16.319% −15.270%] (p = 0.00 < 0.05)
                        Performance has improved.
Found 4 outliers among 50 measurements (8.00%)
  3 (6.00%) low mild
  1 (2.00%) high severe
Benchmarking _control/sumcheck/genesis/8192
Benchmarking _control/sumcheck/genesis/8192: Warming up for 1.0000 s
Benchmarking _control/sumcheck/genesis/8192: Collecting 50 samples in estimated 10.392 s (300 iterations)
Benchmarking _control/sumcheck/genesis/8192: Analyzing
_control/sumcheck/genesis/8192
                        time:   [34.345 ms 34.410 ms 34.475 ms]
                        change: [−25.012% −24.123% −23.244%] (p = 0.00 < 0.05)
                        Performance has improved.
Found 2 outliers among 50 measurements (4.00%)
  1 (2.00%) low mild
  1 (2.00%) high mild

     Running benches/zerocheck.rs (target/release/deps/zerocheck-6269fe6e9934ddb4)
Benchmarking _control/zerocheck/now/8192
Benchmarking _control/zerocheck/now/8192: Warming up for 1.0000 s
Benchmarking _control/zerocheck/now/8192: Collecting 50 samples in estimated 11.654 s (350 iterations)
Benchmarking _control/zerocheck/now/8192: Analyzing
_control/zerocheck/now/8192
                        time:   [33.419 ms 33.539 ms 33.685 ms]
                        change: [−23.318% −22.654% −21.972%] (p = 0.00 < 0.05)
                        Performance has improved.
Found 3 outliers among 50 measurements (6.00%)
  2 (4.00%) high mild
  1 (2.00%) high severe
Benchmarking _control/zerocheck/candidate/8192
Benchmarking _control/zerocheck/candidate/8192: Warming up for 1.0000 s
Benchmarking _control/zerocheck/candidate/8192: Collecting 50 samples in estimated 10.209 s (300 iterations)
Benchmarking _control/zerocheck/candidate/8192: Analyzing
_control/zerocheck/candidate/8192
                        time:   [33.735 ms 33.816 ms 33.897 ms]
                        change: [−23.294% −22.932% −22.573%] (p = 0.00 < 0.05)
                        Performance has improved.
Benchmarking _control/zerocheck/genesis/8192
Benchmarking _control/zerocheck/genesis/8192: Warming up for 1.0000 s
Benchmarking _control/zerocheck/genesis/8192: Collecting 50 samples in estimated 10.191 s (300 iterations)
Benchmarking _control/zerocheck/genesis/8192: Analyzing
_control/zerocheck/genesis/8192
                        time:   [33.829 ms 33.895 ms 33.966 ms]
                        change: [−20.569% −20.014% −19.481%] (p = 0.00 < 0.05)
                        Performance has improved.
Found 3 outliers among 50 measurements (6.00%)
  2 (4.00%) low mild
  1 (2.00%) high severe

  (skipping 107 case(s) not measured in this run)

  machine   AMD Ryzen 7 8845HS w/ Radeon 780M Graphics · 16 cores · Linux 6.17.0-1032-oem · id d19cb42225da
  toolchain rustc 1.98.0-nightly (14210df0e 2026-05-31)
  rustflags (none)
  source    5bbdc29 +uncommitted
  run       20260917T1928+0200-6b0f41c0  <- cite this in a ledger row; a row without it is unattributable

  case                                genesis         now   candidate          vs genesis         cand vs now
  -------------------------------  ----------  ----------  ----------  ------------------  ------------------
  commit/generate_decomps/4             39.7s       2.69s       2.69s     -93.2% ▼ faster       -1.1% · noise
  quadeval/honest_z_dense/1             9.67s       2.84s       2.81s     -70.7% ▼ faster       -4.2% · noise
  quadeval/honest_z_short/1              9.7s       204ms       204ms     -97.9% ▼ faster       -3.5% · noise
  quadeval/honest_z_short_heavy/1       9.67s       187ms       188ms     -98.1% ▼ faster       -2.9% · noise

  harness self-test — all variants run identical code, so these should read 0%
  _control/commit/8192                 33.8ms      33.3ms      33.7ms       -1.3% · noise       +0.0% · noise
  _control/endpiece/8192               33.5ms      33.2ms      33.4ms       -1.1% · noise       +0.0% · noise
  _control/evalsplit/8192              33.8ms      33.4ms      33.7ms       -1.3% · noise       +0.0% · noise
  _control/gadget/8192                 33.3ms      33.2ms      33.1ms       -0.1% · noise       +0.0% · noise
  _control/linalg/8192                 33.5ms      33.7ms        34ms       +0.5% · noise       +0.0% · noise
  _control/quadeval/8192               33.4ms      32.2ms      33.3ms       -3.8% · noise       +0.0% · noise
  _control/ring/8192                   33.3ms      33.4ms      33.6ms       +0.2% · noise       +0.0% · noise
  _control/ringswitch/8192             33.6ms      33.5ms      33.1ms       -0.3% · noise       +0.0% · noise
  _control/sumcheck/8192               33.9ms      33.6ms      33.5ms       -0.9% · noise       +0.0% · noise
  _control/zerocheck/8192              33.4ms        33ms      33.3ms       -1.1% · noise       +0.0% · noise

  times average the 3 fastest of criterion's settled samples (those given at least
  half the maximum iteration count), which is robust to background load; criterion's
  own output above reports its regression slope and reads higher.
  Only the `vs genesis` column is a comparison; an absolute time is not comparable
  to another run's, nor to another row's.

  A/B bias       3.8%  worst of the identical-code controls, applied as a flat threshold
  cand lean    commit +1.1%  endpiece +0.7%  evalsplit +0.8%  gadget -0.4%  linalg +0.8%  quadeval +3.4%  ring +0.8%  ringswitch -1.2%  sumcheck -0.1%  zerocheck +1.0%
               the slot's signed identical-code offset, measured per binary by its
               control and divided out of `cand vs now` before any verdict; a
               control's own adjusted value is 0 by construction
  slot         diverged from hachi/src: commit a8ce6ef45d95, quadeval f8d2a5f068de
               the candidate numbers above belong to that diff — keep the sha with them
# exit 0 at 2026-09-17T19:51:44+02:00
