# candidate T19 Change 4 -- CACHED transformed A
#   PolyMatrix::prepare forward-transforms every entry once;
#   PreparedMatrix::apply then does pointwise MAC only, so the left
#   operand's twist+forward vanish: 7168 modular multiplies per term
#   per prime against the fused dot's 13312 and the unfused 21528.
#   generate_decomps prepares A above the block loop -- 192 MiB once,
#   independent of BLOCKS -- and applies it to every message block.
# NOT wired into mat_vec_mul: the store is rows*cols*24 KiB, which is
#   192 MiB for A (1x8192) but 4.8 GiB for rlin_stmt's M (5x40976).
# RUN 7: run 6 is VOID -- its slot fingerprint read 'null candidate'
#   because Change 4 had been copied back into hachi/src (for the
#   extraction and the proofs) while that run was in flight, so both
#   arms compiled the same code. hachi/src is the champion for this
#   run and is not touched until the report lands. The slot is byte-
#   identical to run 5's (ring 45a033159e85), so runs 5 and 7 are the
#   two independent runs the single-row rule asks for.
# The commit/generate_decomps row is NEW: its exclusion said 'until a
#   sub-quadratic ring::mul lands', which the NTT and the fused dot
#   both satisfy. blocks=4, samples=10 -- run 1 at blocks=1 read +15.5%, which is the non-amortized case by construction.
# quiet: idle=99% (gate raised to 92% after run 4 came back unusable at 25.7% bias)
# started 2026-09-17T16:33:52+02:00 at load 0.61 1.38 1.51 2/2476 1204358
==> genesis intact: 361 frozen item(s) verified against git
==> candidate slot: filled by the loop -- not checked under CANDIDATE=1; the report fingerprints it
==> coverage: 156 mirrored item(s), 82 benched, 74 excluded by name, 0 UNACCOUNTED FOR  (+5 non-mirrored item(s) benched as well)
   Compiling hachi v0.1.0 (/home/pablo/Documents/internship-eth/AeneasArklib/hachi)
warning: unused variable: `seed`
   --> benches/quadeval.rs:83:32
    |
 83 |             fn short_challenge(seed: u64, weight: u64, mag: u64) -> Rq {
    |                                ^^^^
...
430 | define_cases!(now, hachi);
    | ------------------------- in this macro invocation
    |
help: `seed` is captured in macro and introduced a unused variable
   --> benches/quadeval.rs:83:32
    |
 83 |             fn short_challenge(seed: u64, weight: u64, mag: u64) -> Rq {
    |                                ^^^^
...
430 | define_cases!(now, hachi);
    | ------------------------- in this macro invocation
    = note: `#[warn(unused_variables)]` (part of `#[warn(unused)]`) on by default
    = note: this warning originates in the macro `define_cases` (in Nightly builds, run with -Z macro-backtrace for more info)

warning: unused variable: `seed`
   --> benches/quadeval.rs:83:32
    |
 83 |             fn short_challenge(seed: u64, weight: u64, mag: u64) -> Rq {
    |                                ^^^^
...
431 | define_cases!(genesis, hachi_genesis);
    | ------------------------------------- in this macro invocation
    |
help: `seed` is captured in macro and introduced a unused variable
   --> benches/quadeval.rs:83:32
    |
 83 |             fn short_challenge(seed: u64, weight: u64, mag: u64) -> Rq {
    |                                ^^^^
...
431 | define_cases!(genesis, hachi_genesis);
    | ------------------------------------- in this macro invocation
    = note: this warning originates in the macro `define_cases` (in Nightly builds, run with -Z macro-backtrace for more info)

warning: unused variable: `seed`
   --> benches/quadeval.rs:83:32
    |
 83 |             fn short_challenge(seed: u64, weight: u64, mag: u64) -> Rq {
    |                                ^^^^
...
433 | define_cases!(candidate, hachi_candidate);
    | ----------------------------------------- in this macro invocation
    |
help: `seed` is captured in macro and introduced a unused variable
   --> benches/quadeval.rs:83:32
    |
 83 |             fn short_challenge(seed: u64, weight: u64, mag: u64) -> Rq {
    |                                ^^^^
...
433 | define_cases!(candidate, hachi_candidate);
    | ----------------------------------------- in this macro invocation
    = note: this warning originates in the macro `define_cases` (in Nightly builds, run with -Z macro-backtrace for more info)

warning: `hachi` (bench "quadeval") generated 3 warnings
    Finished `bench` profile [optimized] target(s) in 28.52s
     Running benches/commit.rs (target/release/deps/commit-e501a9e003cee570)
Benchmarking _control/commit/now/8192
Benchmarking _control/commit/now/8192: Warming up for 1.0000 s
Benchmarking _control/commit/now/8192: Collecting 50 samples in estimated 11.343 s (300 iterations)
Benchmarking _control/commit/now/8192: Analyzing
_control/commit/now/8192
                        time:   [37.869 ms 37.986 ms 38.146 ms]
                        change: [+11.102% +11.661% +12.278%] (p = 0.00 < 0.05)
                        Performance has regressed.
Found 4 outliers among 50 measurements (8.00%)
  3 (6.00%) low mild
  1 (2.00%) high severe
Benchmarking _control/commit/candidate/8192
Benchmarking _control/commit/candidate/8192: Warming up for 1.0000 s
Benchmarking _control/commit/candidate/8192: Collecting 50 samples in estimated 11.430 s (300 iterations)
Benchmarking _control/commit/candidate/8192: Analyzing
_control/commit/candidate/8192
                        time:   [38.163 ms 38.253 ms 38.347 ms]
                        change: [+12.527% +13.051% +13.530%] (p = 0.00 < 0.05)
                        Performance has regressed.
Found 3 outliers among 50 measurements (6.00%)
  3 (6.00%) high mild
Benchmarking _control/commit/genesis/8192
Benchmarking _control/commit/genesis/8192: Warming up for 1.0000 s
Benchmarking _control/commit/genesis/8192: Collecting 50 samples in estimated 11.554 s (300 iterations)
Benchmarking _control/commit/genesis/8192: Analyzing
_control/commit/genesis/8192
                        time:   [38.341 ms 38.406 ms 38.470 ms]
                        change: [+11.620% +12.029% +12.416%] (p = 0.00 < 0.05)
                        Performance has regressed.
Found 2 outliers among 50 measurements (4.00%)
  2 (4.00%) low mild

Benchmarking commit/generate_decomps/now/4
Benchmarking commit/generate_decomps/now/4: Warming up for 1.0000 s

Warning: Unable to complete 10 samples in 10.0s. You may wish to increase target time to 60.9s.
Benchmarking commit/generate_decomps/now/4: Collecting 10 samples in estimated 60.931 s (10 iterations)
Benchmarking commit/generate_decomps/now/4: Analyzing
commit/generate_decomps/now/4
                        time:   [6.0980 s 6.1049 s 6.1102 s]
                        change: [−0.4193% +4.2229% +6.9478%] (p = 0.07 > 0.05)
                        No change in performance detected.
Found 1 outliers among 10 measurements (10.00%)
  1 (10.00%) low severe
Benchmarking commit/generate_decomps/candidate/4
Benchmarking commit/generate_decomps/candidate/4: Warming up for 1.0000 s

Warning: Unable to complete 10 samples in 10.0s. You may wish to increase target time to 44.4s.
Benchmarking commit/generate_decomps/candidate/4: Collecting 10 samples in estimated 44.356 s (10 iterations)
Benchmarking commit/generate_decomps/candidate/4: Analyzing
commit/generate_decomps/candidate/4
                        time:   [4.4119 s 4.4174 s 4.4243 s]
                        change: [−7.2558% +0.4984% +7.3477%] (p = 0.90 > 0.05)
                        No change in performance detected.
Found 2 outliers among 10 measurements (20.00%)
  1 (10.00%) high mild
  1 (10.00%) high severe
Benchmarking commit/generate_decomps/genesis/4
Benchmarking commit/generate_decomps/genesis/4: Warming up for 1.0000 s

Warning: Unable to complete 10 samples in 10.0s. You may wish to increase target time to 453.8s.
Benchmarking commit/generate_decomps/genesis/4: Collecting 10 samples in estimated 453.82 s (10 iterations)
Benchmarking commit/generate_decomps/genesis/4: Analyzing
commit/generate_decomps/genesis/4
                        time:   [45.350 s 45.361 s 45.372 s]
                        change: [−1.3715% +0.1382% +2.1432%] (p = 0.89 > 0.05)
                        No change in performance detected.

     Running benches/endpiece.rs (target/release/deps/endpiece-4dcb3a08d8a0c99f)
Benchmarking _control/endpiece/now/8192
Benchmarking _control/endpiece/now/8192: Warming up for 1.0000 s
Benchmarking _control/endpiece/now/8192: Collecting 50 samples in estimated 11.414 s (300 iterations)
Benchmarking _control/endpiece/now/8192: Analyzing
_control/endpiece/now/8192
                        time:   [37.919 ms 37.950 ms 37.981 ms]
                        change: [−9.7375% −5.3447% −1.5643%] (p = 0.01 < 0.05)
                        Change within noise threshold.
Benchmarking _control/endpiece/candidate/8192
Benchmarking _control/endpiece/candidate/8192: Warming up for 1.0000 s
Benchmarking _control/endpiece/candidate/8192: Collecting 50 samples in estimated 11.403 s (300 iterations)
Benchmarking _control/endpiece/candidate/8192: Analyzing
_control/endpiece/candidate/8192
                        time:   [37.724 ms 37.824 ms 37.922 ms]
                        change: [−0.4987% −0.1376% +0.2113%] (p = 0.47 > 0.05)
                        No change in performance detected.
Benchmarking _control/endpiece/genesis/8192
Benchmarking _control/endpiece/genesis/8192: Warming up for 1.0000 s
Benchmarking _control/endpiece/genesis/8192: Collecting 50 samples in estimated 11.474 s (300 iterations)
Benchmarking _control/endpiece/genesis/8192: Analyzing
_control/endpiece/genesis/8192
                        time:   [38.094 ms 38.131 ms 38.172 ms]
                        change: [−9.1167% −4.5957% −0.5935%] (p = 0.03 < 0.05)
                        Change within noise threshold.
Found 2 outliers among 50 measurements (4.00%)
  2 (4.00%) high mild

     Running benches/evalsplit.rs (target/release/deps/evalsplit-849edf7de0e73e22)
Benchmarking _control/evalsplit/now/8192
Benchmarking _control/evalsplit/now/8192: Warming up for 1.0000 s
Benchmarking _control/evalsplit/now/8192: Collecting 100 samples in estimated 7.6586 s (200 iterations)
Benchmarking _control/evalsplit/now/8192: Analyzing
_control/evalsplit/now/8192
                        time:   [37.905 ms 38.004 ms 38.099 ms]
                        change: [−0.0390% +0.2861% +0.6011%] (p = 0.09 > 0.05)
                        No change in performance detected.
Found 26 outliers among 100 measurements (26.00%)
  19 (19.00%) low severe
  2 (2.00%) low mild
  4 (4.00%) high mild
  1 (1.00%) high severe
Benchmarking _control/evalsplit/candidate/8192
Benchmarking _control/evalsplit/candidate/8192: Warming up for 1.0000 s
Benchmarking _control/evalsplit/candidate/8192: Collecting 100 samples in estimated 7.6790 s (200 iterations)
Benchmarking _control/evalsplit/candidate/8192: Analyzing
_control/evalsplit/candidate/8192
                        time:   [38.534 ms 38.603 ms 38.678 ms]
                        change: [+1.1657% +1.4220% +1.6747%] (p = 0.00 < 0.05)
                        Change within noise threshold.
Found 7 outliers among 100 measurements (7.00%)
  4 (4.00%) high mild
  3 (3.00%) high severe
Benchmarking _control/evalsplit/genesis/8192
Benchmarking _control/evalsplit/genesis/8192: Warming up for 1.0000 s
Benchmarking _control/evalsplit/genesis/8192: Collecting 100 samples in estimated 7.6473 s (200 iterations)
Benchmarking _control/evalsplit/genesis/8192: Analyzing
_control/evalsplit/genesis/8192
                        time:   [38.634 ms 38.707 ms 38.783 ms]
                        change: [−0.0987% +0.2652% +0.6134%] (p = 0.16 > 0.05)
                        No change in performance detected.
Found 3 outliers among 100 measurements (3.00%)
  2 (2.00%) high mild
  1 (1.00%) high severe

     Running benches/gadget.rs (target/release/deps/gadget-cb0d6b60767a96a9)
Benchmarking _control/gadget/now/8192
Benchmarking _control/gadget/now/8192: Warming up for 1.0000 s
Benchmarking _control/gadget/now/8192: Collecting 100 samples in estimated 8.0653 s (200 iterations)
Benchmarking _control/gadget/now/8192: Analyzing
_control/gadget/now/8192
                        time:   [37.865 ms 37.965 ms 38.077 ms]
                        change: [−0.1769% +0.1677% +0.5068%] (p = 0.34 > 0.05)
                        No change in performance detected.
Found 2 outliers among 100 measurements (2.00%)
  1 (1.00%) high mild
  1 (1.00%) high severe
Benchmarking _control/gadget/candidate/8192
Benchmarking _control/gadget/candidate/8192: Warming up for 1.0000 s
Benchmarking _control/gadget/candidate/8192: Collecting 100 samples in estimated 8.1059 s (200 iterations)
Benchmarking _control/gadget/candidate/8192: Analyzing
_control/gadget/candidate/8192
                        time:   [39.945 ms 40.020 ms 40.096 ms]
                        change: [+2.8325% +3.2009% +3.5418%] (p = 0.00 < 0.05)
                        Change within noise threshold.
Benchmarking _control/gadget/genesis/8192
Benchmarking _control/gadget/genesis/8192: Warming up for 1.0000 s
Benchmarking _control/gadget/genesis/8192: Collecting 100 samples in estimated 8.0595 s (200 iterations)
Benchmarking _control/gadget/genesis/8192: Analyzing
_control/gadget/genesis/8192
                        time:   [40.157 ms 40.222 ms 40.298 ms]
                        change: [+4.2591% +4.5004% +4.7329%] (p = 0.00 < 0.05)
                        Performance has regressed.
Found 4 outliers among 100 measurements (4.00%)
  3 (3.00%) low mild
  1 (1.00%) high severe

     Running benches/linalg.rs (target/release/deps/linalg-e127a11bb53a82b9)
Benchmarking _control/linalg/now/8192
Benchmarking _control/linalg/now/8192: Warming up for 1.0000 s
Benchmarking _control/linalg/now/8192: Collecting 100 samples in estimated 7.7544 s (200 iterations)
Benchmarking _control/linalg/now/8192: Analyzing
_control/linalg/now/8192
                        time:   [38.628 ms 38.716 ms 38.820 ms]
                        change: [−11.906% −8.0991% −4.4517%] (p = 0.00 < 0.05)
                        Performance has improved.
Found 11 outliers among 100 measurements (11.00%)
  3 (3.00%) low mild
  4 (4.00%) high mild
  4 (4.00%) high severe
Benchmarking _control/linalg/candidate/8192
Benchmarking _control/linalg/candidate/8192: Warming up for 1.0000 s
Benchmarking _control/linalg/candidate/8192: Collecting 100 samples in estimated 7.7658 s (200 iterations)
Benchmarking _control/linalg/candidate/8192: Analyzing
_control/linalg/candidate/8192
                        time:   [38.953 ms 39.025 ms 39.103 ms]
                        change: [+1.3624% +1.5842% +1.8228%] (p = 0.00 < 0.05)
                        Change within noise threshold.
Found 4 outliers among 100 measurements (4.00%)
  1 (1.00%) low mild
  2 (2.00%) high mild
  1 (1.00%) high severe
Benchmarking _control/linalg/genesis/8192
Benchmarking _control/linalg/genesis/8192: Warming up for 1.0000 s
Benchmarking _control/linalg/genesis/8192: Collecting 100 samples in estimated 7.7493 s (200 iterations)
Benchmarking _control/linalg/genesis/8192: Analyzing
_control/linalg/genesis/8192
                        time:   [38.785 ms 38.886 ms 39.000 ms]
                        change: [+0.6590% +0.9535% +1.2297%] (p = 0.00 < 0.05)
                        Change within noise threshold.
Found 11 outliers among 100 measurements (11.00%)
  5 (5.00%) high mild
  6 (6.00%) high severe

     Running benches/quadeval.rs (target/release/deps/quadeval-d1cd6e42de772a27)
Benchmarking _control/quadeval/now/8192
Benchmarking _control/quadeval/now/8192: Warming up for 1.0000 s
Benchmarking _control/quadeval/now/8192: Collecting 100 samples in estimated 7.4280 s (200 iterations)
Benchmarking _control/quadeval/now/8192: Analyzing
_control/quadeval/now/8192
                        time:   [37.535 ms 37.591 ms 37.652 ms]
                        change: [−1.2507% −0.9966% −0.7510%] (p = 0.00 < 0.05)
                        Change within noise threshold.
Found 7 outliers among 100 measurements (7.00%)
  2 (2.00%) low mild
  3 (3.00%) high mild
  2 (2.00%) high severe
Benchmarking _control/quadeval/candidate/8192
Benchmarking _control/quadeval/candidate/8192: Warming up for 1.0000 s
Benchmarking _control/quadeval/candidate/8192: Collecting 100 samples in estimated 7.6533 s (200 iterations)
Benchmarking _control/quadeval/candidate/8192: Analyzing
_control/quadeval/candidate/8192
                        time:   [38.342 ms 38.388 ms 38.443 ms]
                        change: [+0.3293% +0.5678% +0.8047%] (p = 0.00 < 0.05)
                        Change within noise threshold.
Found 6 outliers among 100 measurements (6.00%)
  1 (1.00%) low mild
  3 (3.00%) high mild
  2 (2.00%) high severe
Benchmarking _control/quadeval/genesis/8192
Benchmarking _control/quadeval/genesis/8192: Warming up for 1.0000 s
Benchmarking _control/quadeval/genesis/8192: Collecting 100 samples in estimated 7.6768 s (200 iterations)
Benchmarking _control/quadeval/genesis/8192: Analyzing
_control/quadeval/genesis/8192
                        time:   [38.159 ms 38.217 ms 38.280 ms]
                        change: [−0.5310% −0.2436% +0.0275%] (p = 0.10 > 0.05)
                        No change in performance detected.
Found 3 outliers among 100 measurements (3.00%)
  2 (2.00%) high mild
  1 (1.00%) high severe

     Running benches/ring.rs (target/release/deps/ring-cb059cc8e6ccdb85)
Benchmarking _control/ring/now/8192
Benchmarking _control/ring/now/8192: Warming up for 1.0000 s
Benchmarking _control/ring/now/8192: Collecting 100 samples in estimated 7.6277 s (200 iterations)
Benchmarking _control/ring/now/8192: Analyzing
_control/ring/now/8192  time:   [38.057 ms 38.097 ms 38.137 ms]
                        change: [−0.3200% −0.1080% +0.0955%] (p = 0.31 > 0.05)
                        No change in performance detected.
Found 2 outliers among 100 measurements (2.00%)
  1 (1.00%) low mild
  1 (1.00%) high mild
Benchmarking _control/ring/candidate/8192
Benchmarking _control/ring/candidate/8192: Warming up for 1.0000 s
Benchmarking _control/ring/candidate/8192: Collecting 100 samples in estimated 7.6489 s (200 iterations)
Benchmarking _control/ring/candidate/8192: Analyzing
_control/ring/candidate/8192
                        time:   [38.650 ms 38.733 ms 38.826 ms]
                        change: [+0.4896% +0.7031% +0.9675%] (p = 0.00 < 0.05)
                        Change within noise threshold.
Found 7 outliers among 100 measurements (7.00%)
  6 (6.00%) high mild
  1 (1.00%) high severe
Benchmarking _control/ring/genesis/8192
Benchmarking _control/ring/genesis/8192: Warming up for 1.0000 s
Benchmarking _control/ring/genesis/8192: Collecting 100 samples in estimated 7.6981 s (200 iterations)
Benchmarking _control/ring/genesis/8192: Analyzing
_control/ring/genesis/8192
                        time:   [38.430 ms 38.495 ms 38.566 ms]
                        change: [+0.2328% +0.4263% +0.6119%] (p = 0.00 < 0.05)
                        Change within noise threshold.
Found 13 outliers among 100 measurements (13.00%)
  1 (1.00%) low severe
  5 (5.00%) low mild
  2 (2.00%) high mild
  5 (5.00%) high severe

     Running benches/ringswitch.rs (target/release/deps/ringswitch-edfad5e15323c877)
Benchmarking _control/ringswitch/now/8192
Benchmarking _control/ringswitch/now/8192: Warming up for 1.0000 s
Benchmarking _control/ringswitch/now/8192: Collecting 50 samples in estimated 11.516 s (300 iterations)
Benchmarking _control/ringswitch/now/8192: Analyzing
_control/ringswitch/now/8192
                        time:   [38.680 ms 38.758 ms 38.843 ms]
                        change: [+1.0046% +1.2674% +1.5317%] (p = 0.00 < 0.05)
                        Change within noise threshold.
Found 2 outliers among 50 measurements (4.00%)
  1 (2.00%) high mild
  1 (2.00%) high severe
Benchmarking _control/ringswitch/candidate/8192
Benchmarking _control/ringswitch/candidate/8192: Warming up for 1.0000 s
Benchmarking _control/ringswitch/candidate/8192: Collecting 50 samples in estimated 11.572 s (300 iterations)
Benchmarking _control/ringswitch/candidate/8192: Analyzing
_control/ringswitch/candidate/8192
                        time:   [38.427 ms 38.508 ms 38.606 ms]
                        change: [+0.1457% +0.3826% +0.6676%] (p = 0.00 < 0.05)
                        Change within noise threshold.
Found 4 outliers among 50 measurements (8.00%)
  3 (6.00%) high mild
  1 (2.00%) high severe
Benchmarking _control/ringswitch/genesis/8192
Benchmarking _control/ringswitch/genesis/8192: Warming up for 1.0000 s
Benchmarking _control/ringswitch/genesis/8192: Collecting 50 samples in estimated 11.607 s (300 iterations)
Benchmarking _control/ringswitch/genesis/8192: Analyzing
_control/ringswitch/genesis/8192
                        time:   [38.576 ms 38.645 ms 38.714 ms]
                        change: [+0.0973% +0.3158% +0.5420%] (p = 0.01 < 0.05)
                        Change within noise threshold.
Found 7 outliers among 50 measurements (14.00%)
  1 (2.00%) low severe
  4 (8.00%) low mild
  1 (2.00%) high mild
  1 (2.00%) high severe

     Running benches/sumcheck.rs (target/release/deps/sumcheck-c4631ec8618abdaa)
Benchmarking _control/sumcheck/now/8192
Benchmarking _control/sumcheck/now/8192: Warming up for 1.0000 s
Benchmarking _control/sumcheck/now/8192: Collecting 50 samples in estimated 11.100 s (250 iterations)
Benchmarking _control/sumcheck/now/8192: Analyzing
_control/sumcheck/now/8192
                        time:   [38.743 ms 38.803 ms 38.871 ms]
                        change: [−11.097% −6.2951% −1.9807%] (p = 0.01 < 0.05)
                        Change within noise threshold.
Found 5 outliers among 50 measurements (10.00%)
  3 (6.00%) high mild
  2 (4.00%) high severe
Benchmarking _control/sumcheck/candidate/8192
Benchmarking _control/sumcheck/candidate/8192: Warming up for 1.0000 s
Benchmarking _control/sumcheck/candidate/8192: Collecting 50 samples in estimated 11.525 s (300 iterations)
Benchmarking _control/sumcheck/candidate/8192: Analyzing
_control/sumcheck/candidate/8192
                        time:   [38.424 ms 38.475 ms 38.537 ms]
                        change: [−9.3873% −4.8853% −1.0563%] (p = 0.02 < 0.05)
                        Change within noise threshold.
Found 3 outliers among 50 measurements (6.00%)
  1 (2.00%) low mild
  1 (2.00%) high mild
  1 (2.00%) high severe
Benchmarking _control/sumcheck/genesis/8192
Benchmarking _control/sumcheck/genesis/8192: Warming up for 1.0000 s
Benchmarking _control/sumcheck/genesis/8192: Collecting 50 samples in estimated 11.525 s (300 iterations)
Benchmarking _control/sumcheck/genesis/8192: Analyzing
_control/sumcheck/genesis/8192
                        time:   [38.545 ms 38.627 ms 38.709 ms]
                        change: [+2.0690% +2.3629% +2.6418%] (p = 0.00 < 0.05)
                        Change within noise threshold.
Found 2 outliers among 50 measurements (4.00%)
  1 (2.00%) low mild
  1 (2.00%) high mild

     Running benches/zerocheck.rs (target/release/deps/zerocheck-6269fe6e9934ddb4)
Benchmarking _control/zerocheck/now/8192
Benchmarking _control/zerocheck/now/8192: Warming up for 1.0000 s
Benchmarking _control/zerocheck/now/8192: Collecting 50 samples in estimated 12.203 s (250 iterations)
Benchmarking _control/zerocheck/now/8192: Analyzing
_control/zerocheck/now/8192
                        time:   [38.393 ms 38.516 ms 38.671 ms]
                        change: [+0.5356% +0.9218% +1.2952%] (p = 0.00 < 0.05)
                        Change within noise threshold.
Found 7 outliers among 50 measurements (14.00%)
  3 (6.00%) low mild
  1 (2.00%) high mild
  3 (6.00%) high severe
Benchmarking _control/zerocheck/candidate/8192
Benchmarking _control/zerocheck/candidate/8192: Warming up for 1.0000 s
Benchmarking _control/zerocheck/candidate/8192: Collecting 50 samples in estimated 11.621 s (300 iterations)
Benchmarking _control/zerocheck/candidate/8192: Analyzing
_control/zerocheck/candidate/8192
                        time:   [38.742 ms 38.855 ms 38.985 ms]
                        change: [+0.8023% +1.2127% +1.6067%] (p = 0.00 < 0.05)
                        Change within noise threshold.
Found 6 outliers among 50 measurements (12.00%)
  1 (2.00%) low mild
  1 (2.00%) high mild
  4 (8.00%) high severe
Benchmarking _control/zerocheck/genesis/8192
Benchmarking _control/zerocheck/genesis/8192: Warming up for 1.0000 s
Benchmarking _control/zerocheck/genesis/8192: Collecting 50 samples in estimated 11.520 s (300 iterations)
Benchmarking _control/zerocheck/genesis/8192: Analyzing
_control/zerocheck/genesis/8192
                        time:   [38.213 ms 38.286 ms 38.362 ms]
                        change: [+0.4636% +0.7438% +1.0108%] (p = 0.00 < 0.05)
                        Change within noise threshold.

  (skipping 110 case(s) not measured in this run)

  machine   AMD Ryzen 7 8845HS w/ Radeon 780M Graphics · 16 cores · Linux 6.17.0-1032-oem · id d19cb42225da
  toolchain rustc 1.98.0-nightly (14210df0e 2026-05-31)
  rustflags (none)
  source    f797e72 +uncommitted
  run       20260917T1633+0200-55e29fc4  <- cite this in a ledger row; a row without it is unattributable

  case                          genesis         now   candidate          vs genesis         cand vs now
  -------------------------  ----------  ----------  ----------  ------------------  ------------------
  commit/generate_decomps/4       45.3s       6.09s       4.41s     -86.6% ▼ faster     -28.5% ▼ faster

  harness self-test — all variants run identical code, so these should read 0%
  _control/commit/8192           37.8ms      37.3ms      37.7ms       -1.5% · noise       +0.0% · noise
  _control/endpiece/8192         37.9ms      37.7ms      37.2ms       -0.4% · noise       +0.0% · noise
  _control/evalsplit/8192          38ms      36.9ms        38ms       -2.8% · noise       +0.0% · noise
  _control/gadget/8192           39.4ms      37.3ms      39.4ms       -5.3% · noise       +0.0% · noise
  _control/linalg/8192           38.3ms      37.9ms      38.3ms       -1.0% · noise       +0.0% · noise
  _control/quadeval/8192         37.9ms      36.9ms      37.9ms       -2.5% · noise       +0.0% · noise
  _control/ring/8192             37.7ms      37.6ms        38ms       -0.2% · noise       +0.0% · noise
  _control/ringswitch/8192         38ms      38.3ms      38.2ms       +0.5% · noise       +0.0% · noise
  _control/sumcheck/8192           38ms      38.5ms      38.2ms       +1.4% · noise       +0.0% · noise
  _control/zerocheck/8192        37.9ms      37.8ms      38.3ms       -0.2% · noise       +0.0% · noise

  times average the 3 fastest of criterion's settled samples (those given at least
  half the maximum iteration count), which is robust to background load; criterion's
  own output above reports its regression slope and reads higher.
  Only the `vs genesis` column is a comparison; an absolute time is not comparable
  to another run's, nor to another row's.

  A/B bias       5.6%  worst of the identical-code controls, applied as a flat threshold
  cand lean    commit +1.2%  endpiece -1.6%  evalsplit +3.0%  gadget +5.6%  linalg +0.9%  quadeval +2.6%  ring +1.0%  ringswitch -0.3%  sumcheck -0.9%  zerocheck +1.4%
               the slot's signed identical-code offset, measured per binary by its
               control and divided out of `cand vs now` before any verdict; a
               control's own adjusted value is 0 by construction
  slot         diverged from hachi/src: ring 45a033159e85, linalg 0934e1987788, commit f2b53b1b1be5
               the candidate numbers above belong to that diff — keep the sha with them

  Note: 5.6% is what a change has to beat on this run. A quieter machine
  brings it down; nothing inside the harness does.
# exit 0 at 2026-09-17T16:53:35+02:00
