# the_honest_chain_profile — POST-BUMP, on 3a30fd2 clean, 1 block
# pairs with honest-chain-profile-20260916-preBump.log (e121964, 567.2s, control 500.7->530.3ms).
# The harness CANNOT measure a cpoly bump (all three variants share the pin by design),
#   so this profile is the whole measurement. Verdict will be accepted-surface, no
#   within-run verdict exists, and the error bar is stated in the ledger row.
# NOTE on the control: profile_control() lives in hachi-genesis, which ALSO got the new
#   cpoly, so it is not immune to this change. It is allocate-and-fill over Rq::zero and
#   does no multiplication, so it should be near-unmoved -- if it moves materially, the
#   bump touched more than multiply/square/reduce and the rest needs re-reading.
# started 2026-09-16T22:11:40+02:00 at load 0.93 1.48 1.25
    Finished `release` profile [optimized] target(s) in 0.02s
     Running tests/chain_semantics.rs (hachi/target/release/deps/chain_semantics-d8b42317af48628a)

running 1 test
[profile] control (frozen genesis PolyVec::zeros x50): 547.4ms
[     6.1s] committed 1 block(s)
[    10.8s] statement built
[    11.5s] honest_compute_v done
[    18.1s] honest_compute_resp + stack done
[    19.5s] R^lin statement assembled: 5 x 40976
[    19.5s] M zeta = y SKIPPED (not protocol work)
test the_honest_chain_profile has been running for over 60 seconds
[   151.5s] lifted witness built, lift width 41016
[profile] rlin_stmt (verifier assembles it too): 374.1ms
[profile] lift_commit: 26.5s
[profile] c_w_table_mle at 2^26: 922.5ms (67108864 entries)
[profile] alpha_public_table at 2^26: 8.4s (67108864 entries)
[profile] honest_round_messages (26 rounds, incl. its own two tables): 212.8s
[profile] honest_compute_y: 2.5s
[profile] verifier: rlin_stmt + statement thread: 335.3ms
[profile] verifier: round_verify_loop (26 rounds): 46.6µs
[profile] verifier: final_check = true: 4.7s
[profile] verifier: end_piece_check = true: 29.6s
[profile] chain_verify (whole) = true: 37.4s
[profile] control (frozen genesis PolyVec::zeros x50): 554.7ms
[profile] control spread within run: +1.3%  (recenter cross-run deltas by the level)
[   477.2s] profile done
test the_honest_chain_profile ... ok

test result: ok. 1 passed; 0 failed; 0 ignored; 0 measured; 4 filtered out; finished in 477.45s

# exit 0 at 2026-09-16T22:19:37+02:00
