# the_honest_chain_verifies at HACHI_CHAIN_BLOCKS=64 — started 2026-09-15T08:30:28+02:00 on 858fe3d, AC=1, Stage 7 route 1 (reduced-blocks end-to-end), agreed with the user
    Finished `release` profile [optimized] target(s) in 0.11s
     Running tests/chain_semantics.rs (target/release/deps/chain_semantics-8acfa975251b1c87)

running 1 test
test the_honest_chain_verifies ... [   773.7s] committed 64 block(s)
[  1277.4s] statement built
[  1372.8s] honest_compute_v done

thread 'the_honest_chain_verifies' panicked at src/linalg.rs:92:16:
index out of bounds: the len is 1 but the index is 1
note: run with `RUST_BACKTRACE=1` environment variable to display a backtrace
FAILED

failures:

failures:
    the_honest_chain_verifies

test result: FAILED. 0 passed; 1 failed; 0 ignored; 0 measured; 4 filtered out; finished in 1480.03s

error: test failed, to rerun pass `--test chain_semantics`
# exit 101 at 2026-09-15T08:55:08+02:00

# run 2 (the challenge vector sized by the block count, test-only fix) — started 2026-09-15T08:57:46+02:00 on 858fe3d + uncommitted test fix, AC=1, Stage 7 route 1
    Finished `release` profile [optimized] target(s) in 0.02s
     Running tests/chain_semantics.rs (target/release/deps/chain_semantics-8acfa975251b1c87)

running 1 test
test the_honest_chain_verifies has been running for over 60 seconds
[   759.9s] committed 64 block(s)
[  1265.4s] statement built
[  1364.6s] honest_compute_v done
[  2214.6s] honest_compute_resp + stack done
[  2216.0s] R^lin statement assembled: 5 x 41984
[  2515.8s] M zeta = y holds
[  2826.2s] lifted witness built, lift width 42024
[  3979.9s] chain_open done
[  4180.0s] chain_verify = true
test the_honest_chain_verifies ... ok

test result: ok. 1 passed; 0 failed; 0 ignored; 0 measured; 4 filtered out; finished in 4180.69s

# exit 0 at 2026-09-15T10:07:27+02:00
