# T33 (short multiply, deferred reduction) at the pin, 2026-09-19T20:08:24+02:00, HEAD 60c85f2
   Compiling hachi-genesis v0.0.0 (/home/pablo/Documents/internship-eth/AeneasArklib/hachi/benches/genesis)
   Compiling hachi-candidate v0.0.0 (/home/pablo/Documents/internship-eth/AeneasArklib/hachi/benches/candidate)
warning: function `div_by_modulus` is never used
   --> src/ringswitch.rs:578:4
    |
578 | fn div_by_modulus(p: &Vec<Fp>) -> Vec<Fp> {
    |    ^^^^^^^^^^^^^^
    |
    = note: `#[warn(dead_code)]` on by default

warning: `hachi` (lib) generated 1 warning
   Compiling hachi v0.1.0 (/home/pablo/Documents/internship-eth/AeneasArklib/hachi)
warning: variable does not need to be mutable
    --> tests/chain_semantics.rs:1510:9
     |
1510 |     let mut timed = |name: &str, f: fn(&PolyVec) -> PolyVec| -> f64 {
     |         ----^^^^^
     |         |
     |         help: remove this `mut`
     |
     = note: `#[warn(unused_mut)]` on by default

warning: variable does not need to be mutable
    --> tests/chain_semantics.rs:2333:9
     |
2333 |     let mut e4 = |r: &mut Lcg| Ext4::from_base(cpoly::field::Fp::new(r.next_u64() % hachi::params::Q));
     |         ----^^
     |         |
     |         help: remove this `mut`

warning: unused variable: `q`
    --> tests/chain_semantics.rs:3270:9
     |
3270 |     let q = hachi::params::Q;
     |         ^ help: if this is intentional, prefix it with an underscore: `_q`
     |
     = note: `#[warn(unused_variables)]` on by default

warning: unused variable: `q`
    --> tests/chain_semantics.rs:3390:9
     |
3390 |     let q = hachi::params::Q;
     |         ^ help: if this is intentional, prefix it with an underscore: `_q`

warning: `hachi` (test "chain_semantics") generated 4 warnings (run `cargo fix --test "chain_semantics"` to apply 2 suggestions)
    Finished `release` profile [optimized] target(s) in 2.47s
     Running tests/chain_semantics.rs (target/release/deps/chain_semantics-d8b42317af48628a)

running 1 test
[profile] control (frozen genesis PolyVec::zeros x50): 503.6ms
test the_honest_chain_profile has been running for over 60 seconds
[  untimed ] +   369.6s  peak   4360 live   4360 MiB  dense_eval (SCAFFOLDING, outside the timed region)
[   575.3s] +   200.0s  peak   4536 live   4473 MiB  committed 1024 block(s)
[   576.0s] +  700.7ms  peak   4536 live   4473 MiB  statement built
[   674.1s] +    98.1s  peak   4536 live   4497 MiB  carrier_decomp_from_raw (shared by v and the response)
[   675.4s] +     1.3s  peak   4536 live   4497 MiB  honest_compute_v_from_decomp
[   829.5s] +   154.1s  peak   5453 live   5453 MiB  honest_compute_resp + stack
[   829.5s] +   16.0ms  peak   5453 live   5453 MiB  raw message dropped (dead from here: T28 removed its last reader)
[   829.9s] +  403.7ms  peak   5453 live   5453 MiB  R^lin statement assembled: 5 x 57344
[   829.9s] +   81.0ns  peak   5453 live   5453 MiB  M zeta = y SKIPPED (not prover work)
[   865.9s] +    35.9s  peak   5453 live   5453 MiB  lifted witness built, lift width 57384
[   865.9s] ---------  peak   5453 live   5059 MiB  raw message already dead (T28)
[profile] rlin_stmt (verifier assembles it too): 401.7ms
[profile] lift_commit: 18.0s
[profile] c_w_table_mle at 2^26: 211.7ms (67108864 entries)
[profile] alpha_public_table at 2^26: 10.6s (67108864 entries)
[profile] honest_round_messages (26 rounds, incl. its own two tables): 153.8s
[profile] honest_compute_y: 1.2s
[profile] verifier: rlin_stmt + statement thread: 412.6ms
[profile] verifier: round_verify_loop (26 rounds): 42.1µs
[profile] verifier: final_check = true: 6.5s
[profile] verifier: end_piece_check = true: 19.1s
[profile] chain_verify (whole) = true: 27.6s
[profile] control (frozen genesis PolyVec::zeros x50): 517.7ms
[profile] control spread within run: +2.8%  (recenter cross-run deltas by the level)
[  1105.0s] profile done
test the_honest_chain_profile ... ok

test result: ok. 1 passed; 0 failed; 0 ignored; 0 measured; 23 filtered out; finished in 1105.31s

# exit 0 at 2026-09-19T20:26:52+02:00
