# card S1 (short multiply split at the wrap point), 2026-09-20T18:18:08+02:00, HEAD be25649
   Compiling hachi v0.1.0 (/home/pablo/Documents/internship-eth/AeneasArklib/hachi)
   Compiling hachi-candidate v0.0.0 (/home/pablo/Documents/internship-eth/AeneasArklib/hachi/benches/candidate)
warning: function `div_by_modulus` is never used
   --> src/ringswitch.rs:578:4
    |
578 | fn div_by_modulus(p: &Vec<Fp>) -> Vec<Fp> {
    |    ^^^^^^^^^^^^^^
    |
    = note: `#[warn(dead_code)]` on by default

warning: `hachi` (lib) generated 1 warning
warning: variable does not need to be mutable
    --> tests/chain_semantics.rs:1567:9
     |
1567 |     let mut timed = |name: &str, f: fn(&PolyVec) -> PolyVec| -> f64 {
     |         ----^^^^^
     |         |
     |         help: remove this `mut`
     |
     = note: `#[warn(unused_mut)]` on by default

warning: variable does not need to be mutable
    --> tests/chain_semantics.rs:2390:9
     |
2390 |     let mut e4 = |r: &mut Lcg| Ext4::from_base(cpoly::field::Fp::new(r.next_u64() % hachi::params::Q));
     |         ----^^
     |         |
     |         help: remove this `mut`

warning: unused variable: `q`
    --> tests/chain_semantics.rs:3327:9
     |
3327 |     let q = hachi::params::Q;
     |         ^ help: if this is intentional, prefix it with an underscore: `_q`
     |
     = note: `#[warn(unused_variables)]` on by default

warning: unused variable: `q`
    --> tests/chain_semantics.rs:3447:9
     |
3447 |     let q = hachi::params::Q;
     |         ^ help: if this is intentional, prefix it with an underscore: `_q`

warning: `hachi` (test "chain_semantics") generated 4 warnings (run `cargo fix --test "chain_semantics"` to apply 2 suggestions)
    Finished `release` profile [optimized] target(s) in 2.88s
     Running tests/chain_semantics.rs (target/release/deps/chain_semantics-d8b42317af48628a)

running 1 test
[profile] control CPU (frozen genesis range_product_base x2000000): 77.0ms = 38.49 ns/call
[profile] control alloc (frozen genesis PolyVec::zeros x50, LEGACY): 506.8ms
test the_honest_chain_profile has been running for over 60 seconds
[  untimed ] +   369.6s  peak   4360 live   4360 MiB  dense_eval (SCAFFOLDING, outside the timed region)
[   532.6s] +   157.0s  peak   4536 live   4473 MiB  committed 1024 block(s)
[   533.3s] +  705.5ms  peak   4536 live   4473 MiB  statement built
[   631.5s] +    98.1s  peak   4536 live   4497 MiB  carrier_decomp_from_raw (shared by v and the response)
[   632.7s] +     1.3s  peak   4536 live   4497 MiB  honest_compute_v_from_decomp
[   716.0s] +    83.3s  peak   5453 live   5453 MiB  honest_compute_resp + stack
[   716.0s] +   16.5ms  peak   5453 live   5453 MiB  raw message dropped (dead from here: T28 removed its last reader)
[   716.4s] +  411.3ms  peak   5453 live   5453 MiB  R^lin statement assembled: 5 x 57344
[   716.4s] +   70.0ns  peak   5453 live   5453 MiB  M zeta = y SKIPPED (not prover work)
[   752.3s] +    35.9s  peak   5453 live   5453 MiB  lifted witness built, lift width 57384
[   752.4s] ---------  peak   5453 live   5059 MiB  raw message already dead (T28)
[profile] rlin_stmt (verifier assembles it too): 406.3ms
[profile] lift_commit: 18.0s
[profile] c_w_table_mle at 2^26: 212.3ms (67108864 entries)
[profile] alpha_public_table at 2^26: 10.6s (67108864 entries)
[profile] honest_round_messages (26 rounds, incl. its own two tables): 133.9s
[profile] honest_compute_y: 1.2s
[profile] verifier: rlin_stmt + statement thread: 403.2ms
[profile] verifier: round_verify_loop (26 rounds): 43.5µs
[profile] verifier: final_check = true: 6.6s
[profile] verifier: end_piece_check = true: 19.2s
[profile] chain_verify (whole) = true: 27.7s
[profile] control CPU (frozen genesis range_product_base x2000000): 76.7ms = 38.33 ns/call
[profile] control alloc (frozen genesis PolyVec::zeros x50, LEGACY): 532.0ms
[profile] control CPU spread within run: -0.4%  (recenter cross-run deltas by THIS)
[profile] control alloc spread within run: +5.0%  (legacy, allocation-bound)
[   971.8s] profile done
test the_honest_chain_profile ... ok

test result: ok. 1 passed; 0 failed; 0 ignored; 0 measured; 28 filtered out; finished in 972.14s

# exit 0 at 2026-09-20T18:34:23+02:00
