# merged main: T43 (packed-z) + T40a/T40b (lift-gold) on 681c7be, 2026-09-23T10:48:42+02:00, HEAD 44ca062
   Compiling hachi v0.1.0 (/home/pablo/Documents/internship-eth/AeneasArklib/hachi)
   Compiling hachi-candidate v0.0.0 (/home/pablo/Documents/internship-eth/AeneasArklib/hachi/benches/candidate)
   Compiling hachi-genesis v0.0.0 (/home/pablo/Documents/internship-eth/AeneasArklib/hachi/benches/genesis)
warning: function `div_by_modulus` is never used
   --> src/ringswitch.rs:872:4
    |
872 | fn div_by_modulus(p: &Vec<Fp>) -> Vec<Fp> {
    |    ^^^^^^^^^^^^^^
    |
    = note: `#[warn(dead_code)]` on by default

warning: `hachi` (lib) generated 1 warning
warning: variable does not need to be mutable
    --> tests/chain_semantics.rs:1573:9
     |
1573 |     let mut timed = |name: &str, f: fn(&PolyVec) -> PolyVec| -> f64 {
     |         ----^^^^^
     |         |
     |         help: remove this `mut`
     |
     = note: `#[warn(unused_mut)]` on by default

warning: variable does not need to be mutable
    --> tests/chain_semantics.rs:2396:9
     |
2396 |     let mut e4 = |r: &mut Lcg| Ext4::from_base(cpoly::field::Fp::new(r.next_u64() % hachi::params::Q));
     |         ----^^
     |         |
     |         help: remove this `mut`

warning: unused variable: `q`
    --> tests/chain_semantics.rs:3333:9
     |
3333 |     let q = hachi::params::Q;
     |         ^ help: if this is intentional, prefix it with an underscore: `_q`
     |
     = note: `#[warn(unused_variables)]` on by default

warning: unused variable: `q`
    --> tests/chain_semantics.rs:3453:9
     |
3453 |     let q = hachi::params::Q;
     |         ^ help: if this is intentional, prefix it with an underscore: `_q`

warning: `hachi` (test "chain_semantics") generated 4 warnings (run `cargo fix --test "chain_semantics"` to apply 2 suggestions)
    Finished `release` profile [optimized] target(s) in 3.70s
     Running tests/chain_semantics.rs (target/release/deps/chain_semantics-d8b42317af48628a)

running 1 test
[profile] control CPU (frozen genesis range_product_base x2000000): 81.2ms = 40.59 ns/call
[profile] control alloc (frozen genesis PolyVec::zeros x50, LEGACY): 549.2ms
test the_honest_chain_profile has been running for over 60 seconds
[  untimed ] +   389.0s  peak   4360 live   4360 MiB  dense_eval (SCAFFOLDING, outside the timed region)
[   535.0s] +   139.6s  peak   4536 live   4473 MiB  committed 1024 block(s)
[   535.7s] +  732.3ms  peak   4536 live   4473 MiB  statement built
[   557.7s] +    22.0s  peak   4536 live   4497 MiB  carrier_decomp_from_raw (shared by v and the response)
[   559.0s] +     1.3s  peak   4536 live   4497 MiB  honest_compute_v_from_decomp
[   597.2s] +    38.2s  peak   5454 live   5454 MiB  honest_compute_resp + stack
[   597.2s] +   17.1ms  peak   5454 live   5454 MiB  raw message dropped (dead from here: T28 removed its last reader)
[   597.4s] +  184.9ms  peak   5454 live   5454 MiB  R^lin statement assembled: 5 x 57344
[   597.4s] +   71.0ns  peak   5454 live   5454 MiB  M zeta = y SKIPPED (not prover work)
[   638.4s] +    41.0s  peak   5454 live   5454 MiB  lifted witness built, lift width 57384
[   638.4s] ---------  peak   5453 live   5123 MiB  raw message already dead (T28)
[profile] rlin_stmt (verifier assembles it too): 177.6ms
[profile] lift_commit: 1.6s
[profile] c_w_table_mle at 2^26: 211.2ms (67108864 entries)
[profile] alpha_public_table at 2^26: 10.6s (67108864 entries)
[profile] honest_round_messages (26 rounds, incl. its own two tables): 98.9s
[profile] honest_compute_y: 1.2s
[profile] verifier: rlin_stmt + statement thread: 184.4ms
[profile] verifier: round_verify_loop (26 rounds): 58.9µs
[profile] verifier: final_check = true: 6.6s
[profile] verifier: end_piece_check = true: 2.8s
[profile] chain_verify (whole) = true: 10.2s
[profile] control CPU (frozen genesis range_product_base x2000000): 76.6ms = 38.29 ns/call
[profile] control alloc (frozen genesis PolyVec::zeros x50, LEGACY): 539.5ms
[profile] control CPU spread within run: -5.7%  (recenter cross-run deltas by THIS)
[profile] control alloc spread within run: -1.8%  (legacy, allocation-bound)
[   772.1s] profile done
test the_honest_chain_profile ... ok

test result: ok. 1 passed; 0 failed; 0 ignored; 0 measured; 30 filtered out; finished in 772.37s

# exit 0
PROFILE_DONE
