# T1a (the lift's high half) at the pin, 2026-09-19T16:54:51+02:00, HEAD b6ee689
warning: function `div_by_modulus` is never used
   --> src/ringswitch.rs:578:4
    |
578 | fn div_by_modulus(p: &Vec<Fp>) -> Vec<Fp> {
    |    ^^^^^^^^^^^^^^
    |
    = note: `#[warn(dead_code)]` on by default

   Compiling hachi-genesis v0.0.0 (/home/pablo/Documents/internship-eth/AeneasArklib/hachi/benches/genesis)
warning: `hachi` (lib) generated 1 warning
   Compiling hachi-candidate v0.0.0 (/home/pablo/Documents/internship-eth/AeneasArklib/hachi/benches/candidate)
   Compiling hachi v0.1.0 (/home/pablo/Documents/internship-eth/AeneasArklib/hachi)
warning: variable does not need to be mutable
    --> tests/chain_semantics.rs:1510:9
     |
1510 |     let mut timed = |name: &str, f: fn(&PolyVec) -> PolyVec| -> f64 {
     |         ----^^^^^
     |         |
     |         help: remove this `mut`
     |
     = note: `#[warn(unused_mut)]` on by default

warning: variable does not need to be mutable
    --> tests/chain_semantics.rs:2333:9
     |
2333 |     let mut e4 = |r: &mut Lcg| Ext4::from_base(cpoly::field::Fp::new(r.next_u64() % hachi::params::Q));
     |         ----^^
     |         |
     |         help: remove this `mut`

warning: `hachi` (test "chain_semantics") generated 2 warnings (run `cargo fix --test "chain_semantics"` to apply 2 suggestions)
    Finished `release` profile [optimized] target(s) in 2.25s
     Running tests/chain_semantics.rs (target/release/deps/chain_semantics-d8b42317af48628a)

running 1 test
[profile] control (frozen genesis PolyVec::zeros x50): 506.3ms
test the_honest_chain_profile has been running for over 60 seconds
[  untimed ] +   369.4s  peak   4360 live   4360 MiB  dense_eval (SCAFFOLDING, outside the timed region)
[   575.4s] +   200.0s  peak   4536 live   4473 MiB  committed 1024 block(s)
[   576.1s] +  708.7ms  peak   4536 live   4473 MiB  statement built
[   675.3s] +    99.2s  peak   4536 live   4497 MiB  carrier_decomp_from_raw (shared by v and the response)
[   676.6s] +     1.3s  peak   4536 live   4497 MiB  honest_compute_v_from_decomp
[   917.2s] +   240.5s  peak   5453 live   5453 MiB  honest_compute_resp + stack
[   917.2s] +   16.4ms  peak   5453 live   5453 MiB  raw message dropped (dead from here: T28 removed its last reader)
[   917.6s] +  410.7ms  peak   5453 live   5453 MiB  R^lin statement assembled: 5 x 57344
[   917.6s] +   60.0ns  peak   5453 live   5453 MiB  M zeta = y SKIPPED (not prover work)
[   957.6s] +    40.0s  peak   5453 live   5453 MiB  lifted witness built, lift width 57384
[   957.6s] ---------  peak   5452 live   5059 MiB  raw message already dead (T28)
[profile] rlin_stmt (verifier assembles it too): 405.4ms
[profile] lift_commit: 18.1s
[profile] c_w_table_mle at 2^26: 213.3ms (67108864 entries)
[profile] alpha_public_table at 2^26: 10.6s (67108864 entries)
[profile] honest_round_messages (26 rounds, incl. its own two tables): 153.8s
[profile] honest_compute_y: 1.2s
[profile] verifier: rlin_stmt + statement thread: 393.0ms
[profile] verifier: round_verify_loop (26 rounds): 43.8µs
[profile] verifier: final_check = true: 6.6s
[profile] verifier: end_piece_check = true: 19.2s
[profile] chain_verify (whole) = true: 28.0s
[profile] control (frozen genesis PolyVec::zeros x50): 513.9ms
[profile] control spread within run: +1.5%  (recenter cross-run deltas by the level)
[  1197.3s] profile done
test the_honest_chain_profile ... ok

test result: ok. 1 passed; 0 failed; 0 ignored; 0 measured; 19 filtered out; finished in 1197.61s

# exit 0 at 2026-09-19T17:14:51+02:00
