# cards W2 + T34 + T36 + T38 (champion/lazy-rlin), 2026-09-21T20:03:58+02:00, HEAD 4eae672
warning: function `div_by_modulus` is never used
   --> src/ringswitch.rs:716:4
    |
716 | fn div_by_modulus(p: &Vec<Fp>) -> Vec<Fp> {
    |    ^^^^^^^^^^^^^^
    |
    = note: `#[warn(dead_code)]` on by default

warning: `hachi` (lib) generated 1 warning
warning: variable does not need to be mutable
    --> tests/chain_semantics.rs:1573:9
     |
1573 |     let mut timed = |name: &str, f: fn(&PolyVec) -> PolyVec| -> f64 {
     |         ----^^^^^
     |         |
     |         help: remove this `mut`
     |
     = note: `#[warn(unused_mut)]` on by default

warning: variable does not need to be mutable
    --> tests/chain_semantics.rs:2396:9
     |
2396 |     let mut e4 = |r: &mut Lcg| Ext4::from_base(cpoly::field::Fp::new(r.next_u64() % hachi::params::Q));
     |         ----^^
     |         |
     |         help: remove this `mut`

warning: unused variable: `q`
    --> tests/chain_semantics.rs:3333:9
     |
3333 |     let q = hachi::params::Q;
     |         ^ help: if this is intentional, prefix it with an underscore: `_q`
     |
     = note: `#[warn(unused_variables)]` on by default

warning: unused variable: `q`
    --> tests/chain_semantics.rs:3453:9
     |
3453 |     let q = hachi::params::Q;
     |         ^ help: if this is intentional, prefix it with an underscore: `_q`

warning: `hachi` (test "chain_semantics") generated 4 warnings (run `cargo fix --test "chain_semantics"` to apply 2 suggestions)
    Finished `release` profile [optimized] target(s) in 0.02s
     Running tests/chain_semantics.rs (target/release/deps/chain_semantics-d8b42317af48628a)

running 1 test
[profile] control CPU (frozen genesis range_product_base x2000000): 80.1ms = 40.04 ns/call
[profile] control alloc (frozen genesis PolyVec::zeros x50, LEGACY): 545.5ms
test the_honest_chain_profile has been running for over 60 seconds
[  untimed ] +   387.5s  peak   4360 live   4360 MiB  dense_eval (SCAFFOLDING, outside the timed region)
[   532.7s] +   138.7s  peak   4536 live   4473 MiB  committed 1024 block(s)
[   533.4s] +  699.4ms  peak   4536 live   4473 MiB  statement built
[   630.6s] +    97.2s  peak   4536 live   4497 MiB  carrier_decomp_from_raw (shared by v and the response)
[   631.9s] +     1.3s  peak   4536 live   4497 MiB  honest_compute_v_from_decomp
[   692.3s] +    60.4s  peak   5453 live   5453 MiB  honest_compute_resp + stack
[   692.3s] +   20.0ms  peak   5453 live   5453 MiB  raw message dropped (dead from here: T28 removed its last reader)
[   692.5s] +  200.9ms  peak   5453 live   5453 MiB  R^lin statement assembled: 5 x 57344
[   692.5s] +  160.0ns  peak   5453 live   5453 MiB  M zeta = y SKIPPED (not prover work)
[   726.9s] +    34.5s  peak   5453 live   5453 MiB  lifted witness built, lift width 57384
[   727.0s] ---------  peak   5453 live   5123 MiB  raw message already dead (T28)
[profile] rlin_stmt (verifier assembles it too): 186.0ms
[profile] lift_commit: 18.6s
[profile] c_w_table_mle at 2^26: 527.1ms (67108864 entries)
[profile] alpha_public_table at 2^26: 11.0s (67108864 entries)
[profile] honest_round_messages (26 rounds, incl. its own two tables): 98.9s
[profile] honest_compute_y: 2.5s
[profile] verifier: rlin_stmt + statement thread: 174.4ms
[profile] verifier: round_verify_loop (26 rounds): 46.4µs
[profile] verifier: final_check = true: 6.6s
[profile] verifier: end_piece_check = true: 20.6s
[profile] chain_verify (whole) = true: 28.1s
[profile] control CPU (frozen genesis range_product_base x2000000): 76.6ms = 38.30 ns/call
[profile] control alloc (frozen genesis PolyVec::zeros x50, LEGACY): 533.8ms
[profile] control CPU spread within run: -4.4%  (recenter cross-run deltas by THIS)
[profile] control alloc spread within run: -2.2%  (legacy, allocation-bound)
[   915.5s] profile done
test the_honest_chain_profile ... ok

test result: ok. 1 passed; 0 failed; 0 ignored; 0 measured; 30 filtered out; finished in 915.85s

# exit 0 at 2026-09-21T20:19:13+02:00
PROFILE_DONE
