# T3 (Taylor-shift round polynomial) at the pin, 2026-09-19T15:47:18+02:00, HEAD 337af9c
   Compiling hachi v0.1.0 (/home/pablo/Documents/internship-eth/AeneasArklib/hachi)
   Compiling hachi-genesis v0.0.0 (/home/pablo/Documents/internship-eth/AeneasArklib/hachi/benches/genesis)
   Compiling hachi-candidate v0.0.0 (/home/pablo/Documents/internship-eth/AeneasArklib/hachi/benches/candidate)
warning: variable does not need to be mutable
    --> tests/chain_semantics.rs:1510:9
     |
1510 |     let mut timed = |name: &str, f: fn(&PolyVec) -> PolyVec| -> f64 {
     |         ----^^^^^
     |         |
     |         help: remove this `mut`
     |
     = note: `#[warn(unused_mut)]` on by default

warning: variable does not need to be mutable
    --> tests/chain_semantics.rs:2333:9
     |
2333 |     let mut e4 = |r: &mut Lcg| Ext4::from_base(cpoly::field::Fp::new(r.next_u64() % hachi::params::Q));
     |         ----^^
     |         |
     |         help: remove this `mut`

warning: `hachi` (test "chain_semantics") generated 2 warnings (run `cargo fix --test "chain_semantics"` to apply 2 suggestions)
    Finished `release` profile [optimized] target(s) in 2.37s
     Running tests/chain_semantics.rs (target/release/deps/chain_semantics-d8b42317af48628a)

running 1 test
[profile] control (frozen genesis PolyVec::zeros x50): 498.4ms
test the_honest_chain_profile has been running for over 60 seconds
[  untimed ] +   368.8s  peak   4360 live   4360 MiB  dense_eval (SCAFFOLDING, outside the timed region)
[   575.1s] +   200.6s  peak   4536 live   4473 MiB  committed 1024 block(s)
[   575.9s] +  699.9ms  peak   4536 live   4473 MiB  statement built
[   673.1s] +    97.3s  peak   4536 live   4497 MiB  carrier_decomp_from_raw (shared by v and the response)
[   674.4s] +     1.3s  peak   4536 live   4497 MiB  honest_compute_v_from_decomp
[   914.4s] +   240.0s  peak   5453 live   5453 MiB  honest_compute_resp + stack
[   914.4s] +   16.1ms  peak   5453 live   5453 MiB  raw message dropped (dead from here: T28 removed its last reader)
[   914.8s] +  404.2ms  peak   5453 live   5453 MiB  R^lin statement assembled: 5 x 57344
[   914.8s] +   71.0ns  peak   5453 live   5453 MiB  M zeta = y SKIPPED (not prover work)
[   985.8s] +    71.0s  peak   5453 live   5453 MiB  lifted witness built, lift width 57384
[   985.9s] ---------  peak   5452 live   5059 MiB  raw message already dead (T28)
[profile] rlin_stmt (verifier assembles it too): 408.7ms
[profile] lift_commit: 18.0s
[profile] c_w_table_mle at 2^26: 1.9s (67108864 entries)
[profile] alpha_public_table at 2^26: 11.9s (67108864 entries)
[profile] honest_round_messages (26 rounds, incl. its own two tables): 155.2s
[profile] honest_compute_y: 1.6s
[profile] verifier: rlin_stmt + statement thread: 401.5ms
[profile] verifier: round_verify_loop (26 rounds): 40.5µs
[profile] verifier: final_check = true: 6.5s
[profile] verifier: end_piece_check = true: 19.2s
[profile] chain_verify (whole) = true: 27.5s
[profile] control (frozen genesis PolyVec::zeros x50): 519.2ms
[profile] control spread within run: +4.2%  (recenter cross-run deltas by the level)
[  1229.9s] profile done
test the_honest_chain_profile ... ok

test result: ok. 1 passed; 0 failed; 0 ignored; 0 measured; 17 filtered out; finished in 1230.25s

# exit 0 at 2026-09-19T16:07:51+02:00
