# Pin profile at BLOCKS = 1024, card 3 instrumentation: VmHWM AND VmRSS
#   at every stage boundary, dense_eval hoisted OUT of the timed region,
#   and the dead raw message dropped before the profile body (the
#   2026-09-18 run was OOM-killed at 16.93 GiB holding 8 GiB nobody read).
# Label: T28 run 2, CLEAN: run 1's built-in control (the commitment stage, which T28 does not touch) read 551.3 s against 535.6 s, +2.9%, because a lake build overlapped its start. Also adds the drop of the dead message after the response, which run 1 showed was still resident under the R^lin matrix.
# quiet: idle=99% sustained over 3 samples
# started 2026-09-18T17:50:53+02:00 load 0.39 0.94 1.40 1/1850 1558363
    Finished `release` profile [optimized] target(s) in 0.02s
     Running tests/chain_semantics.rs (target/release/deps/chain_semantics-d8b42317af48628a)

running 1 test
[profile] control (frozen genesis PolyVec::zeros x50): 511.9ms
test the_honest_chain_profile has been running for over 60 seconds
[  untimed ] +   368.2s  peak   4360 live   4360 MiB  dense_eval (SCAFFOLDING, outside the timed region)
[   914.9s] +   541.0s  peak   4600 live   4472 MiB  committed 1024 block(s)
[   915.7s] +  706.5ms  peak   4600 live   4472 MiB  statement built
[  1013.8s] +    98.2s  peak   4600 live   4497 MiB  carrier_decomp_from_raw (shared by v and the response)
[  1015.1s] +     1.3s  peak   4600 live   4497 MiB  honest_compute_v_from_decomp
[  1255.3s] +   240.2s  peak   5453 live   5453 MiB  honest_compute_resp + stack
[  1255.4s] +   20.4ms  peak   5453 live   5453 MiB  raw message dropped (dead from here: T28 removed its last reader)
[  1255.8s] +  407.5ms  peak   5453 live   5453 MiB  R^lin statement assembled: 5 x 57344
[  1255.8s] +   60.0ns  peak   5453 live   5453 MiB  M zeta = y SKIPPED (not prover work)
[  1326.4s] +    70.6s  peak   5453 live   5453 MiB  lifted witness built, lift width 57384
[  1326.4s] ---------  peak   5452 live   5058 MiB  raw message already dead (T28)
[profile] rlin_stmt (verifier assembles it too): 425.6ms
[profile] lift_commit: 17.9s
[profile] c_w_table_mle at 2^26: 753.4ms (67108864 entries)
[profile] alpha_public_table at 2^26: 11.1s (67108864 entries)
[profile] honest_round_messages (26 rounds, incl. its own two tables): 214.0s
[profile] honest_compute_y: 2.4s
[profile] verifier: rlin_stmt + statement thread: 405.3ms
[profile] verifier: round_verify_loop (26 rounds): 45.8µs
[profile] verifier: final_check = true: 6.5s
[profile] verifier: end_piece_check = true: 20.5s
[profile] chain_verify (whole) = true: 28.9s
[profile] control (frozen genesis PolyVec::zeros x50): 530.1ms
[profile] control spread within run: +3.6%  (recenter cross-run deltas by the level)
[  1630.9s] profile done
test the_honest_chain_profile ... ok

test result: ok. 1 passed; 0 failed; 0 ignored; 0 measured; 5 filtered out; finished in 1631.24s

# exit 0 at 2026-09-18T18:18:05+02:00
