# cold re-baseline at HEAD (T3-base code + the new compute-bound control), 2026-09-20T00:19:59+02:00, HEAD c43eeb6
warning: function `div_by_modulus` is never used
   --> src/ringswitch.rs:578:4
    |
578 | fn div_by_modulus(p: &Vec<Fp>) -> Vec<Fp> {
    |    ^^^^^^^^^^^^^^
    |
    = note: `#[warn(dead_code)]` on by default

warning: `hachi` (lib) generated 1 warning
warning: variable does not need to be mutable
    --> tests/chain_semantics.rs:1567:9
     |
1567 |     let mut timed = |name: &str, f: fn(&PolyVec) -> PolyVec| -> f64 {
     |         ----^^^^^
     |         |
     |         help: remove this `mut`
     |
     = note: `#[warn(unused_mut)]` on by default

warning: variable does not need to be mutable
    --> tests/chain_semantics.rs:2390:9
     |
2390 |     let mut e4 = |r: &mut Lcg| Ext4::from_base(cpoly::field::Fp::new(r.next_u64() % hachi::params::Q));
     |         ----^^
     |         |
     |         help: remove this `mut`

warning: unused variable: `q`
    --> tests/chain_semantics.rs:3327:9
     |
3327 |     let q = hachi::params::Q;
     |         ^ help: if this is intentional, prefix it with an underscore: `_q`
     |
     = note: `#[warn(unused_variables)]` on by default

warning: unused variable: `q`
    --> tests/chain_semantics.rs:3447:9
     |
3447 |     let q = hachi::params::Q;
     |         ^ help: if this is intentional, prefix it with an underscore: `_q`

warning: `hachi` (test "chain_semantics") generated 4 warnings (run `cargo fix --test "chain_semantics"` to apply 2 suggestions)
    Finished `release` profile [optimized] target(s) in 0.02s
     Running tests/chain_semantics.rs (target/release/deps/chain_semantics-d8b42317af48628a)

running 1 test
[profile] control CPU (frozen genesis range_product_base x2000000): 79.5ms = 39.73 ns/call
[profile] control alloc (frozen genesis PolyVec::zeros x50, LEGACY): 518.9ms
test the_honest_chain_profile has been running for over 60 seconds
[  untimed ] +   368.8s  peak   4360 live   4360 MiB  dense_eval (SCAFFOLDING, outside the timed region)
[   575.1s] +   200.3s  peak   4536 live   4473 MiB  committed 1024 block(s)
[   575.8s] +  705.0ms  peak   4536 live   4473 MiB  statement built
[   673.7s] +    97.9s  peak   4536 live   4497 MiB  carrier_decomp_from_raw (shared by v and the response)
[   675.0s] +     1.3s  peak   4536 live   4497 MiB  honest_compute_v_from_decomp
[   827.5s] +   152.5s  peak   5453 live   5453 MiB  honest_compute_resp + stack
[   827.5s] +   16.6ms  peak   5453 live   5453 MiB  raw message dropped (dead from here: T28 removed its last reader)
[   827.9s] +  405.4ms  peak   5453 live   5453 MiB  R^lin statement assembled: 5 x 57344
[   827.9s] +   50.0ns  peak   5453 live   5453 MiB  M zeta = y SKIPPED (not prover work)
[   863.6s] +    35.7s  peak   5453 live   5453 MiB  lifted witness built, lift width 57384
[   863.7s] ---------  peak   5452 live   5059 MiB  raw message already dead (T28)
[profile] rlin_stmt (verifier assembles it too): 416.1ms
[profile] lift_commit: 18.0s
[profile] c_w_table_mle at 2^26: 213.1ms (67108864 entries)
[profile] alpha_public_table at 2^26: 10.6s (67108864 entries)
[profile] honest_round_messages (26 rounds, incl. its own two tables): 133.9s
[profile] honest_compute_y: 1.2s
[profile] verifier: rlin_stmt + statement thread: 412.7ms
[profile] verifier: round_verify_loop (26 rounds): 52.5µs
[profile] verifier: final_check = true: 6.6s
[profile] verifier: end_piece_check = true: 19.1s
[profile] chain_verify (whole) = true: 28.0s
[profile] control CPU (frozen genesis range_product_base x2000000): 76.6ms = 38.32 ns/call
[profile] control alloc (frozen genesis PolyVec::zeros x50, LEGACY): 655.5ms
[profile] control CPU spread within run: -3.5%  (recenter cross-run deltas by THIS)
[profile] control alloc spread within run: +26.3%  (legacy, allocation-bound)
[  1083.4s] profile done
test the_honest_chain_profile ... ok

test result: ok. 1 passed; 0 failed; 0 ignored; 0 measured; 25 filtered out; finished in 1083.77s

# exit 0 at 2026-09-20T00:38:03+02:00
