# merged main: T45a (gadget-contract) + T46a (bucket-rounds) on 28f3924, 2026-09-23T15:56:36+02:00, HEAD dedde03
   Compiling hachi-genesis v0.0.0 (/home/pablo/Documents/internship-eth/AeneasArklib/hachi/benches/genesis)
   Compiling hachi v0.1.0 (/home/pablo/Documents/internship-eth/AeneasArklib/hachi)
   Compiling hachi-candidate v0.0.0 (/home/pablo/Documents/internship-eth/AeneasArklib/hachi/benches/candidate)
warning: function `div_by_modulus` is never used
    --> src/ringswitch.rs:1155:4
     |
1155 | fn div_by_modulus(p: &Vec<Fp>) -> Vec<Fp> {
     |    ^^^^^^^^^^^^^^
     |
     = note: `#[warn(dead_code)]` on by default

warning: `hachi` (lib) generated 1 warning
warning: variable does not need to be mutable
    --> tests/chain_semantics.rs:1573:9
     |
1573 |     let mut timed = |name: &str, f: fn(&PolyVec) -> PolyVec| -> f64 {
     |         ----^^^^^
     |         |
     |         help: remove this `mut`
     |
     = note: `#[warn(unused_mut)]` on by default

warning: variable does not need to be mutable
    --> tests/chain_semantics.rs:2396:9
     |
2396 |     let mut e4 = |r: &mut Lcg| Ext4::from_base(cpoly::field::Fp::new(r.next_u64() % hachi::params::Q));
     |         ----^^
     |         |
     |         help: remove this `mut`

warning: unused variable: `q`
    --> tests/chain_semantics.rs:3333:9
     |
3333 |     let q = hachi::params::Q;
     |         ^ help: if this is intentional, prefix it with an underscore: `_q`
     |
     = note: `#[warn(unused_variables)]` on by default

warning: unused variable: `q`
    --> tests/chain_semantics.rs:3453:9
     |
3453 |     let q = hachi::params::Q;
     |         ^ help: if this is intentional, prefix it with an underscore: `_q`

warning: `hachi` (test "chain_semantics") generated 4 warnings (run `cargo fix --test "chain_semantics"` to apply 2 suggestions)
    Finished `release` profile [optimized] target(s) in 3.24s
     Running tests/chain_semantics.rs (target/release/deps/chain_semantics-d8b42317af48628a)

running 1 test
[profile] control CPU (frozen genesis range_product_base x2000000): 78.6ms = 39.30 ns/call
[profile] control alloc (frozen genesis PolyVec::zeros x50, LEGACY): 505.0ms
test the_honest_chain_profile has been running for over 60 seconds
[  untimed ] +   368.2s  peak   4360 live   4360 MiB  dense_eval (SCAFFOLDING, outside the timed region)
[   513.4s] +   139.2s  peak   4536 live   4473 MiB  committed 1024 block(s)
[   514.1s] +  697.2ms  peak   4536 live   4473 MiB  statement built
[   535.5s] +    21.4s  peak   4536 live   4497 MiB  carrier_decomp_from_raw (shared by v and the response)
[   536.8s] +     1.3s  peak   4536 live   4497 MiB  honest_compute_v_from_decomp
[   574.1s] +    37.4s  peak   5453 live   5453 MiB  honest_compute_resp + stack
[   574.1s] +   16.4ms  peak   5453 live   5453 MiB  raw message dropped (dead from here: T28 removed its last reader)
[   574.3s] +  177.1ms  peak   5453 live   5453 MiB  R^lin statement assembled: 5 x 57344
[   574.3s] +   60.0ns  peak   5453 live   5453 MiB  M zeta = y SKIPPED (not prover work)
[   582.3s] +     8.0s  peak   5453 live   5453 MiB  lifted witness built, lift width 57384
[   582.4s] ---------  peak   5453 live   5123 MiB  raw message already dead (T28)
[profile] rlin_stmt (verifier assembles it too): 176.9ms
[profile] lift_commit: 1.6s
[profile] c_w_table_mle at 2^26: 210.4ms (67108864 entries)
[profile] alpha_public_table at 2^26: 10.6s (67108864 entries)
[profile] honest_round_messages (26 rounds, incl. its own two tables): 99.9s
[profile] honest_compute_y: 1.2s
[profile] verifier: rlin_stmt + statement thread: 176.5ms
[profile] verifier: round_verify_loop (26 rounds): 43.7µs
[profile] verifier: final_check = true: 6.5s
[profile] verifier: end_piece_check = true: 2.8s
[profile] chain_verify (whole) = true: 10.2s
[profile] control CPU (frozen genesis range_product_base x2000000): 76.7ms = 38.33 ns/call
[profile] control alloc (frozen genesis PolyVec::zeros x50, LEGACY): 532.9ms
[profile] control CPU spread within run: -2.5%  (recenter cross-run deltas by THIS)
[profile] control alloc spread within run: +5.5%  (legacy, allocation-bound)
[   717.0s] profile done
test the_honest_chain_profile ... ok

test result: ok. 1 passed; 0 failed; 0 ignored; 0 measured; 30 filtered out; finished in 717.26s

# exit 0
PROFILE_DONE
