# card A2 (e*d^m threaded through the Taylor shift), 2026-09-20T22:32:07+02:00, HEAD ed01975
   Compiling hachi-candidate v0.0.0 (/home/pablo/Documents/internship-eth/AeneasArklib/hachi/benches/candidate)
   Compiling hachi v0.1.0 (/home/pablo/Documents/internship-eth/AeneasArklib/hachi)
warning: function `div_by_modulus` is never used
   --> src/ringswitch.rs:578:4
    |
578 | fn div_by_modulus(p: &Vec<Fp>) -> Vec<Fp> {
    |    ^^^^^^^^^^^^^^
    |
    = note: `#[warn(dead_code)]` on by default

warning: `hachi` (lib) generated 1 warning
warning: variable does not need to be mutable
    --> tests/chain_semantics.rs:1567:9
     |
1567 |     let mut timed = |name: &str, f: fn(&PolyVec) -> PolyVec| -> f64 {
     |         ----^^^^^
     |         |
     |         help: remove this `mut`
     |
     = note: `#[warn(unused_mut)]` on by default

warning: variable does not need to be mutable
    --> tests/chain_semantics.rs:2390:9
     |
2390 |     let mut e4 = |r: &mut Lcg| Ext4::from_base(cpoly::field::Fp::new(r.next_u64() % hachi::params::Q));
     |         ----^^
     |         |
     |         help: remove this `mut`

warning: unused variable: `q`
    --> tests/chain_semantics.rs:3327:9
     |
3327 |     let q = hachi::params::Q;
     |         ^ help: if this is intentional, prefix it with an underscore: `_q`
     |
     = note: `#[warn(unused_variables)]` on by default

warning: unused variable: `q`
    --> tests/chain_semantics.rs:3447:9
     |
3447 |     let q = hachi::params::Q;
     |         ^ help: if this is intentional, prefix it with an underscore: `_q`

warning: `hachi` (test "chain_semantics") generated 4 warnings (run `cargo fix --test "chain_semantics"` to apply 2 suggestions)
    Finished `release` profile [optimized] target(s) in 2.86s
     Running tests/chain_semantics.rs (target/release/deps/chain_semantics-d8b42317af48628a)

running 1 test
[profile] control CPU (frozen genesis range_product_base x2000000): 77.0ms = 38.51 ns/call
[profile] control alloc (frozen genesis PolyVec::zeros x50, LEGACY): 506.4ms
test the_honest_chain_profile has been running for over 60 seconds
[  untimed ] +   367.7s  peak   4360 live   4360 MiB  dense_eval (SCAFFOLDING, outside the timed region)
[   529.7s] +   156.1s  peak   4536 live   4473 MiB  committed 1024 block(s)
[   530.4s] +  711.3ms  peak   4536 live   4473 MiB  statement built
[   628.0s] +    97.6s  peak   4536 live   4497 MiB  carrier_decomp_from_raw (shared by v and the response)
[   629.3s] +     1.3s  peak   4536 live   4497 MiB  honest_compute_v_from_decomp
[   710.7s] +    81.4s  peak   5453 live   5453 MiB  honest_compute_resp + stack
[   710.7s] +   16.2ms  peak   5453 live   5453 MiB  raw message dropped (dead from here: T28 removed its last reader)
[   711.1s] +  413.3ms  peak   5453 live   5453 MiB  R^lin statement assembled: 5 x 57344
[   711.1s] +   70.0ns  peak   5453 live   5453 MiB  M zeta = y SKIPPED (not prover work)
[   750.9s] +    39.8s  peak   5453 live   5453 MiB  lifted witness built, lift width 57384
[   751.0s] ---------  peak   5452 live   5059 MiB  raw message already dead (T28)
[profile] rlin_stmt (verifier assembles it too): 405.7ms
[profile] lift_commit: 17.9s
[profile] c_w_table_mle at 2^26: 215.7ms (67108864 entries)
[profile] alpha_public_table at 2^26: 10.8s (67108864 entries)
[profile] honest_round_messages (26 rounds, incl. its own two tables): 124.7s
[profile] honest_compute_y: 1.2s
[profile] verifier: rlin_stmt + statement thread: 408.5ms
[profile] verifier: round_verify_loop (26 rounds): 41.4µs
[profile] verifier: final_check = true: 6.5s
[profile] verifier: end_piece_check = true: 19.1s
[profile] chain_verify (whole) = true: 28.2s
[profile] control CPU (frozen genesis range_product_base x2000000): 76.7ms = 38.35 ns/call
[profile] control alloc (frozen genesis PolyVec::zeros x50, LEGACY): 534.7ms
[profile] control CPU spread within run: -0.4%  (recenter cross-run deltas by THIS)
[profile] control alloc spread within run: +5.6%  (legacy, allocation-bound)
[   961.7s] profile done
test the_honest_chain_profile ... ok

test result: ok. 1 passed; 0 failed; 0 ignored; 0 measured; 29 filtered out; finished in 961.98s

# exit 0 at 2026-09-20T22:48:12+02:00
