# merged main: W2+T34+T36+T38 (lazy-rlin) + G2+T35 (limb-carrier) + T37 (fused-stages), 2026-09-22T00:21:52+02:00, HEAD aeaf37d
   Compiling hachi-candidate v0.0.0 (/home/pablo/Documents/internship-eth/AeneasArklib/hachi/benches/candidate)
   Compiling hachi-genesis v0.0.0 (/home/pablo/Documents/internship-eth/AeneasArklib/hachi/benches/genesis)
   Compiling hachi v0.1.0 (/home/pablo/Documents/internship-eth/AeneasArklib/hachi)
warning: function `div_by_modulus` is never used
   --> src/ringswitch.rs:716:4
    |
716 | fn div_by_modulus(p: &Vec<Fp>) -> Vec<Fp> {
    |    ^^^^^^^^^^^^^^
    |
    = note: `#[warn(dead_code)]` on by default

warning: `hachi` (lib) generated 1 warning
warning: variable does not need to be mutable
    --> tests/chain_semantics.rs:1573:9
     |
1573 |     let mut timed = |name: &str, f: fn(&PolyVec) -> PolyVec| -> f64 {
     |         ----^^^^^
     |         |
     |         help: remove this `mut`
     |
     = note: `#[warn(unused_mut)]` on by default

warning: variable does not need to be mutable
    --> tests/chain_semantics.rs:2396:9
     |
2396 |     let mut e4 = |r: &mut Lcg| Ext4::from_base(cpoly::field::Fp::new(r.next_u64() % hachi::params::Q));
     |         ----^^
     |         |
     |         help: remove this `mut`

warning: unused variable: `q`
    --> tests/chain_semantics.rs:3333:9
     |
3333 |     let q = hachi::params::Q;
     |         ^ help: if this is intentional, prefix it with an underscore: `_q`
     |
     = note: `#[warn(unused_variables)]` on by default

warning: unused variable: `q`
    --> tests/chain_semantics.rs:3453:9
     |
3453 |     let q = hachi::params::Q;
     |         ^ help: if this is intentional, prefix it with an underscore: `_q`

warning: `hachi` (test "chain_semantics") generated 4 warnings (run `cargo fix --test "chain_semantics"` to apply 2 suggestions)
    Finished `release` profile [optimized] target(s) in 3.27s
     Running tests/chain_semantics.rs (target/release/deps/chain_semantics-d8b42317af48628a)

running 1 test
[profile] control CPU (frozen genesis range_product_base x2000000): 78.2ms = 39.11 ns/call
[profile] control alloc (frozen genesis PolyVec::zeros x50, LEGACY): 507.7ms
test the_honest_chain_profile has been running for over 60 seconds
[  untimed ] +   374.4s  peak   4360 live   4360 MiB  dense_eval (SCAFFOLDING, outside the timed region)
[   516.1s] +   135.7s  peak   4536 live   4473 MiB  committed 1024 block(s)
[   516.8s] +  708.0ms  peak   4536 live   4473 MiB  statement built
[   538.1s] +    21.4s  peak   4536 live   4497 MiB  carrier_decomp_from_raw (shared by v and the response)
[   539.4s] +     1.3s  peak   4536 live   4497 MiB  honest_compute_v_from_decomp
[   592.9s] +    53.4s  peak   5453 live   5453 MiB  honest_compute_resp + stack
[   592.9s] +   16.0ms  peak   5453 live   5453 MiB  raw message dropped (dead from here: T28 removed its last reader)
[   593.0s] +  177.1ms  peak   5453 live   5453 MiB  R^lin statement assembled: 5 x 57344
[   593.0s] +   60.0ns  peak   5453 live   5453 MiB  M zeta = y SKIPPED (not prover work)
[   625.9s] +    32.8s  peak   5453 live   5453 MiB  lifted witness built, lift width 57384
[   625.9s] ---------  peak   5453 live   5123 MiB  raw message already dead (T28)
[profile] rlin_stmt (verifier assembles it too): 175.5ms
[profile] lift_commit: 17.9s
[profile] c_w_table_mle at 2^26: 211.9ms (67108864 entries)
[profile] alpha_public_table at 2^26: 10.6s (67108864 entries)
[profile] honest_round_messages (26 rounds, incl. its own two tables): 98.3s
[profile] honest_compute_y: 1.2s
[profile] verifier: rlin_stmt + statement thread: 182.9ms
[profile] verifier: round_verify_loop (26 rounds): 51.1µs
[profile] verifier: final_check = true: 6.5s
[profile] verifier: end_piece_check = true: 19.5s
[profile] chain_verify (whole) = true: 26.6s
[profile] control CPU (frozen genesis range_product_base x2000000): 76.7ms = 38.33 ns/call
[profile] control alloc (frozen genesis PolyVec::zeros x50, LEGACY): 543.6ms
[profile] control CPU spread within run: -2.0%  (recenter cross-run deltas by THIS)
[profile] control alloc spread within run: +7.1%  (legacy, allocation-bound)
[   808.4s] profile done
test the_honest_chain_profile ... ok

test result: ok. 1 passed; 0 failed; 0 ignored; 0 measured; 30 filtered out; finished in 808.70s

# exit 0 at 2026-09-22T00:35:24+02:00
PROFILE_DONE
