==> Lean toolchain and dependencies
    leanprover/lean4:v4.33.1 already installed
    elan 4.1.2, toolchain leanprover/lean4:v4.33.1
Current branch: HEAD
Using cache from origin: (some leanprover-community/mathlib4)
No files to download
Already decompressed 8690 file(s)
    backend is 3a8586f + 1 commit(s)
==> lake build
⚠ [1540/1729] Replayed Aeneas.Std.Slice
warning: Aeneas/Std/Slice.lean:353:4: declaration uses `sorry`
warning: Aeneas/Std/Slice.lean:576:8: declaration uses `sorry`
⚠ [1619/1729] Replayed Aeneas.Std.StringIter
warning: Aeneas/Std/StringIter.lean:15:4: declaration uses `sorry`
warning: Aeneas/Std/StringIter.lean:18:4: declaration uses `sorry`
⚠ [3506/3632] Replayed ArkLib.Data.Fin.Basic
warning: ArkLib/Data/Fin/Basic.lean:323:4: declaration uses `sorry`
ℹ [3507/3632] Replayed ArkLib.Data.Fin.Fold
info: ArkLib/Data/Fin/Fold.lean:190:0: 3
info: ArkLib/Data/Fin/Fold.lean:191:0: 3
⚠ [3518/3632] Replayed ArkLib.OracleReduction.Prelude
warning: ArkLib/OracleReduction/Prelude.lean:91:2: Left-hand side of simp theorem has a variable as head symbol. This means the theorem will be tried on every simp step, which can be expensive. This may be acceptable for `local` or `scoped` simp lemmas.
Use `set_option warning.simp.varHead false` to disable this warning.
warning: ArkLib/OracleReduction/Prelude.lean:95:2: Left-hand side of simp theorem has a variable as head symbol. This means the theorem will be tried on every simp step, which can be expensive. This may be acceptable for `local` or `scoped` simp lemmas.
Use `set_option warning.simp.varHead false` to disable this warning.
⚠ [3728/3782] Replayed ArkLib.OracleReduction.OracleInterface
warning: ArkLib/OracleReduction/OracleInterface.lean:352:2: `simp [distanceLE, instPolynomialDegreeLT, mem_degreeLT]` is a flexible tactic modifying `⊢`. Try `simp?` and use the suggested `simp only [...]`. Alternatively, use `suffices` to explicitly state the simplified form.

Note: This linter can be disabled with `set_option linter.flexible false`
info: ArkLib/OracleReduction/OracleInterface.lean:353:2: `intro p hp p' hp' hNe`
modifies the current goal, which was modified by the flexible tactic `simp` on line 352!
warning: ArkLib/OracleReduction/OracleInterface.lean:356:4: `simp` is a flexible tactic modifying `⊢`. Try `simp?` and use the suggested `simp only [...]`. Alternatively, use `suffices` to explicitly state the simplified form.

Note: This linter can be disabled with `set_option linter.flexible false`
info: ArkLib/OracleReduction/OracleInterface.lean:356:4: Try this:
  [apply] simp only [mem_roots', ne_eq, IsRoot.def, Polynomial.eval_sub]
info: ArkLib/OracleReduction/OracleInterface.lean:357:20: `intro h`
modifies the current goal, which was modified by the flexible tactic `simp` on line 356!
warning: ArkLib/OracleReduction/OracleInterface.lean:356:4: `simp` is a flexible tactic modifying `⊢`. Try `simp?` and use the suggested `simp only [...]`. Alternatively, use `suffices` to explicitly state the simplified form.

Note: This linter can be disabled with `set_option linter.flexible false`
info: ArkLib/OracleReduction/OracleInterface.lean:356:4: Try this:
  [apply] simp only [mem_roots', ne_eq, IsRoot.def, Polynomial.eval_sub]
info: ArkLib/OracleReduction/OracleInterface.lean:357:20: `intro h`
modifies the current goal, which was modified by the flexible tactic `simp` on line 356!
warning: ArkLib/OracleReduction/OracleInterface.lean:356:4: `simp` is a flexible tactic modifying `⊢`. Try `simp?` and use the suggested `simp only [...]`. Alternatively, use `suffices` to explicitly state the simplified form.

Note: This linter can be disabled with `set_option linter.flexible false`
info: ArkLib/OracleReduction/OracleInterface.lean:356:4: Try this:
  [apply] simp only [mem_roots', ne_eq, IsRoot.def, Polynomial.eval_sub]
info: ArkLib/OracleReduction/OracleInterface.lean:359:8: `intro h'`
modifies the current goal, which was modified by the flexible tactic `simp` on line 356!
warning: ArkLib/OracleReduction/OracleInterface.lean:356:4: `simp` is a flexible tactic modifying `⊢`. Try `simp?` and use the suggested `simp only [...]`. Alternatively, use `suffices` to explicitly state the simplified form.

Note: This linter can be disabled with `set_option linter.flexible false`
info: ArkLib/OracleReduction/OracleInterface.lean:356:4: Try this:
  [apply] simp only [mem_roots', ne_eq, IsRoot.def, Polynomial.eval_sub]
info: ArkLib/OracleReduction/OracleInterface.lean:359:18: `contrapose! hNe`
modifies the current goal, which was modified by the flexible tactic `simp` on line 356!
warning: ArkLib/OracleReduction/OracleInterface.lean:356:4: `simp` is a flexible tactic modifying `⊢`. Try `simp?` and use the suggested `simp only [...]`. Alternatively, use `suffices` to explicitly state the simplified form.

Note: This linter can be disabled with `set_option linter.flexible false`
info: ArkLib/OracleReduction/OracleInterface.lean:356:4: Try this:
  [apply] simp only [mem_roots', ne_eq, IsRoot.def, Polynomial.eval_sub]
info: ArkLib/OracleReduction/OracleInterface.lean:359:35: `exact sub_eq_zero.mp h'`
modifies the current goal, which was modified by the flexible tactic `simp` on line 356!
warning: ArkLib/OracleReduction/OracleInterface.lean:356:4: `simp` is a flexible tactic modifying `⊢`. Try `simp?` and use the suggested `simp only [...]`. Alternatively, use `suffices` to explicitly state the simplified form.

Note: This linter can be disabled with `set_option linter.flexible false`
info: ArkLib/OracleReduction/OracleInterface.lean:356:4: Try this:
  [apply] simp only [mem_roots', ne_eq, IsRoot.def, Polynomial.eval_sub]
info: ArkLib/OracleReduction/OracleInterface.lean:361:6: `exact sub_eq_zero.mp h.2`
modifies the current goal, which was modified by the flexible tactic `simp` on line 356!
warning: ArkLib/OracleReduction/OracleInterface.lean:352:2: `simp [distanceLE, instPolynomialDegreeLT, mem_degreeLT]` is a flexible tactic modifying `⊢`. Try `simp?` and use the suggested `simp only [...]`. Alternatively, use `suffices` to explicitly state the simplified form.

Note: This linter can be disabled with `set_option linter.flexible false`
info: ArkLib/OracleReduction/OracleInterface.lean:362:2: `conv =>
  enter [1, 1]
  apply Finset.filter_congr this`
modifies the current goal, which was modified by the flexible tactic `simp` on line 352!
warning: ArkLib/OracleReduction/OracleInterface.lean:371:4: `simp at this` is a flexible tactic modifying `this`. Try `simp?` and use the suggested `simp only [...]`. Alternatively, use `suffices` to explicitly state the simplified form.

Note: This linter can be disabled with `set_option linter.flexible false`
info: ArkLib/OracleReduction/OracleInterface.lean:371:4: Try this:
  [apply] simp only [gt_iff_lt] at this
info: ArkLib/OracleReduction/OracleInterface.lean:371:18: `exact this`
uses `this`, which was modified by the flexible tactic `simp` on line 371!
warning: ArkLib/OracleReduction/OracleInterface.lean:352:2: `simp [distanceLE, instPolynomialDegreeLT, mem_degreeLT]` is a flexible tactic modifying `⊢`. Try `simp?` and use the suggested `simp only [...]`. Alternatively, use `suffices` to explicitly state the simplified form.

Note: This linter can be disabled with `set_option linter.flexible false`
info: ArkLib/OracleReduction/OracleInterface.lean:372:2: `refine Nat.le_sub_one_of_lt (lt_of_le_of_lt ?_ this)`
modifies the current goal, which was modified by the flexible tactic `simp` on line 352!
warning: ArkLib/OracleReduction/OracleInterface.lean:352:2: `simp [distanceLE, instPolynomialDegreeLT, mem_degreeLT]` is a flexible tactic modifying `⊢`. Try `simp?` and use the suggested `simp only [...]`. Alternatively, use `suffices` to explicitly state the simplified form.

Note: This linter can be disabled with `set_option linter.flexible false`
info: ArkLib/OracleReduction/OracleInterface.lean:373:2: `apply Multiset.card_le_card`
modifies the current goal, which was modified by the flexible tactic `simp` on line 352!
warning: ArkLib/OracleReduction/OracleInterface.lean:352:2: `simp [distanceLE, instPolynomialDegreeLT, mem_degreeLT]` is a flexible tactic modifying `⊢`. Try `simp?` and use the suggested `simp only [...]`. Alternatively, use `suffices` to explicitly state the simplified form.

Note: This linter can be disabled with `set_option linter.flexible false`
info: ArkLib/OracleReduction/OracleInterface.lean:374:2: `rw [Multiset.le_iff_subset]`
modifies the current goal, which was modified by the flexible tactic `simp` on line 352!
warning: ArkLib/OracleReduction/OracleInterface.lean:352:2: `simp [distanceLE, instPolynomialDegreeLT, mem_degreeLT]` is a flexible tactic modifying `⊢`. Try `simp?` and use the suggested `simp only [...]`. Alternatively, use `suffices` to explicitly state the simplified form.

Note: This linter can be disabled with `set_option linter.flexible false`
info: ArkLib/OracleReduction/OracleInterface.lean:375:4: `intro x hx`
modifies the current goal, which was modified by the flexible tactic `simp` on line 352!
warning: ArkLib/OracleReduction/OracleInterface.lean:375:16: `simp at hx` is a flexible tactic modifying `hx`. Try `simp?` and use the suggested `simp only [...]`. Alternatively, use `suffices` to explicitly state the simplified form.

Note: This linter can be disabled with `set_option linter.flexible false`
info: ArkLib/OracleReduction/OracleInterface.lean:375:16: Try this:
  [apply] simp only [mem_roots', ne_eq, IsRoot.def, Polynomial.eval_sub] at hx
info: ArkLib/OracleReduction/OracleInterface.lean:375:28: `exact hx`
uses `hx`, which was modified by the flexible tactic `simp` on line 375!
warning: ArkLib/OracleReduction/OracleInterface.lean:352:2: `simp [distanceLE, instPolynomialDegreeLT, mem_degreeLT]` is a flexible tactic modifying `⊢`. Try `simp?` and use the suggested `simp only [...]`. Alternatively, use `suffices` to explicitly state the simplified form.

Note: This linter can be disabled with `set_option linter.flexible false`
info: ArkLib/OracleReduction/OracleInterface.lean:375:28: `exact hx`
modifies the current goal, which was modified by the flexible tactic `simp` on line 352!
warning: ArkLib/OracleReduction/OracleInterface.lean:352:2: `simp [distanceLE, instPolynomialDegreeLT, mem_degreeLT]` is a flexible tactic modifying `⊢`. Try `simp?` and use the suggested `simp only [...]`. Alternatively, use `suffices` to explicitly state the simplified form.

Note: This linter can be disabled with `set_option linter.flexible false`
info: ArkLib/OracleReduction/OracleInterface.lean:377:4: `intro a`
modifies the current goal, which was modified by the flexible tactic `simp` on line 352!
⚠ [3729/3782] Replayed ArkLib.OracleReduction.ProtocolSpec.Basic
warning: ArkLib/OracleReduction/ProtocolSpec/Basic.lean:275:27: `simp` is a flexible tactic modifying `⊢`. Try `simp?` and use the suggested `simp only [...]`. Alternatively, use `suffices` to explicitly state the simplified form.

Note: This linter can be disabled with `set_option linter.flexible false`
info: ArkLib/OracleReduction/ProtocolSpec/Basic.lean:275:27: Try this:
  [apply] simp only [mk.injEq]
info: ArkLib/OracleReduction/ProtocolSpec/Basic.lean:275:49: `(funext i; exact Fin.elim0 i)`
modifies the current goal, which was modified by the flexible tactic `simp` on line 275!
warning: ArkLib/OracleReduction/ProtocolSpec/Basic.lean:275:27: `simp` is a flexible tactic modifying `⊢`. Try `simp?` and use the suggested `simp only [...]`. Alternatively, use `suffices` to explicitly state the simplified form.

Note: This linter can be disabled with `set_option linter.flexible false`
info: ArkLib/OracleReduction/ProtocolSpec/Basic.lean:275:27: Try this:
  [apply] simp only [mk.injEq]
info: ArkLib/OracleReduction/ProtocolSpec/Basic.lean:275:49: `(funext i; exact Fin.elim0 i)`
modifies the current goal, which was modified by the flexible tactic `simp` on line 275!
warning: ArkLib/OracleReduction/ProtocolSpec/Basic.lean:820:100: This line exceeds the 100 character limit, please shorten it!

Note: This linter can be disabled with `set_option linter.style.longLine false`
⚠ [3732/3782] Replayed ArkLib.OracleReduction.Basic
warning: ArkLib/OracleReduction/Basic.lean:502:4: declaration uses `sorry`
warning: ArkLib/OracleReduction/Basic.lean:543:100: This line exceeds the 100 character limit, please shorten it!

Note: This linter can be disabled with `set_option linter.style.longLine false`
warning: ArkLib/OracleReduction/Basic.lean:588:40: `simp [h] at hi ⊢` is a flexible tactic modifying `⊢`. Try `simp?` and use the suggested `simp only [...]`. Alternatively, use `suffices` to explicitly state the simplified form.

Note: This linter can be disabled with `set_option linter.flexible false`
info: ArkLib/OracleReduction/Basic.lean:588:61: `exact hi`
modifies the current goal, which was modified by the flexible tactic `simp` on line 588!
warning: ArkLib/OracleReduction/Basic.lean:588:40: `simp [h] at hi ⊢` is a flexible tactic modifying `hi`. Try `simp?` and use the suggested `simp only [...]`. Alternatively, use `suffices` to explicitly state the simplified form.

Note: This linter can be disabled with `set_option linter.flexible false`
info: ArkLib/OracleReduction/Basic.lean:588:61: `exact hi`
uses `hi`, which was modified by the flexible tactic `simp` on line 588!
warning: ArkLib/OracleReduction/Basic.lean:588:40: `simp [h] at hi ⊢` is a flexible tactic modifying `⊢`. Try `simp?` and use the suggested `simp only [...]`. Alternatively, use `suffices` to explicitly state the simplified form.

Note: This linter can be disabled with `set_option linter.flexible false`
info: ArkLib/OracleReduction/Basic.lean:588:40: Try this:
  [apply] simp only [Message] at hi ⊢
info: ArkLib/OracleReduction/Basic.lean:588:61: `exact hi`
modifies the current goal, which was modified by the flexible tactic `simp` on line 588!
warning: ArkLib/OracleReduction/Basic.lean:588:40: `simp [h] at hi ⊢` is a flexible tactic modifying `hi`. Try `simp?` and use the suggested `simp only [...]`. Alternatively, use `suffices` to explicitly state the simplified form.

Note: This linter can be disabled with `set_option linter.flexible false`
info: ArkLib/OracleReduction/Basic.lean:588:40: Try this:
  [apply] simp only [Message] at hi ⊢
info: ArkLib/OracleReduction/Basic.lean:588:61: `exact hi`
uses `hi`, which was modified by the flexible tactic `simp` on line 588!
warning: ArkLib/OracleReduction/Basic.lean:591:40: `simp [h] at hi ⊢` is a flexible tactic modifying `hi`. Try `simp?` and use the suggested `simp only [...]`. Alternatively, use `suffices` to explicitly state the simplified form.

Note: This linter can be disabled with `set_option linter.flexible false`
info: ArkLib/OracleReduction/Basic.lean:591:61: `exact hi`
uses `hi`, which was modified by the flexible tactic `simp` on line 591!
warning: ArkLib/OracleReduction/Basic.lean:591:40: `simp [h] at hi ⊢` is a flexible tactic modifying `⊢`. Try `simp?` and use the suggested `simp only [...]`. Alternatively, use `suffices` to explicitly state the simplified form.

Note: This linter can be disabled with `set_option linter.flexible false`
info: ArkLib/OracleReduction/Basic.lean:591:61: `exact hi`
modifies the current goal, which was modified by the flexible tactic `simp` on line 591!
warning: ArkLib/OracleReduction/Basic.lean:591:40: `simp [h] at hi ⊢` is a flexible tactic modifying `hi`. Try `simp?` and use the suggested `simp only [...]`. Alternatively, use `suffices` to explicitly state the simplified form.

Note: This linter can be disabled with `set_option linter.flexible false`
info: ArkLib/OracleReduction/Basic.lean:591:40: Try this:
  [apply] simp only [Message] at hi ⊢
info: ArkLib/OracleReduction/Basic.lean:591:61: `exact hi`
uses `hi`, which was modified by the flexible tactic `simp` on line 591!
warning: ArkLib/OracleReduction/Basic.lean:591:40: `simp [h] at hi ⊢` is a flexible tactic modifying `⊢`. Try `simp?` and use the suggested `simp only [...]`. Alternatively, use `suffices` to explicitly state the simplified form.

Note: This linter can be disabled with `set_option linter.flexible false`
info: ArkLib/OracleReduction/Basic.lean:591:40: Try this:
  [apply] simp only [Message] at hi ⊢
info: ArkLib/OracleReduction/Basic.lean:591:61: `exact hi`
modifies the current goal, which was modified by the flexible tactic `simp` on line 591!
warning: ArkLib/OracleReduction/Basic.lean:575:100: This line exceeds the 100 character limit, please shorten it!

Note: This linter can be disabled with `set_option linter.style.longLine false`
⚠ [3757/3898] Replayed ArkLib.OracleReduction.Execution
warning: ArkLib/OracleReduction/Execution.lean:589:2: `simp [Prover.runToRound, Prover.processRound]` is a flexible tactic modifying `⊢`. Try `simp?` and use the suggested `simp only [...]`. Alternatively, use `suffices` to explicitly state the simplified form.

Note: This linter can be disabled with `set_option linter.flexible false`
info: ArkLib/OracleReduction/Execution.lean:589:2: Try this:
  [apply] simp only [ChallengeIdx, Challenge, Fin.isValue, Message, Fin.succ_zero_eq_one, liftComp_eq_liftM,
    Nat.reduceAdd, Fin.coe_ofNat_eq_mod, Nat.reduceMod, take_Type, bind_pure_comp]
info: ArkLib/OracleReduction/Execution.lean:591:12: `rename_i hDir`
modifies the current goal, which was modified by the flexible tactic `simp` on line 589!
warning: ArkLib/OracleReduction/Execution.lean:589:2: `simp [Prover.runToRound, Prover.processRound]` is a flexible tactic modifying `⊢`. Try `simp?` and use the suggested `simp only [...]`. Alternatively, use `suffices` to explicitly state the simplified form.

Note: This linter can be disabled with `set_option linter.flexible false`
info: ArkLib/OracleReduction/Execution.lean:589:2: Try this:
  [apply] simp only [ChallengeIdx, Challenge, Fin.isValue, Message, Fin.succ_zero_eq_one, liftComp_eq_liftM,
    Nat.reduceAdd, Fin.coe_ofNat_eq_mod, Nat.reduceMod, take_Type, bind_pure_comp]
info: ArkLib/OracleReduction/Execution.lean:591:12: `rename_i hDir`
modifies the current goal, which was modified by the flexible tactic `simp` on line 589!
warning: ArkLib/OracleReduction/Execution.lean:589:2: `simp [Prover.runToRound, Prover.processRound]` is a flexible tactic modifying `⊢`. Try `simp?` and use the suggested `simp only [...]`. Alternatively, use `suffices` to explicitly state the simplified form.

Note: This linter can be disabled with `set_option linter.flexible false`
info: ArkLib/OracleReduction/Execution.lean:589:2: Try this:
  [apply] simp only [ChallengeIdx, Challenge, Fin.isValue, Message, Fin.succ_zero_eq_one, liftComp_eq_liftM,
    Nat.reduceAdd, Fin.coe_ofNat_eq_mod, Nat.reduceMod, take_Type, bind_pure_comp]
info: ArkLib/OracleReduction/Execution.lean:593:4: `contradiction`
modifies the current goal, which was modified by the flexible tactic `simp` on line 589!
warning: ArkLib/OracleReduction/Execution.lean:589:2: `simp [Prover.runToRound, Prover.processRound]` is a flexible tactic modifying `⊢`. Try `simp?` and use the suggested `simp only [...]`. Alternatively, use `suffices` to explicitly state the simplified form.

Note: This linter can be disabled with `set_option linter.flexible false`
info: ArkLib/OracleReduction/Execution.lean:589:2: Try this:
  [apply] simp only [ChallengeIdx, Challenge, Fin.isValue, Message, Fin.succ_zero_eq_one, liftComp_eq_liftM,
    Nat.reduceAdd, Fin.coe_ofNat_eq_mod, Nat.reduceMod, take_Type, bind_pure_comp]
info: ArkLib/OracleReduction/Execution.lean:595:4: `funext a`
modifies the current goal, which was modified by the flexible tactic `simp` on line 589!
warning: ArkLib/OracleReduction/Execution.lean:589:2: `simp [Prover.runToRound, Prover.processRound]` is a flexible tactic modifying `⊢`. Try `simp?` and use the suggested `simp only [...]`. Alternatively, use `suffices` to explicitly state the simplified form.

Note: This linter can be disabled with `set_option linter.flexible false`
info: ArkLib/OracleReduction/Execution.lean:589:2: Try this:
  [apply] simp only [ChallengeIdx, Challenge, Fin.isValue, Message, Fin.succ_zero_eq_one, liftComp_eq_liftM,
    Nat.reduceAdd, Fin.coe_ofNat_eq_mod, Nat.reduceMod, take_Type, bind_pure_comp]
info: ArkLib/OracleReduction/Execution.lean:597:4: `funext i`
modifies the current goal, which was modified by the flexible tactic `simp` on line 589!
warning: ArkLib/OracleReduction/Execution.lean:589:2: `simp [Prover.runToRound, Prover.processRound]` is a flexible tactic modifying `⊢`. Try `simp?` and use the suggested `simp only [...]`. Alternatively, use `suffices` to explicitly state the simplified form.

Note: This linter can be disabled with `set_option linter.flexible false`
info: ArkLib/OracleReduction/Execution.lean:589:2: Try this:
  [apply] simp only [ChallengeIdx, Challenge, Fin.isValue, Message, Fin.succ_zero_eq_one, liftComp_eq_liftM,
    Nat.reduceAdd, Fin.coe_ofNat_eq_mod, Nat.reduceMod, take_Type, bind_pure_comp]
info: ArkLib/OracleReduction/Execution.lean:600:4: `exact Transcript.concat_last a.1 (default : pSpec.Transcript 0)`
modifies the current goal, which was modified by the flexible tactic `simp` on line 589!
warning: ArkLib/OracleReduction/Execution.lean:610:2: `simp [Prover.runToRound, Prover.processRound]` is a flexible tactic modifying `⊢`. Try `simp?` and use the suggested `simp only [...]`. Alternatively, use `suffices` to explicitly state the simplified form.

Note: This linter can be disabled with `set_option linter.flexible false`
info: ArkLib/OracleReduction/Execution.lean:610:2: Try this:
  [apply] simp only [ChallengeIdx, Challenge, Fin.isValue, HasQuery.instOfMonadLift_query, Fin.succ_zero_eq_one,
    liftComp_eq_liftM, Nat.reduceAdd, Fin.coe_ofNat_eq_mod, Nat.reduceMod, take_Type, bind_pure_comp]
info: ArkLib/OracleReduction/Execution.lean:612:12: `rename_i hDir`
modifies the current goal, which was modified by the flexible tactic `simp` on line 610!
warning: ArkLib/OracleReduction/Execution.lean:610:2: `simp [Prover.runToRound, Prover.processRound]` is a flexible tactic modifying `⊢`. Try `simp?` and use the suggested `simp only [...]`. Alternatively, use `suffices` to explicitly state the simplified form.

Note: This linter can be disabled with `set_option linter.flexible false`
info: ArkLib/OracleReduction/Execution.lean:610:2: Try this:
  [apply] simp only [ChallengeIdx, Challenge, Fin.isValue, HasQuery.instOfMonadLift_query, Fin.succ_zero_eq_one,
    liftComp_eq_liftM, Nat.reduceAdd, Fin.coe_ofNat_eq_mod, Nat.reduceMod, take_Type, bind_pure_comp]
info: ArkLib/OracleReduction/Execution.lean:612:12: `rename_i hDir`
modifies the current goal, which was modified by the flexible tactic `simp` on line 610!
warning: ArkLib/OracleReduction/Execution.lean:610:2: `simp [Prover.runToRound, Prover.processRound]` is a flexible tactic modifying `⊢`. Try `simp?` and use the suggested `simp only [...]`. Alternatively, use `suffices` to explicitly state the simplified form.

Note: This linter can be disabled with `set_option linter.flexible false`
info: ArkLib/OracleReduction/Execution.lean:610:2: Try this:
  [apply] simp only [ChallengeIdx, Challenge, Fin.isValue, HasQuery.instOfMonadLift_query, Fin.succ_zero_eq_one,
    liftComp_eq_liftM, Nat.reduceAdd, Fin.coe_ofNat_eq_mod, Nat.reduceMod, take_Type, bind_pure_comp]
info: ArkLib/OracleReduction/Execution.lean:615:4: `funext challenge`
modifies the current goal, which was modified by the flexible tactic `simp` on line 610!
warning: ArkLib/OracleReduction/Execution.lean:610:2: `simp [Prover.runToRound, Prover.processRound]` is a flexible tactic modifying `⊢`. Try `simp?` and use the suggested `simp only [...]`. Alternatively, use `suffices` to explicitly state the simplified form.

Note: This linter can be disabled with `set_option linter.flexible false`
info: ArkLib/OracleReduction/Execution.lean:610:2: Try this:
  [apply] simp only [ChallengeIdx, Challenge, Fin.isValue, HasQuery.instOfMonadLift_query, Fin.succ_zero_eq_one,
    liftComp_eq_liftM, Nat.reduceAdd, Fin.coe_ofNat_eq_mod, Nat.reduceMod, take_Type, bind_pure_comp]
info: ArkLib/OracleReduction/Execution.lean:617:4: `funext f`
modifies the current goal, which was modified by the flexible tactic `simp` on line 610!
warning: ArkLib/OracleReduction/Execution.lean:610:2: `simp [Prover.runToRound, Prover.processRound]` is a flexible tactic modifying `⊢`. Try `simp?` and use the suggested `simp only [...]`. Alternatively, use `suffices` to explicitly state the simplified form.

Note: This linter can be disabled with `set_option linter.flexible false`
info: ArkLib/OracleReduction/Execution.lean:610:2: Try this:
  [apply] simp only [ChallengeIdx, Challenge, Fin.isValue, HasQuery.instOfMonadLift_query, Fin.succ_zero_eq_one,
    liftComp_eq_liftM, Nat.reduceAdd, Fin.coe_ofNat_eq_mod, Nat.reduceMod, take_Type, bind_pure_comp]
info: ArkLib/OracleReduction/Execution.lean:620:6: `funext i`
modifies the current goal, which was modified by the flexible tactic `simp` on line 610!
warning: ArkLib/OracleReduction/Execution.lean:610:2: `simp [Prover.runToRound, Prover.processRound]` is a flexible tactic modifying `⊢`. Try `simp?` and use the suggested `simp only [...]`. Alternatively, use `suffices` to explicitly state the simplified form.

Note: This linter can be disabled with `set_option linter.flexible false`
info: ArkLib/OracleReduction/Execution.lean:610:2: Try this:
  [apply] simp only [ChallengeIdx, Challenge, Fin.isValue, HasQuery.instOfMonadLift_query, Fin.succ_zero_eq_one,
    liftComp_eq_liftM, Nat.reduceAdd, Fin.coe_ofNat_eq_mod, Nat.reduceMod, take_Type, bind_pure_comp]
info: ArkLib/OracleReduction/Execution.lean:623:6: `exact Transcript.concat_last challenge (default : pSpec.Transcript 0)`
modifies the current goal, which was modified by the flexible tactic `simp` on line 610!
warning: ArkLib/OracleReduction/Execution.lean:610:2: `simp [Prover.runToRound, Prover.processRound]` is a flexible tactic modifying `⊢`. Try `simp?` and use the suggested `simp only [...]`. Alternatively, use `suffices` to explicitly state the simplified form.

Note: This linter can be disabled with `set_option linter.flexible false`
info: ArkLib/OracleReduction/Execution.lean:610:2: Try this:
  [apply] simp only [ChallengeIdx, Challenge, Fin.isValue, HasQuery.instOfMonadLift_query, Fin.succ_zero_eq_one,
    liftComp_eq_liftM, Nat.reduceAdd, Fin.coe_ofNat_eq_mod, Nat.reduceMod, take_Type, bind_pure_comp]
info: ArkLib/OracleReduction/Execution.lean:624:6: `trivial`
modifies the current goal, which was modified by the flexible tactic `simp` on line 610!
warning: ArkLib/OracleReduction/Execution.lean:610:2: `simp [Prover.runToRound, Prover.processRound]` is a flexible tactic modifying `⊢`. Try `simp?` and use the suggested `simp only [...]`. Alternatively, use `suffices` to explicitly state the simplified form.

Note: This linter can be disabled with `set_option linter.flexible false`
info: ArkLib/OracleReduction/Execution.lean:610:2: Try this:
  [apply] simp only [ChallengeIdx, Challenge, Fin.isValue, HasQuery.instOfMonadLift_query, Fin.succ_zero_eq_one,
    liftComp_eq_liftM, Nat.reduceAdd, Fin.coe_ofNat_eq_mod, Nat.reduceMod, take_Type, bind_pure_comp]
info: ArkLib/OracleReduction/Execution.lean:627:4: `contradiction`
modifies the current goal, which was modified by the flexible tactic `simp` on line 610!
⚠ [3758/3898] Replayed ArkLib.OracleReduction.Security.Basic
info: ArkLib/OracleReduction/Security/Basic.lean:126:2: Try these:
  [apply] [grind
    .] for pattern: [@completeness #18 #17 #16 #15 #14 #13 #12 #11 #10 #9 #8 #7 #6 #5 #4 #2, @LE.le `[ℝ≥0] `[NNReal.instPartialOrder.toLE] #3 #2]
  [apply] [grind
    →] for pattern: [@LE.le `[ℝ≥0] `[NNReal.instPartialOrder.toLE] #3 #2, @completeness #18 #17 #16 #15 #14 #13 #12 #11 #10 #9 #8 #7 #6 #5 #4 #3]
  [apply] [grind
    <=] for pattern: [@completeness #18 #17 #16 #15 #14 #13 #12 #11 #10 #9 #8 #7 #6 #5 #4 #2, @completeness _ _ _ _ _ _ #12 #11 _ _ #8 #7 #6 #5 #4 #3]
info: ArkLib/OracleReduction/Security/Basic.lean:139:8: Try these:
  [apply] [grind
    .] for pattern: [@completeness #18 #17 #16 #15 #14 #13 #12 #11 #10 #9 #8 #7 #2 #5 #4 #3, @LE.le _ _ #2 #6]
  [apply] [grind
    →] for pattern: [@LE.le _ _ #2 #6, @completeness #18 #17 #16 #15 #14 #13 #12 #11 #10 #9 #8 #7 #6 #5 #4 #3]
  [apply] [grind
    <=] for pattern: [@completeness #18 #17 #16 #15 #14 #13 #12 #11 #10 #9 #8 #7 #2 #5 #4 #3, @completeness _ _ _ _ _ _ #12 #11 _ _ #8 #7 #6 #5 #4 #3]
warning: ArkLib/OracleReduction/Security/Basic.lean:152:0: Please, write a comment here or remove this line, but do not place empty lines within commands!
Context:
     ↓
  ⏎-/⏎⏎theorem completeness_relOut_mono {ε : ℝ≥0} {relOut' : Set (StmtOut × WitOut)}⏎

Note: This linter can be disabled with `set_option linter.style.emptyLine false`
warning: ArkLib/OracleReduction/Security/Basic.lean:532:15: please avoid 'open (scoped) Classical' statements: this can hide theorem statements which would be better stated with explicit decidability statements.
Instead, use `open Classical in` for definitions or instances, the `classical` tactic for proofs.
For theorem statements, either add missing decidability assumptions or use `open Classical in`.

Note: This linter can be disabled with `set_option linter.style.openClassical false`
warning: ArkLib/OracleReduction/Security/Basic.lean:560:21: please avoid 'open (scoped) Classical' statements: this can hide theorem statements which would be better stated with explicit decidability statements.
Instead, use `open Classical in` for definitions or instances, the `classical` tactic for proofs.
For theorem statements, either add missing decidability assumptions or use `open Classical in`.

Note: This linter can be disabled with `set_option linter.style.openClassical false`
warning: ArkLib/OracleReduction/Security/Basic.lean:641:4: `simp [map_pure, support_pure] at hx` is a flexible tactic modifying `hx`. Try `simp?` and use the suggested `simp only [...]`. Alternatively, use `suffices` to explicitly state the simplified form.

Note: This linter can be disabled with `set_option linter.flexible false`
info: ArkLib/OracleReduction/Security/Basic.lean:642:4: `cases hx`
uses `hx`, which was modified by the flexible tactic `simp` on line 641!
warning: ArkLib/OracleReduction/Security/Basic.lean:641:4: `simp [map_pure, support_pure] at hx` is a flexible tactic modifying `hx`. Try `simp?` and use the suggested `simp only [...]`. Alternatively, use `suffices` to explicitly state the simplified form.

Note: This linter can be disabled with `set_option linter.flexible false`
info: ArkLib/OracleReduction/Security/Basic.lean:643:4: `exact ⟨hIn, rfl⟩`
uses `hx`, which was modified by the flexible tactic `simp` on line 641!
⚠ [3772/3898] Replayed ArkLib.OracleReduction.Composition.Sequential.Append
warning: ArkLib/OracleReduction/Composition/Sequential/Append.lean:589:4: declaration uses `sorry`
warning: ArkLib/OracleReduction/Composition/Sequential/Append.lean:619:4: declaration uses `sorry`
warning: ArkLib/OracleReduction/Composition/Sequential/Append.lean:703:8: declaration uses `sorry`
warning: ArkLib/OracleReduction/Composition/Sequential/Append.lean:804:8: declaration uses `sorry`
warning: ArkLib/OracleReduction/Composition/Sequential/Append.lean:846:8: declaration uses `sorry`
warning: ArkLib/OracleReduction/Composition/Sequential/Append.lean:857:8: declaration uses `sorry`
warning: ArkLib/OracleReduction/Composition/Sequential/Append.lean:870:8: declaration uses `sorry`
warning: ArkLib/OracleReduction/Composition/Sequential/Append.lean:885:8: declaration uses `sorry`
⚠ [3774/3898] Replayed ArkLib.OracleReduction.Security.CoordinateWiseSpecialSoundness.SingleRound
warning: ArkLib/OracleReduction/Security/CoordinateWiseSpecialSoundness/SingleRound.lean:208:2: `simp [Fin.snoc]` is a flexible tactic modifying `⊢`. Try `simp?` and use the suggested `simp only [...]`. Alternatively, use `suffices` to explicitly state the simplified form.

Note: This linter can be disabled with `set_option linter.flexible false`
info: ArkLib/OracleReduction/Security/CoordinateWiseSpecialSoundness/SingleRound.lean:208:2: Try this:
  [apply] simp only [Fin.vcons_fin_zero, Nat.reduceAdd, Fin.isValue, Fin.coe_ofNat_eq_mod, Nat.reduceMod,
    Fin.succ_one_eq_two, take_Type, Nat.zero_mod, Fin.succ_zero_eq_one]
info: ArkLib/OracleReduction/Security/CoordinateWiseSpecialSoundness/SingleRound.lean:209:2: `exact eq_of_heq (cast_heq _ _)`
modifies the current goal, which was modified by the flexible tactic `simp` on line 208!
warning: ArkLib/OracleReduction/Security/CoordinateWiseSpecialSoundness/SingleRound.lean:218:2: `simp [Fin.snoc]` is a flexible tactic modifying `⊢`. Try `simp?` and use the suggested `simp only [...]`. Alternatively, use `suffices` to explicitly state the simplified form.

Note: This linter can be disabled with `set_option linter.flexible false`
info: ArkLib/OracleReduction/Security/CoordinateWiseSpecialSoundness/SingleRound.lean:218:2: Try this:
  [apply] simp only [Fin.vcons_fin_zero, Nat.reduceAdd, Fin.isValue, Fin.coe_ofNat_eq_mod, Nat.reduceMod,
    Fin.succ_one_eq_two, take_Type, Nat.zero_mod, Fin.succ_zero_eq_one]
info: ArkLib/OracleReduction/Security/CoordinateWiseSpecialSoundness/SingleRound.lean:219:2: `exact eq_of_heq ((cast_heq _ _).trans (cast_heq _ _))`
modifies the current goal, which was modified by the flexible tactic `simp` on line 218!
⚠ [3781/3898] Replayed ArkLib.OracleReduction.Composition.Sequential.General
warning: ArkLib/OracleReduction/Composition/Sequential/General.lean:445:8: declaration uses `sorry`
warning: ArkLib/OracleReduction/Composition/Sequential/General.lean:477:8: declaration uses `sorry`
⚠ [3802/3898] Replayed ArkLib.Commitments.Functional.Hachi.Commitment
warning: ArkLib/Commitments/Functional/Hachi/Commitment.lean:136:4: declaration uses `sorry`
⚠ [3806/3898] Replayed ArkLib.OracleReduction.Security.CoordinateWiseSpecialSoundness.ScalarRound
warning: ArkLib/OracleReduction/Security/CoordinateWiseSpecialSoundness/ScalarRound.lean:239:2: `simp [Fin.snoc]` is a flexible tactic modifying `⊢`. Try `simp?` and use the suggested `simp only [...]`. Alternatively, use `suffices` to explicitly state the simplified form.

Note: This linter can be disabled with `set_option linter.flexible false`
info: ArkLib/OracleReduction/Security/CoordinateWiseSpecialSoundness/ScalarRound.lean:239:2: Try this:
  [apply] simp only [Fin.vcons_fin_zero, Nat.reduceAdd, Fin.isValue, Fin.coe_ofNat_eq_mod, Nat.reduceMod,
    Fin.succ_one_eq_two, take_Type, Nat.zero_mod, Fin.succ_zero_eq_one]
info: ArkLib/OracleReduction/Security/CoordinateWiseSpecialSoundness/ScalarRound.lean:240:2: `exact eq_of_heq (cast_heq _ _)`
modifies the current goal, which was modified by the flexible tactic `simp` on line 239!
warning: ArkLib/OracleReduction/Security/CoordinateWiseSpecialSoundness/ScalarRound.lean:249:2: `simp [Fin.snoc]` is a flexible tactic modifying `⊢`. Try `simp?` and use the suggested `simp only [...]`. Alternatively, use `suffices` to explicitly state the simplified form.

Note: This linter can be disabled with `set_option linter.flexible false`
info: ArkLib/OracleReduction/Security/CoordinateWiseSpecialSoundness/ScalarRound.lean:249:2: Try this:
  [apply] simp only [Fin.vcons_fin_zero, Nat.reduceAdd, Fin.isValue, Fin.coe_ofNat_eq_mod, Nat.reduceMod,
    Fin.succ_one_eq_two, take_Type, Nat.zero_mod, Fin.succ_zero_eq_one]
info: ArkLib/OracleReduction/Security/CoordinateWiseSpecialSoundness/ScalarRound.lean:250:2: `exact eq_of_heq ((cast_heq _ _).trans (cast_heq _ _))`
modifies the current goal, which was modified by the flexible tactic `simp` on line 249!
⚠ [3815/3898] Replayed ArkLib.Data.MvPolynomial.Interpolation
warning: ArkLib/Data/MvPolynomial/Interpolation.lean:247:14: declaration uses `sorry`
⚠ [3839/3898] Replayed ArkLib.Commitments.Functional.Hachi.ZeroCheck.Reduction
warning: ArkLib/Commitments/Functional/Hachi/ZeroCheck/Reduction.lean:295:8: `simp [Transcript.concat, Fin.snoc, jm]` is a flexible tactic modifying `⊢`. Try `simp?` and use the suggested `simp only [...]`. Alternatively, use `suffices` to explicitly state the simplified form.

Note: This linter can be disabled with `set_option linter.flexible false`
info: ArkLib/Commitments/Functional/Hachi/ZeroCheck/Reduction.lean:295:8: Try this:
  [apply] simp only [Fin.val_succ, Fin.eta]
info: ArkLib/Commitments/Functional/Hachi/ZeroCheck/Reduction.lean:296:8: `exact eq_of_heq (cast_heq _ _).symm`
modifies the current goal, which was modified by the flexible tactic `simp` on line 295!
⚠ [3845/3898] Replayed ArkLib.Commitments.Functional.Hachi.Sumcheck.Completeness
warning: ArkLib/Commitments/Functional/Hachi/Sumcheck/Completeness.lean:174:0: `roundReduction_verifier` does not use the following hypothesis in its type:
  • [DecidableEq F] (#13)

Consider removing this hypothesis and using `classical` in the proof instead. For terms, consider using `open scoped Classical in` at the term level (not the command level).

Note: This linter can be disabled with `set_option linter.unusedDecidableInType false`
warning: ArkLib/Commitments/Functional/Hachi/Sumcheck/Completeness.lean:369:0: `roundsReduction_verifier` does not use the following hypothesis in its type:
  • [DecidableEq F] (#13)

Consider removing this hypothesis and using `classical` in the proof instead. For terms, consider using `open scoped Classical in` at the term level (not the command level).

Note: This linter can be disabled with `set_option linter.unusedDecidableInType false`
✔ [3854/3898] Built Generated (179s)
✔ [3855/3898] Built GoldArith (9.6s)
✔ [3856/3898] Built NttArith (9.0s)
✔ [3857/3898] Built Field (15s)
✔ [3858/3898] Built NttCRT (7.3s)
✔ [3859/3898] Built NttStage (11s)
✔ [3860/3898] Built Ext (14s)
✔ [3861/3898] Built GoldStage (12s)
✔ [3862/3898] Built NttTransform (14s)
✔ [3863/3898] Built NttProduct (6.1s)
✔ [3864/3898] Built Ring (15s)
✔ [3865/3898] Built GoldFusedStage (41s)
⚠ [3866/3898] Built RingFused (52s)
warning: lean/RingFused.lean:616:60: Variable name `hk` is not explicitly referenced.

Hint: The binding can be removed (if unused) or named `_` (if used implicitly). Alternatively, prefix the name with `_` to silence this warning:
  [apply] _hk

Note: This linter can be disabled with `set_option linter.unusedVariables false`
warning: lean/RingFused.lean:820:10: This simp argument is unused:
  ZMod.natCast_self

Hint: Omit it from the simp argument list.
  [apply] simp

Note: This linter can be disabled with `set_option linter.unusedSimpArgs false`
warning: lean/RingFused.lean:1801:5: Variable name `han` is not explicitly referenced.

Hint: The binding can be removed (if unused) or named `_` (if used implicitly). Alternatively, prefix the name with `_` to silence this warning:
  [apply] _han

Note: This linter can be disabled with `set_option linter.unusedVariables false`
warning: lean/RingFused.lean:2302:10: This simp argument is unused:
  ZMod.natCast_self

Hint: Omit it from the simp argument list.
  [apply] simp

Note: This linter can be disabled with `set_option linter.unusedSimpArgs false`
warning: lean/RingFused.lean:2341:10: This simp argument is unused:
  ZMod.natCast_self

Hint: Omit it from the simp argument list.
  [apply] simp

Note: This linter can be disabled with `set_option linter.unusedSimpArgs false`
warning: lean/RingFused.lean:2527:5: Variable name `han` is not explicitly referenced.

Hint: The binding can be removed (if unused) or named `_` (if used implicitly). Alternatively, prefix the name with `_` to silence this warning:
  [apply] _han

Note: This linter can be disabled with `set_option linter.unusedVariables false`
✔ [3867/3898] Built GoldTransform (35s)
⚠ [3868/3898] Built RingShort (80s)
warning: lean/RingShort.lean:1341:4: try 'simp' instead of 'simpa'

Note: This linter can be disabled with `set_option linter.unnecessarySimpa false`
✔ [3869/3898] Built OptRingShort (2.8s)
⚠ [3870/3898] Built GoldFusedBoundary (289s)
warning: lean/GoldFusedBoundary.lean:779:24: Unused tactic linter: `scalar_tac` does nothing

Note: This linter can be disabled with `set_option linter.unusedTactic false`
warning: lean/GoldFusedBoundary.lean:783:24: Unused tactic linter: `scalar_tac` does nothing

Note: This linter can be disabled with `set_option linter.unusedTactic false`
warning: lean/GoldFusedBoundary.lean:779:24: this tactic is never executed

Note: This linter can be disabled with `set_option linter.unreachableTactic false`
warning: lean/GoldFusedBoundary.lean:783:24: this tactic is never executed

Note: This linter can be disabled with `set_option linter.unreachableTactic false`
warning: lean/GoldFusedBoundary.lean:1085:24: Unused tactic linter: `scalar_tac` does nothing

Note: This linter can be disabled with `set_option linter.unusedTactic false`
warning: lean/GoldFusedBoundary.lean:1085:24: this tactic is never executed

Note: This linter can be disabled with `set_option linter.unreachableTactic false`
⚠ [3871/3898] Built GoldDot (12s)
warning: lean/GoldDot.lean:334:5: Variable name `hpc` is not explicitly referenced.

Hint: The binding can be removed (if unused) or named `_` (if used implicitly). Alternatively, prefix the name with `_` to silence this warning:
  [apply] _hpc

Note: This linter can be disabled with `set_option linter.unusedVariables false`
warning: lean/GoldDot.lean:646:5: Variable name `han` is not explicitly referenced.

Hint: The binding can be removed (if unused) or named `_` (if used implicitly). Alternatively, prefix the name with `_` to silence this warning:
  [apply] _han

Note: This linter can be disabled with `set_option linter.unusedVariables false`
⚠ [3872/3898] Built RingTwoLane (11s)
warning: lean/RingTwoLane.lean:235:10: try 'simp' instead of 'simpa'

Note: This linter can be disabled with `set_option linter.unnecessarySimpa false`
warning: lean/RingTwoLane.lean:291:5: Variable name `hboff` is not explicitly referenced.

Hint: The binding can be removed (if unused) or named `_` (if used implicitly). Alternatively, prefix the name with `_` to silence this warning:
  [apply] _hboff

Note: This linter can be disabled with `set_option linter.unusedVariables false`
warning: lean/RingTwoLane.lean:564:5: Variable name `han` is not explicitly referenced.

Hint: The binding can be removed (if unused) or named `_` (if used implicitly). Alternatively, prefix the name with `_` to silence this warning:
  [apply] _han

Note: This linter can be disabled with `set_option linter.unusedVariables false`
✔ [3873/3898] Built RqBridge (12s)
⚠ [3874/3898] Built RingLimb (12s)
warning: lean/RingLimb.lean:41:30: Variable name `hd` is not explicitly referenced.

Hint: The binding can be removed (if unused) or named `_` (if used implicitly). Alternatively, prefix the name with `_` to silence this warning:
  [apply] _hd

Note: This linter can be disabled with `set_option linter.unusedVariables false`
warning: lean/RingLimb.lean:478:5: Variable name `hawf` is not explicitly referenced.

Hint: The binding can be removed (if unused) or named `_` (if used implicitly). Alternatively, prefix the name with `_` to silence this warning:
  [apply] _hawf

Note: This linter can be disabled with `set_option linter.unusedVariables false`
warning: lean/RingLimb.lean:715:33: This simp argument is unused:
  UScalar.max

Hint: Omit it from the simp argument list.
  [apply] simp only [Std.U128.max, Std.U128.numBits]

Note: This linter can be disabled with `set_option linter.unusedSimpArgs false`
✔ [3875/3898] Built Scheme (37s)
✔ [3876/3898] Built SchemeTwoLane (14s)
✔ [3877/3898] Built SchemeLimb (15s)
✔ [3878/3898] Built Raw32 (20s)
⚠ [3879/3898] Built EvalSplit (30s)
warning: lean/EvalSplit.lean:56:17: Could not generate mvcgen spec for HachiEquiv.RqBridge.mul_spec: (kernel) constant has already been declared 'HachiEquiv.RqBridge.mul_spec.mvcgen_spec'
warning: lean/EvalSplit.lean:56:17: Could not generate mvcgen spec for HachiEquiv.RqBridge.sub_spec: (kernel) constant has already been declared 'HachiEquiv.RqBridge.sub_spec.mvcgen_spec'
warning: lean/EvalSplit.lean:56:17: Could not generate mvcgen spec for HachiEquiv.RqBridge.one_spec: (kernel) constant has already been declared 'HachiEquiv.RqBridge.one_spec.mvcgen_spec'
warning: lean/EvalSplit.lean:56:17: Could not generate mvcgen spec for HachiEquiv.RqBridge.copy_spec: (kernel) constant has already been declared 'HachiEquiv.RqBridge.copy_spec.mvcgen_spec'
✔ [3880/3898] Built OptEvalSplit (4.7s)
✔ [3881/3898] Built Balanced (47s)
⚠ [3882/3898] Built QuadEval (13s)
warning: lean/QuadEval.lean:417:35: Variable name `hmax` is not explicitly referenced.

Hint: The binding can be removed (if unused) or named `_` (if used implicitly). Alternatively, prefix the name with `_` to silence this warning:
  [apply] _hmax

Note: This linter can be disabled with `set_option linter.unusedVariables false`
warning: lean/QuadEval.lean:468:51: Variable name `hmax` is not explicitly referenced.

Hint: The binding can be removed (if unused) or named `_` (if used implicitly). Alternatively, prefix the name with `_` to silence this warning:
  [apply] _hmax

Note: This linter can be disabled with `set_option linter.unusedVariables false`
warning: lean/QuadEval.lean:484:55: Variable name `hmax` is not explicitly referenced.

Hint: The binding can be removed (if unused) or named `_` (if used implicitly). Alternatively, prefix the name with `_` to silence this warning:
  [apply] _hmax

Note: This linter can be disabled with `set_option linter.unusedVariables false`
⚠ [3883/3898] Built RingSwitch (21s)
warning: lean/RingSwitch.lean:879:50: Variable name `hrho` is not explicitly referenced.

Hint: The binding can be removed (if unused) or named `_` (if used implicitly). Alternatively, prefix the name with `_` to silence this warning:
  [apply] _hrho

Note: This linter can be disabled with `set_option linter.unusedVariables false`
⚠ [3884/3898] Built QuadEvalProtocol (29s)
warning: lean/QuadEvalProtocol.lean:367:5: Variable name `ha` is not explicitly referenced.

Hint: The binding can be removed (if unused) or named `_` (if used implicitly). Alternatively, prefix the name with `_` to silence this warning:
  [apply] _ha

Note: This linter can be disabled with `set_option linter.unusedVariables false`
✖ [3885/3898] Building ZeroCheck (42s)
trace: .> LEAN_PATH=/home/alh/vrust/AeneasArklib/hachi/.lake/packages/cslib/.lake/build/lib/lean:/home/alh/vrust/AeneasArklib/hachi/.lake/packages/batteries/.lake/build/lib/lean:/home/alh/vrust/AeneasArklib/hachi/.lake/packages/Qq/.lake/build/lib/lean:/home/alh/vrust/AeneasArklib/hachi/.lake/packages/aesop/.lake/build/lib/lean:/home/alh/vrust/AeneasArklib/hachi/.lake/packages/proofwidgets/.lake/build/lib/lean:/home/alh/vrust/AeneasArklib/hachi/.lake/packages/importGraph/.lake/build/lib/lean:/home/alh/vrust/AeneasArklib/hachi/.lake/packages/LeanSearchClient/.lake/build/lib/lean:/home/alh/vrust/AeneasArklib/hachi/.lake/packages/plausible/.lake/build/lib/lean:/home/alh/vrust/AeneasArklib/hachi/.lake/packages/loom2/.lake/build/lib/lean:/home/alh/vrust/AeneasArklib/hachi/.lake/packages/PolyFun/.lake/build/lib/lean:/home/alh/vrust/AeneasArklib/hachi/.lake/packages/MD4Lean/.lake/build/lib/lean:/home/alh/vrust/AeneasArklib/hachi/.lake/packages/BibtexQuery/.lake/build/lib/lean:/home/alh/vrust/AeneasArklib/hachi/.lake/packages/UnicodeBasic/.lake/build/lib/lean:/home/alh/vrust/AeneasArklib/hachi/.lake/packages/Cli/.lake/build/lib/lean:/home/alh/vrust/AeneasArklib/hachi/.lake/packages/leansqlite/.lake/build/lib/lean:/home/alh/vrust/AeneasArklib/hachi/.lake/packages/mathlib/.lake/build/lib/lean:/home/alh/vrust/AeneasArklib/hachi/.lake/packages/VCVio/.lake/build/lib/lean:/home/alh/vrust/AeneasArklib/hachi/.lake/packages/doc-gen4/.lake/build/lib/lean:/home/alh/vrust/AeneasArklib/hachi/.lake/packages/checkdecls/.lake/build/lib/lean:/home/alh/vrust/AeneasArklib/hachi/.lake/packages/CompPoly/.lake/build/lib/lean:/home/alh/vrust/AeneasArklib/hachi/.lake/packages/aeneas/backends/lean/.lake/build/lib/lean:/home/alh/vrust/AeneasArklib/hachi/.lake/packages/Arklib/.lake/build/lib/lean:/tmp/aeneasarklib-current-candidate/hachi/.lake/build/lib/lean /home/alh/.elan/toolchains/leanprover--lean4---v4.33.1/bin/lean /tmp/aeneasarklib-current-candidate/hachi/lean/ZeroCheck.lean -o /tmp/aeneasarklib-current-candidate/hachi/.lake/build/lib/lean/ZeroCheck.olean -i /tmp/aeneasarklib-current-candidate/hachi/.lake/build/lib/lean/ZeroCheck.ilean -c /tmp/aeneasarklib-current-candidate/hachi/.lake/build/ir/ZeroCheck.c --setup /tmp/aeneasarklib-current-candidate/hachi/.lake/build/ir/ZeroCheck.setup.json --json
error: lean/ZeroCheck.lean:683:54: Tactic `decide` failed for proposition
  ↑params.RING_LOG_DEGREE = 10
because its `Decidable` instance
  instDecidableEqNat (↑params.RING_LOG_DEGREE) 10
did not reduce to `isTrue` or `isFalse`.

After unfolding the instances `instDecidableEqNat` and `Nat.decEq`, reduction got stuck at the `Decidable` instance
  match h : (↑params.RING_LOG_DEGREE).beq 10 with
  | true => isTrue ⋯
  | false => isFalse ⋯
warning: lean/ZeroCheck.lean:3600:35: Variable name `m₁` is not explicitly referenced.

Hint: The binding can be removed (if unused) or named `_` (if used implicitly). Alternatively, prefix the name with `_` to silence this warning:
  [apply] _m₁

Note: This linter can be disabled with `set_option linter.unusedVariables false`
error: Lean exited with code 1
Some required targets logged failures:
- ZeroCheck
error: build failed
make: *** [Makefile:244: build] Error 1
