==> genesis intact: 478 frozen item(s) verified against git
==> candidate slot null: 13 module(s) byte-identical to hachi/src, lib.rs+Cargo.toml git-pinned, no extras, no symlinks
==> coverage: 156 mirrored item(s), 82 benched, 74 excluded by name, 0 UNACCOUNTED FOR  (+9 non-mirrored item(s) benched as well)
==> coverage: 156 mirrored item(s), 82 benched, 74 excluded by name, 0 UNACCOUNTED FOR  (+9 non-mirrored item(s) benched as well)
    excluded  chain::chain_open  ->  evaluation
    excluded  chain::chain_verify  ->  evaluation
    excluded  commit::Decomp  ->  InnerOuter.Decomp
    excluded  commit::Opening  ->  InnerOuter.Opening
    excluded  commit::PublicParams  ->  InnerOuter.PublicParams
    excluded  commit::centered_abs  ->  zmodCenteredView
    excluded  commit::commit  ->  InnerOuter.commitmentScheme.commit
    excluded  commit::commit_balanced  ->  InnerOuter.commitmentScheme.commit
    excluded  commit::commit_with_decomps  ->  InnerOuter.commitWithDecomps
    excluded  commit::derived_message  ->  InnerOuter.derivedMessage
    bench     commit::generate_decomps  ->  InnerOuter.generateDecomps
    excluded  commit::generate_decomps_balanced  ->  InnerOuter.generateDecomps
    bench     commit::l1_norm  ->  Rq.l1Norm
    bench     commit::l2_norm_sq  ->  Rq.l2NormSq
    bench     commit::l_infty_norm  ->  Rq.lInftyNorm
    bench     commit::vec_l2_norm_sq  ->  vecL2NormSq
    bench     commit::vec_l_infty_norm  ->  vecLInftyNorm
    excluded  commit::verify  ->  InnerOuter.commitmentScheme.verify
    excluded  commit::verify_weak  ->  InnerOuter.verify_weak
    excluded  endpiece::WEvalStatement  ->  WEvalStatement
    bench     endpiece::end_piece_check  ->  endPieceCheck
    excluded  endpiece::end_piece_prove  ->  endPieceProver
    excluded  endpiece::end_piece_witness  ->  endPieceWitness
    bench     endpiece::lift_short_check  ->  liftShortCheck
    bench     endpiece::rho_digits_short_check  ->  rhoDigitsShortCheck
    excluded  evalsplit::MlEvals  ->  CMlPolynomialEval
    excluded  evalsplit::MlEvals::eval_split_eval  ->  Hachi.evalSplitEval
    excluded  evalsplit::MlEvals::to_matrix_eval  ->  Hachi.toMatrixEval
    excluded  evalsplit::MlPoly  ->  CMlPolynomial
    excluded  evalsplit::MlPoly::eval_split  ->  Hachi.evalSplit
    excluded  evalsplit::MlPoly::to_matrix  ->  Hachi.toMatrix
    bench     evalsplit::lagrange_basis  ->  CMlPolynomialEval.lagrangeBasis
    bench     evalsplit::monomial_basis  ->  CMlPolynomial.monomialBasis
    excluded  evalsplit::split_equiv  ->  splitEquiv
    excluded  evalsplit::split_equiv_inv  ->  splitEquiv.symm
    excluded  evalsplit::to_polynomial  ->  Hachi.toPolynomial
    bench     gadget::balanced_digit_at  ->  balancedZmodDigitDecomposition.digit
    bench     gadget::balanced_digit_decompose  ->  balancedZmodDigitDecomposition.digit
    bench     gadget::balanced_gadget_decompose  ->  gadgetDecompose
    bench     gadget::bounded_z_digit_at  ->  boundedBalancedZmodDigit
    bench     gadget::bounded_z_gadget_decompose  ->  BoundedDigitDecomposition.gadgetDecompose
    bench     gadget::digit_at  ->  zmodDigitDecomposition.digit
    bench     gadget::digit_decompose  ->  zmodDigitDecomposition.digit
    bench     gadget::gadget_decompose  ->  gadgetDecompose
    bench     gadget::gadget_entry  ->  gadgetEntry
    bench     gadget::gadget_matrix  ->  gadgetMatrix
    bench     gadget::gadget_mul  ->  gadgetMul
    bench     gadget::gadget_mul_z  ->  gadgetMul
    bench     gadget::gadget_transpose_mul  ->  gadgetMatrix
    excluded  linalg::PolyMatrix  ->  PolyMatrix
    bench     linalg::PolyMatrix::mat_vec_mul  ->  matVecMul
    bench     linalg::PolyMatrix::split_form  ->  splitForm
    excluded  linalg::PolyVec  ->  PolyVec
    bench     linalg::PolyVec::add  ->  Pi
    bench     linalg::PolyVec::dot  ->  dot
    bench     linalg::PolyVec::scalar_mul  ->  scalarVecMul
    bench     linalg::PolyVec::sub  ->  Pi
    bench     linalg::flatten_blocks  ->  PolyVec.flattenBlocks
    excluded  quadeval::PolyEvalStatement  ->  PolyEvalStatement
    excluded  quadeval::PublicParamsD  ->  Hachi.PublicParamsD
    excluded  quadeval::QuadEvalResponse  ->  QuadEvalResponse
    excluded  quadeval::QuadEvalStatement  ->  QuadEvalStatement
    excluded  quadeval::carrier  ->  carrier
    excluded  quadeval::carrier_commit  ->  carrierCommit
    excluded  quadeval::carrier_decomp  ->  carrierDecomp
    bench     quadeval::carrier_entry  ->  carrierEntry
    excluded  quadeval::honest_compute_resp  ->  honestComputeResp
    excluded  quadeval::honest_compute_v  ->  honestComputeV
    bench     quadeval::honest_z  ->  honestZ
    bench     quadeval::in_sb  ->  InSb
    excluded  quadeval::j_mul  ->  jMatrix
    excluded  quadeval::paper_rel_out  ->  paperRelOut
    excluded  quadeval::rel_out  ->  relOut
    excluded  quadeval::rlin_cols  ->  rlinCols
    excluded  quadeval::rlin_ct  ->  rlinCT
    excluded  quadeval::rlin_cw  ->  rlinCW
    excluded  quadeval::rlin_cz  ->  rlinCZ
    excluded  quadeval::rlin_rows  ->  rlinRows
    excluded  quadeval::rlin_stmt  ->  rlinStmt
    excluded  quadeval::stack  ->  stack
    bench     quadeval::tensor_g  ->  tensorG
    bench     quadeval::tensor_g1  ->  tensorG1
    bench     quadeval::tensor_g_matrix  ->  tensorGMatrix
    excluded  quadeval::to_quad_eval_statement  ->  toQuadEvalStatement
    excluded  quadeval::unflatten  ->  unflatten
    excluded  quadeval::unstack  ->  unstack
    bench     quadeval::vec_in_sb  ->  vecInSb
    excluded  ring::Rq  ->  CyclotomicModulus.Rq
    bench     ring::Rq::add  ->  Add
    excluded  ring::Rq::coeff  ->  Rq.coeffHom
    bench     ring::Rq::constant  ->  Rq.constRq
    bench     ring::Rq::from_coeffs  ->  Rq.ofFinCoeff
    bench     ring::Rq::mul  ->  Mul
    bench     ring::Rq::neg  ->  Neg
    bench     ring::Rq::one  ->  One
    bench     ring::Rq::scalar_mul  ->  Rq.constRq
    bench     ring::Rq::sub  ->  Sub
    bench     ring::Rq::zero  ->  Zero
    excluded  ringswitch::LiftedWitness  ->  LiftedWitness
    excluded  ringswitch::QuotientRow  ->  Lift.LiftedWitness.ρ
    bench     ringswitch::QuotientRow::to_rq  ->  rhoAsRq
    excluded  ringswitch::RlinStatement  ->  RlinStatement
    bench     ringswitch::c_eval_at  ->  cEvalAt
    bench     ringswitch::c_eval_at_modulus  ->  cEvalAt
    bench     ringswitch::c_quotient  ->  cQuotient
    bench     ringswitch::c_row_sum  ->  cRowSum
    excluded  ringswitch::div_by_modulus  ->  CPolynomial.divByMonic
    bench     ringswitch::honest_lift_witness  ->  honestLiftWitnessC
    bench     ringswitch::lift_commit  ->  hachiLiftCom
    bench     ringswitch::lift_message  ->  liftMessage
    excluded  ringswitch::long_mul  ->  CPolynomial.Raw.mul
    bench     ringswitch::rho_digit_as_rq  ->  rhoDigitAsRq
    bench     ringswitch::rho_digits  ->  rhoDigits
    excluded  ringswitch::rho_digits_at  ->  rhoDigits
    excluded  sumcheck::NestedZeroCheckStmt  ->  NestedZeroCheckStatement
    excluded  sumcheck::RoundMsg  ->  RoundMsg
    excluded  sumcheck::RoundStatement  ->  NestedRoundStatement
    bench     sumcheck::alpha_public_table  ->  alphaPublicEvals
    excluded  sumcheck::eq_free_factor  ->  cEqualityPolynomial
    bench     sumcheck::eq_prefix  ->  cEqualityPolynomial
    bench     sumcheck::eq_suffix_table  ->  lagrangeBasis
    bench     sumcheck::final_check  ->  finalCheck
    bench     sumcheck::honest_compute_g  ->  honestComputeG
    excluded  sumcheck::honest_compute_y  ->  honestComputeY
    bench     sumcheck::honest_round_messages  ->  roundProver
    bench     sumcheck::interpolate  ->  CPolynomial.interpolateArray
    excluded  sumcheck::nested_to_round_statement  ->  nestedToRoundStatement
    excluded  sumcheck::poly_mul  ->  CPolynomial.Raw.mul
    bench     sumcheck::round_check  ->  roundCheck
    excluded  sumcheck::round_loop  ->  roundsReductionAux
    excluded  sumcheck::round_node  ->  CPolynomial.pointNode
    bench     sumcheck::round_out  ->  roundOut
    bench     sumcheck::round_poly_alpha  ->  computableRoundPoly
    bench     sumcheck::round_poly_zero  ->  computableRoundPoly
    bench     sumcheck::round_value_alpha  ->  computableRoundPoly
    bench     sumcheck::round_value_zero  ->  computableRoundPoly
    bench     sumcheck::round_values_alpha  ->  computableRoundPoly
    bench     sumcheck::round_values_zero  ->  computableRoundPoly
    excluded  sumcheck::round_verify_loop  ->  roundVerifier
    excluded  zerocheck::alpha_contract  ->  alphaContract
    excluded  zerocheck::alpha_defect  ->  alphaDefect
    bench     zerocheck::alpha_public_evals  ->  alphaPublicEvals
    bench     zerocheck::alpha_tilde  ->  alphaTilde
    excluded  zerocheck::below_two_pow  ->  alphaPublicEvals
    bench     zerocheck::c_w_table_mle  ->  cWTableMle
    excluded  zerocheck::eq_weight  ->  CMlPolynomialEval.lagrangeBasis
    excluded  zerocheck::h_alpha  ->  hAlpha
    excluded  zerocheck::h_alpha_evals  ->  hAlphaEvals
    excluded  zerocheck::h_alpha_is_zero  ->  hAlpha_eq_zero_iff
    bench     zerocheck::h_zero  ->  hZero
    bench     zerocheck::h_zero_is_zero  ->  hZero_eq_zero_iff
    bench     zerocheck::m_alpha_tilde  ->  mAlphaTilde
    bench     zerocheck::range_product  ->  rangeProduct
    bench     zerocheck::w_table  ->  wTable
    bench     zerocheck::w_table_mle_eval  ->  wTableMleEval
    bench     zerocheck::zc_target_alpha  ->  zcTargetAlpha
==> spec coverage: 156 mirrored item(s), 156 stated, 0 OWED
    searched: Balanced.lean, Chain.lean, EndPiece.lean, EvalSplit.lean, Ext.lean, Field.lean, GoldArith.lean, GoldDot.lean, GoldFusedBoundary.lean, GoldFusedStage.lean, GoldStage.lean, GoldTransform.lean, LiftProver.lean, NttArith.lean, NttCRT.lean, NttMath.lean, NttProduct.lean, NttStage.lean, NttTransform.lean, Opt.lean, OptEvalSplit.lean, OptFold.lean, OptRingShort.lean, OptRingSwitch.lean, OptSumcheck.lean, OptZeroCheck.lean, QuadEval.lean, QuadEvalProtocol.lean, Raw32.lean, Ring.lean, RingFused.lean, RingLimb.lean, RingShort.lean, RingSwitch.lean, RingTwoLane.lean, Rlin.lean, RqBridge.lean, Scheme.lean, SchemeLimb.lean, SchemeTwoLane.lean, Sumcheck.lean, SumcheckShift.lean, ZeroCheck.lean
==> ledger-check: 90 rows valid, append-only intact against HEAD
